[2024-11-01T14:27:28.860+0000] {local_task_job_runner.py:123} INFO - ::group::Pre task execution logs
[2024-11-01T14:27:28.874+0000] {taskinstance.py:2612} INFO - Dependencies all met for dep_context=non-requeueable deps ti=<TaskInstance: stock_data_update.update_stock_data scheduled__2024-10-31T00:00:00+00:00 [queued]>
[2024-11-01T14:27:28.880+0000] {taskinstance.py:2612} INFO - Dependencies all met for dep_context=requeueable deps ti=<TaskInstance: stock_data_update.update_stock_data scheduled__2024-10-31T00:00:00+00:00 [queued]>
[2024-11-01T14:27:28.880+0000] {taskinstance.py:2865} INFO - Starting attempt 2 of 2
[2024-11-01T14:27:28.894+0000] {taskinstance.py:2888} INFO - Executing <Task(PythonOperator): update_stock_data> on 2024-10-31 00:00:00+00:00
[2024-11-01T14:27:28.902+0000] {warnings.py:112} WARNING - /home/***/.local/lib/python3.12/site-packages/***/task/task_runner/standard_task_runner.py:70: DeprecationWarning: This process (pid=141) is multi-threaded, use of fork() may lead to deadlocks in the child.
  pid = os.fork()

[2024-11-01T14:27:28.904+0000] {standard_task_runner.py:72} INFO - Started process 146 to run task
[2024-11-01T14:27:28.904+0000] {standard_task_runner.py:104} INFO - Running: ['***', 'tasks', 'run', 'stock_data_update', 'update_stock_data', 'scheduled__2024-10-31T00:00:00+00:00', '--job-id', '11', '--raw', '--subdir', 'DAGS_FOLDER/stock_data_crawler_dag.py', '--cfg-path', '/tmp/tmpb5_b_xyx']
[2024-11-01T14:27:28.905+0000] {standard_task_runner.py:105} INFO - Job 11: Subtask update_stock_data
[2024-11-01T14:27:28.938+0000] {task_command.py:467} INFO - Running <TaskInstance: stock_data_update.update_stock_data scheduled__2024-10-31T00:00:00+00:00 [running]> on host 98a00fad17fa
[2024-11-01T14:27:28.996+0000] {taskinstance.py:3131} INFO - Exporting env vars: AIRFLOW_CTX_DAG_OWNER='***' AIRFLOW_CTX_DAG_ID='stock_data_update' AIRFLOW_CTX_TASK_ID='update_stock_data' AIRFLOW_CTX_EXECUTION_DATE='2024-10-31T00:00:00+00:00' AIRFLOW_CTX_TRY_NUMBER='2' AIRFLOW_CTX_DAG_RUN_ID='scheduled__2024-10-31T00:00:00+00:00'
[2024-11-01T14:27:28.997+0000] {logging_mixin.py:190} INFO - Task instance is in running state
[2024-11-01T14:27:28.997+0000] {logging_mixin.py:190} INFO -  Previous state of the Task instance: queued
[2024-11-01T14:27:28.997+0000] {logging_mixin.py:190} INFO - Current task name:update_stock_data state:running start_date:2024-11-01 14:27:28.874399+00:00
[2024-11-01T14:27:28.997+0000] {logging_mixin.py:190} INFO - Dag name:stock_data_update and current dag run status:running
[2024-11-01T14:27:28.997+0000] {taskinstance.py:731} INFO - ::endgroup::
[2024-11-01T14:27:28.998+0000] {taskinstance.py:3310} ERROR - Task failed with exception
Traceback (most recent call last):
  File "/home/airflow/.local/lib/python3.12/site-packages/airflow/models/taskinstance.py", line 767, in _execute_task
    result = _execute_callable(context=context, **execute_callable_kwargs)
             ^^^^^^^^^^^^^^^^^^^^^^^^^^^^^^^^^^^^^^^^^^^^^^^^^^^^^^^^^^^^^
  File "/home/airflow/.local/lib/python3.12/site-packages/airflow/models/taskinstance.py", line 733, in _execute_callable
    return ExecutionCallableRunner(
           ^^^^^^^^^^^^^^^^^^^^^^^^
  File "/home/airflow/.local/lib/python3.12/site-packages/airflow/utils/operator_helpers.py", line 252, in run
    return self.func(*args, **kwargs)
           ^^^^^^^^^^^^^^^^^^^^^^^^^^
  File "/home/airflow/.local/lib/python3.12/site-packages/airflow/models/baseoperator.py", line 406, in wrapper
    return func(self, *args, **kwargs)
           ^^^^^^^^^^^^^^^^^^^^^^^^^^^
  File "/home/airflow/.local/lib/python3.12/site-packages/airflow/operators/python.py", line 238, in execute
    return_value = self.execute_callable()
                   ^^^^^^^^^^^^^^^^^^^^^^^
  File "/home/airflow/.local/lib/python3.12/site-packages/airflow/operators/python.py", line 256, in execute_callable
    return runner.run(*self.op_args, **self.op_kwargs)
           ^^^^^^^^^^^^^^^^^^^^^^^^^^^^^^^^^^^^^^^^^^^
  File "/home/airflow/.local/lib/python3.12/site-packages/airflow/utils/operator_helpers.py", line 252, in run
    return self.func(*args, **kwargs)
           ^^^^^^^^^^^^^^^^^^^^^^^^^^
  File "/opt/airflow/dags/stock_data_crawler_dag.py", line 152, in run_update_database
    update_database(ticker_list, from_date, to_date, conn_str)
TypeError: update_database() takes 3 positional arguments but 4 were given
[2024-11-01T14:27:29.005+0000] {logging_mixin.py:190} INFO - Task instance in failure state
[2024-11-01T14:27:29.006+0000] {logging_mixin.py:190} INFO - Task start:2024-11-01 14:27:28.874399+00:00 end:2024-11-01 14:27:29.005611+00:00 duration:0.131212
[2024-11-01T14:27:29.006+0000] {logging_mixin.py:190} INFO - Task:<Task(PythonOperator): update_stock_data> dag:<DAG: stock_data_update> dagrun:<DagRun stock_data_update @ 2024-10-31 00:00:00+00:00: scheduled__2024-10-31T00:00:00+00:00, state:running, queued_at: 2024-11-01 14:20:38.704648+00:00. externally triggered: False>
[2024-11-01T14:27:29.006+0000] {logging_mixin.py:190} INFO - Failure caused by update_database() takes 3 positional arguments but 4 were given
[2024-11-01T14:27:29.006+0000] {taskinstance.py:1225} INFO - Marking task as FAILED. dag_id=stock_data_update, task_id=update_stock_data, run_id=scheduled__2024-10-31T00:00:00+00:00, execution_date=20241031T000000, start_date=20241101T142728, end_date=20241101T142729
[2024-11-01T14:27:29.016+0000] {taskinstance.py:340} INFO - ::group::Post task execution logs
[2024-11-01T14:27:29.016+0000] {standard_task_runner.py:124} ERROR - Failed to execute job 11 for task update_stock_data (update_database() takes 3 positional arguments but 4 were given; 146)
Traceback (most recent call last):
  File "/home/airflow/.local/lib/python3.12/site-packages/airflow/task/task_runner/standard_task_runner.py", line 117, in _start_by_fork
    ret = args.func(args, dag=self.dag)
          ^^^^^^^^^^^^^^^^^^^^^^^^^^^^^
  File "/home/airflow/.local/lib/python3.12/site-packages/airflow/cli/cli_config.py", line 49, in command
    return func(*args, **kwargs)
           ^^^^^^^^^^^^^^^^^^^^^
  File "/home/airflow/.local/lib/python3.12/site-packages/airflow/utils/cli.py", line 115, in wrapper
    return f(*args, **kwargs)
           ^^^^^^^^^^^^^^^^^^
  File "/home/airflow/.local/lib/python3.12/site-packages/airflow/cli/commands/task_command.py", line 483, in task_run
    task_return_code = _run_task_by_selected_method(args, _dag, ti)
                       ^^^^^^^^^^^^^^^^^^^^^^^^^^^^^^^^^^^^^^^^^^^^
  File "/home/airflow/.local/lib/python3.12/site-packages/airflow/cli/commands/task_command.py", line 256, in _run_task_by_selected_method
    return _run_raw_task(args, ti)
           ^^^^^^^^^^^^^^^^^^^^^^^
  File "/home/airflow/.local/lib/python3.12/site-packages/airflow/cli/commands/task_command.py", line 341, in _run_raw_task
    return ti._run_raw_task(
           ^^^^^^^^^^^^^^^^^
  File "/home/airflow/.local/lib/python3.12/site-packages/airflow/utils/session.py", line 97, in wrapper
    return func(*args, session=session, **kwargs)
           ^^^^^^^^^^^^^^^^^^^^^^^^^^^^^^^^^^^^^^
  File "/home/airflow/.local/lib/python3.12/site-packages/airflow/models/taskinstance.py", line 3004, in _run_raw_task
    return _run_raw_task(
           ^^^^^^^^^^^^^^
  File "/home/airflow/.local/lib/python3.12/site-packages/airflow/models/taskinstance.py", line 273, in _run_raw_task
    TaskInstance._execute_task_with_callbacks(
  File "/home/airflow/.local/lib/python3.12/site-packages/airflow/models/taskinstance.py", line 3158, in _execute_task_with_callbacks
    result = self._execute_task(context, task_orig)
             ^^^^^^^^^^^^^^^^^^^^^^^^^^^^^^^^^^^^^^
  File "/home/airflow/.local/lib/python3.12/site-packages/airflow/models/taskinstance.py", line 3182, in _execute_task
    return _execute_task(self, context, task_orig)
           ^^^^^^^^^^^^^^^^^^^^^^^^^^^^^^^^^^^^^^^
  File "/home/airflow/.local/lib/python3.12/site-packages/airflow/models/taskinstance.py", line 767, in _execute_task
    result = _execute_callable(context=context, **execute_callable_kwargs)
             ^^^^^^^^^^^^^^^^^^^^^^^^^^^^^^^^^^^^^^^^^^^^^^^^^^^^^^^^^^^^^
  File "/home/airflow/.local/lib/python3.12/site-packages/airflow/models/taskinstance.py", line 733, in _execute_callable
    return ExecutionCallableRunner(
           ^^^^^^^^^^^^^^^^^^^^^^^^
  File "/home/airflow/.local/lib/python3.12/site-packages/airflow/utils/operator_helpers.py", line 252, in run
    return self.func(*args, **kwargs)
           ^^^^^^^^^^^^^^^^^^^^^^^^^^
  File "/home/airflow/.local/lib/python3.12/site-packages/airflow/models/baseoperator.py", line 406, in wrapper
    return func(self, *args, **kwargs)
           ^^^^^^^^^^^^^^^^^^^^^^^^^^^
  File "/home/airflow/.local/lib/python3.12/site-packages/airflow/operators/python.py", line 238, in execute
    return_value = self.execute_callable()
                   ^^^^^^^^^^^^^^^^^^^^^^^
  File "/home/airflow/.local/lib/python3.12/site-packages/airflow/operators/python.py", line 256, in execute_callable
    return runner.run(*self.op_args, **self.op_kwargs)
           ^^^^^^^^^^^^^^^^^^^^^^^^^^^^^^^^^^^^^^^^^^^
  File "/home/airflow/.local/lib/python3.12/site-packages/airflow/utils/operator_helpers.py", line 252, in run
    return self.func(*args, **kwargs)
           ^^^^^^^^^^^^^^^^^^^^^^^^^^
  File "/opt/airflow/dags/stock_data_crawler_dag.py", line 152, in run_update_database
    update_database(ticker_list, from_date, to_date, conn_str)
TypeError: update_database() takes 3 positional arguments but 4 were given
[2024-11-01T14:27:29.038+0000] {local_task_job_runner.py:266} INFO - Task exited with return code 1
[2024-11-01T14:27:29.050+0000] {taskinstance.py:3900} INFO - 0 downstream tasks scheduled from follow-on schedule check
[2024-11-01T14:27:29.054+0000] {local_task_job_runner.py:245} INFO - ::endgroup::
