[2024-11-01T15:27:46.716+0000] {local_task_job_runner.py:123} INFO - ::group::Pre task execution logs
[2024-11-01T15:27:46.727+0000] {taskinstance.py:2612} INFO - Dependencies all met for dep_context=non-requeueable deps ti=<TaskInstance: vietstock_article_crawler.vietstock_article_crawler manual__2024-11-01T15:27:44.392322+00:00 [queued]>
[2024-11-01T15:27:46.732+0000] {taskinstance.py:2612} INFO - Dependencies all met for dep_context=requeueable deps ti=<TaskInstance: vietstock_article_crawler.vietstock_article_crawler manual__2024-11-01T15:27:44.392322+00:00 [queued]>
[2024-11-01T15:27:46.732+0000] {taskinstance.py:2865} INFO - Starting attempt 1 of 2
[2024-11-01T15:27:46.742+0000] {taskinstance.py:2888} INFO - Executing <Task(PythonOperator): vietstock_article_crawler> on 2024-11-01 15:27:44.392322+00:00
[2024-11-01T15:27:46.748+0000] {warnings.py:112} WARNING - /home/***/.local/lib/python3.12/site-packages/***/task/task_runner/standard_task_runner.py:70: DeprecationWarning: This process (pid=386) is multi-threaded, use of fork() may lead to deadlocks in the child.
  pid = os.fork()

[2024-11-01T15:27:46.749+0000] {standard_task_runner.py:72} INFO - Started process 389 to run task
[2024-11-01T15:27:46.750+0000] {standard_task_runner.py:104} INFO - Running: ['***', 'tasks', 'run', 'vietstock_article_crawler', 'vietstock_article_crawler', 'manual__2024-11-01T15:27:44.392322+00:00', '--job-id', '18', '--raw', '--subdir', 'DAGS_FOLDER/vietstock crawler_dag.py', '--cfg-path', '/tmp/tmp0nflzsb2']
[2024-11-01T15:27:46.750+0000] {standard_task_runner.py:105} INFO - Job 18: Subtask vietstock_article_crawler
[2024-11-01T15:27:46.782+0000] {task_command.py:467} INFO - Running <TaskInstance: vietstock_article_crawler.vietstock_article_crawler manual__2024-11-01T15:27:44.392322+00:00 [running]> on host 8c0e8cc84a27
[2024-11-01T15:27:46.832+0000] {taskinstance.py:3131} INFO - Exporting env vars: AIRFLOW_CTX_DAG_OWNER='***' AIRFLOW_CTX_DAG_ID='vietstock_article_crawler' AIRFLOW_CTX_TASK_ID='vietstock_article_crawler' AIRFLOW_CTX_EXECUTION_DATE='2024-11-01T15:27:44.392322+00:00' AIRFLOW_CTX_TRY_NUMBER='1' AIRFLOW_CTX_DAG_RUN_ID='manual__2024-11-01T15:27:44.392322+00:00'
[2024-11-01T15:27:46.833+0000] {logging_mixin.py:190} INFO - Task instance is in running state
[2024-11-01T15:27:46.833+0000] {logging_mixin.py:190} INFO -  Previous state of the Task instance: queued
[2024-11-01T15:27:46.833+0000] {logging_mixin.py:190} INFO - Current task name:vietstock_article_crawler state:running start_date:2024-11-01 15:27:46.727660+00:00
[2024-11-01T15:27:46.834+0000] {logging_mixin.py:190} INFO - Dag name:vietstock_article_crawler and current dag run status:running
[2024-11-01T15:27:46.834+0000] {taskinstance.py:731} INFO - ::endgroup::
[2024-11-01T15:27:47.692+0000] {logging_mixin.py:190} INFO - Intitial amount of articles: 1007
[2024-11-01T15:28:18.788+0000] {selenium_manager.py:138} WARNING - Cache folder (/home/***/.cache/selenium) cannot be created: Permission denied (os error 13)
[2024-11-01T15:28:18.789+0000] {selenium_manager.py:138} WARNING - Cache folder (/home/***/.cache/selenium) cannot be created: Permission denied (os error 13)
[2024-11-01T15:28:18.789+0000] {selenium_manager.py:138} WARNING - Cache folder (/home/***/.cache/selenium) cannot be created: Permission denied (os error 13)
[2024-11-01T15:28:18.789+0000] {selenium_manager.py:138} WARNING - Cache folder (/home/***/.cache/selenium) cannot be created: Permission denied (os error 13)
[2024-11-01T15:28:18.789+0000] {selenium_manager.py:138} WARNING - Cache folder (/home/***/.cache/selenium) cannot be created: Permission denied (os error 13)
[2024-11-01T15:28:18.789+0000] {selenium_manager.py:138} WARNING - Cache folder (/home/***/.cache/selenium) cannot be created: Permission denied (os error 13)
[2024-11-01T15:28:18.790+0000] {selenium_manager.py:138} WARNING - Cache folder (/home/***/.cache/selenium) cannot be created: Permission denied (os error 13)
[2024-11-01T15:28:18.801+0000] {vietstock crawler_dag.py:60} ERROR - Error while scraping URLs: Message: Service chromedriver/linux64/130.0.6723.91/chromedriver unexpectedly exited. Status code was: 127

[2024-11-01T15:28:19.567+0000] {selenium_manager.py:138} WARNING - Cache folder (/home/***/.cache/selenium) cannot be created: Permission denied (os error 13)
[2024-11-01T15:28:19.568+0000] {selenium_manager.py:138} WARNING - Cache folder (/home/***/.cache/selenium) cannot be created: Permission denied (os error 13)
[2024-11-01T15:28:19.568+0000] {selenium_manager.py:138} WARNING - Cache folder (/home/***/.cache/selenium) cannot be created: Permission denied (os error 13)
[2024-11-01T15:28:19.568+0000] {selenium_manager.py:138} WARNING - Cache folder (/home/***/.cache/selenium) cannot be created: Permission denied (os error 13)
[2024-11-01T15:28:19.568+0000] {selenium_manager.py:138} WARNING - Cache folder (/home/***/.cache/selenium) cannot be created: Permission denied (os error 13)
[2024-11-01T15:28:19.579+0000] {vietstock crawler_dag.py:89} ERROR - Error in article extraction process: Message: Service chromedriver/linux64/130.0.6723.91/chromedriver unexpectedly exited. Status code was: 127

[2024-11-01T15:28:19.749+0000] {vietstock crawler_dag.py:148} INFO - New articles to insert: 0
[2024-11-01T15:28:19.749+0000] {vietstock crawler_dag.py:161} INFO - No new articles to insert.
[2024-11-01T15:28:19.906+0000] {python.py:240} INFO - Done. Returned value was: None
[2024-11-01T15:28:19.913+0000] {taskinstance.py:340} INFO - ::group::Post task execution logs
[2024-11-01T15:28:19.914+0000] {taskinstance.py:352} INFO - Marking task as SUCCESS. dag_id=vietstock_article_crawler, task_id=vietstock_article_crawler, run_id=manual__2024-11-01T15:27:44.392322+00:00, execution_date=20241101T152744, start_date=20241101T152746, end_date=20241101T152819
[2024-11-01T15:28:19.922+0000] {logging_mixin.py:190} INFO - Task instance in success state
[2024-11-01T15:28:19.922+0000] {logging_mixin.py:190} INFO -  Previous state of the Task instance: running
[2024-11-01T15:28:19.923+0000] {logging_mixin.py:190} INFO - Dag name:vietstock_article_crawler queued_at:2024-11-01 15:27:44.413846+00:00
[2024-11-01T15:28:19.923+0000] {logging_mixin.py:190} INFO - Task hostname:8c0e8cc84a27 operator:PythonOperator
[2024-11-01T15:28:19.964+0000] {local_task_job_runner.py:266} INFO - Task exited with return code 0
[2024-11-01T15:28:19.974+0000] {taskinstance.py:3900} INFO - 0 downstream tasks scheduled from follow-on schedule check
[2024-11-01T15:28:19.976+0000] {local_task_job_runner.py:245} INFO - ::endgroup::
