[2024-11-16T04:35:43.814+0000] {local_task_job_runner.py:123} INFO - ::group::Pre task execution logs
[2024-11-16T04:35:43.828+0000] {taskinstance.py:2612} INFO - Dependencies all met for dep_context=non-requeueable deps ti=<TaskInstance: vietstock_article_crawler.vietstock_article_crawler scheduled__2024-11-15T00:00:00+00:00 [queued]>
[2024-11-16T04:35:43.835+0000] {taskinstance.py:2612} INFO - Dependencies all met for dep_context=requeueable deps ti=<TaskInstance: vietstock_article_crawler.vietstock_article_crawler scheduled__2024-11-15T00:00:00+00:00 [queued]>
[2024-11-16T04:35:43.835+0000] {taskinstance.py:2865} INFO - Starting attempt 1 of 2
[2024-11-16T04:35:43.848+0000] {taskinstance.py:2888} INFO - Executing <Task(PythonOperator): vietstock_article_crawler> on 2024-11-15 00:00:00+00:00
[2024-11-16T04:35:43.860+0000] {warnings.py:112} WARNING - /home/***/.local/lib/python3.12/site-packages/***/task/task_runner/standard_task_runner.py:70: DeprecationWarning: This process (pid=85) is multi-threaded, use of fork() may lead to deadlocks in the child.
  pid = os.fork()

[2024-11-16T04:35:43.862+0000] {standard_task_runner.py:72} INFO - Started process 88 to run task
[2024-11-16T04:35:43.863+0000] {standard_task_runner.py:104} INFO - Running: ['***', 'tasks', 'run', 'vietstock_article_crawler', 'vietstock_article_crawler', 'scheduled__2024-11-15T00:00:00+00:00', '--job-id', '45', '--raw', '--subdir', 'DAGS_FOLDER/vietstock crawler_dag.py', '--cfg-path', '/tmp/tmpcael9wvs']
[2024-11-16T04:35:43.864+0000] {standard_task_runner.py:105} INFO - Job 45: Subtask vietstock_article_crawler
[2024-11-16T04:35:43.933+0000] {task_command.py:467} INFO - Running <TaskInstance: vietstock_article_crawler.vietstock_article_crawler scheduled__2024-11-15T00:00:00+00:00 [running]> on host f1a56d333ec9
[2024-11-16T04:35:44.092+0000] {taskinstance.py:3131} INFO - Exporting env vars: AIRFLOW_CTX_DAG_OWNER='***' AIRFLOW_CTX_DAG_ID='vietstock_article_crawler' AIRFLOW_CTX_TASK_ID='vietstock_article_crawler' AIRFLOW_CTX_EXECUTION_DATE='2024-11-15T00:00:00+00:00' AIRFLOW_CTX_TRY_NUMBER='1' AIRFLOW_CTX_DAG_RUN_ID='scheduled__2024-11-15T00:00:00+00:00'
[2024-11-16T04:35:44.095+0000] {logging_mixin.py:190} INFO - Task instance is in running state
[2024-11-16T04:35:44.095+0000] {logging_mixin.py:190} INFO -  Previous state of the Task instance: queued
[2024-11-16T04:35:44.096+0000] {logging_mixin.py:190} INFO - Current task name:vietstock_article_crawler state:running start_date:2024-11-16 04:35:43.828998+00:00
[2024-11-16T04:35:44.096+0000] {logging_mixin.py:190} INFO - Dag name:vietstock_article_crawler and current dag run status:running
[2024-11-16T04:35:44.096+0000] {taskinstance.py:731} INFO - ::endgroup::
[2024-11-16T04:35:44.779+0000] {vietstock crawler_dag.py:169} ERROR - An error occurred in the main process: (psycopg2.OperationalError) connection to server at "dpg-cs87v7m8ii6s73c5m19g-a.singapore-postgres.render.com" (13.214.97.86), port 5432 failed: SSL connection has been closed unexpectedly

(Background on this error at: https://sqlalche.me/e/14/e3q8)
[2024-11-16T04:35:45.033+0000] {python.py:240} INFO - Done. Returned value was: None
[2024-11-16T04:35:45.056+0000] {taskinstance.py:340} INFO - ::group::Post task execution logs
[2024-11-16T04:35:45.058+0000] {taskinstance.py:352} INFO - Marking task as SUCCESS. dag_id=vietstock_article_crawler, task_id=vietstock_article_crawler, run_id=scheduled__2024-11-15T00:00:00+00:00, execution_date=20241115T000000, start_date=20241116T043543, end_date=20241116T043545
[2024-11-16T04:35:45.079+0000] {logging_mixin.py:190} INFO - Task instance in success state
[2024-11-16T04:35:45.080+0000] {logging_mixin.py:190} INFO -  Previous state of the Task instance: running
[2024-11-16T04:35:45.080+0000] {logging_mixin.py:190} INFO - Dag name:vietstock_article_crawler queued_at:2024-11-16 04:33:42.802504+00:00
[2024-11-16T04:35:45.080+0000] {logging_mixin.py:190} INFO - Task hostname:f1a56d333ec9 operator:PythonOperator
[2024-11-16T04:35:45.125+0000] {local_task_job_runner.py:266} INFO - Task exited with return code 0
[2024-11-16T04:35:45.146+0000] {taskinstance.py:3900} INFO - 0 downstream tasks scheduled from follow-on schedule check
[2024-11-16T04:35:45.151+0000] {local_task_job_runner.py:245} INFO - ::endgroup::
