[2024-11-14T07:08:24.088+0000] {processor.py:186} INFO - Started process (PID=89) to work on /home/airflow/.local/lib/python3.12/site-packages/airflow/example_dags/example_external_task_marker_dag.py
[2024-11-14T07:08:24.089+0000] {processor.py:914} INFO - Processing file /home/airflow/.local/lib/python3.12/site-packages/airflow/example_dags/example_external_task_marker_dag.py for tasks to queue
[2024-11-14T07:08:24.093+0000] {logging_mixin.py:190} INFO - [2024-11-14T07:08:24.092+0000] {dagbag.py:588} INFO - Filling up the DagBag from /home/airflow/.local/lib/python3.12/site-packages/airflow/example_dags/example_external_task_marker_dag.py
[2024-11-14T07:08:24.107+0000] {processor.py:925} INFO - DAG(s) 'example_external_task_marker_parent', 'example_external_task_marker_child' retrieved from /home/airflow/.local/lib/python3.12/site-packages/airflow/example_dags/example_external_task_marker_dag.py
[2024-11-14T07:08:24.148+0000] {logging_mixin.py:190} INFO - [2024-11-14T07:08:24.148+0000] {dag.py:3239} INFO - Sync 2 DAGs
[2024-11-14T07:08:24.192+0000] {logging_mixin.py:190} INFO - [2024-11-14T07:08:24.192+0000] {dag.py:4180} INFO - Setting next_dagrun for example_external_task_marker_child to None, run_after=None
[2024-11-14T07:08:24.212+0000] {logging_mixin.py:190} INFO - [2024-11-14T07:08:24.211+0000] {dag.py:4180} INFO - Setting next_dagrun for example_external_task_marker_parent to None, run_after=None
[2024-11-14T07:08:24.246+0000] {processor.py:208} INFO - Processing /home/airflow/.local/lib/python3.12/site-packages/airflow/example_dags/example_external_task_marker_dag.py took 0.169 seconds
[2024-11-14T07:12:09.011+0000] {processor.py:186} INFO - Started process (PID=192) to work on /home/airflow/.local/lib/python3.12/site-packages/airflow/example_dags/example_external_task_marker_dag.py
[2024-11-14T07:12:09.016+0000] {processor.py:914} INFO - Processing file /home/airflow/.local/lib/python3.12/site-packages/airflow/example_dags/example_external_task_marker_dag.py for tasks to queue
[2024-11-14T07:12:09.019+0000] {logging_mixin.py:190} INFO - [2024-11-14T07:12:09.018+0000] {dagbag.py:588} INFO - Filling up the DagBag from /home/airflow/.local/lib/python3.12/site-packages/airflow/example_dags/example_external_task_marker_dag.py
[2024-11-14T07:12:09.036+0000] {processor.py:925} INFO - DAG(s) 'example_external_task_marker_parent', 'example_external_task_marker_child' retrieved from /home/airflow/.local/lib/python3.12/site-packages/airflow/example_dags/example_external_task_marker_dag.py
[2024-11-14T07:12:09.091+0000] {logging_mixin.py:190} INFO - [2024-11-14T07:12:09.090+0000] {dag.py:3239} INFO - Sync 2 DAGs
[2024-11-14T07:12:09.119+0000] {logging_mixin.py:190} INFO - [2024-11-14T07:12:09.119+0000] {dag.py:4180} INFO - Setting next_dagrun for example_external_task_marker_child to None, run_after=None
[2024-11-14T07:12:09.129+0000] {logging_mixin.py:190} INFO - [2024-11-14T07:12:09.128+0000] {dag.py:4180} INFO - Setting next_dagrun for example_external_task_marker_parent to None, run_after=None
[2024-11-14T07:12:09.180+0000] {processor.py:208} INFO - Processing /home/airflow/.local/lib/python3.12/site-packages/airflow/example_dags/example_external_task_marker_dag.py took 0.179 seconds
[2024-11-14T07:17:14.084+0000] {processor.py:186} INFO - Started process (PID=57) to work on /home/airflow/.local/lib/python3.12/site-packages/airflow/example_dags/example_external_task_marker_dag.py
[2024-11-14T07:17:14.085+0000] {processor.py:914} INFO - Processing file /home/airflow/.local/lib/python3.12/site-packages/airflow/example_dags/example_external_task_marker_dag.py for tasks to queue
[2024-11-14T07:17:14.087+0000] {logging_mixin.py:190} INFO - [2024-11-14T07:17:14.087+0000] {dagbag.py:588} INFO - Filling up the DagBag from /home/airflow/.local/lib/python3.12/site-packages/airflow/example_dags/example_external_task_marker_dag.py
[2024-11-14T07:17:14.094+0000] {processor.py:925} INFO - DAG(s) 'example_external_task_marker_parent', 'example_external_task_marker_child' retrieved from /home/airflow/.local/lib/python3.12/site-packages/airflow/example_dags/example_external_task_marker_dag.py
[2024-11-14T07:17:14.116+0000] {logging_mixin.py:190} INFO - [2024-11-14T07:17:14.115+0000] {dag.py:3239} INFO - Sync 2 DAGs
[2024-11-14T07:17:14.135+0000] {logging_mixin.py:190} INFO - [2024-11-14T07:17:14.135+0000] {dag.py:4180} INFO - Setting next_dagrun for example_external_task_marker_child to None, run_after=None
[2024-11-14T07:17:14.141+0000] {logging_mixin.py:190} INFO - [2024-11-14T07:17:14.140+0000] {dag.py:4180} INFO - Setting next_dagrun for example_external_task_marker_parent to None, run_after=None
[2024-11-14T07:17:14.173+0000] {processor.py:208} INFO - Processing /home/airflow/.local/lib/python3.12/site-packages/airflow/example_dags/example_external_task_marker_dag.py took 0.094 seconds
[2024-11-14T07:17:44.472+0000] {processor.py:186} INFO - Started process (PID=127) to work on /home/airflow/.local/lib/python3.12/site-packages/airflow/example_dags/example_external_task_marker_dag.py
[2024-11-14T07:17:44.473+0000] {processor.py:914} INFO - Processing file /home/airflow/.local/lib/python3.12/site-packages/airflow/example_dags/example_external_task_marker_dag.py for tasks to queue
[2024-11-14T07:17:44.475+0000] {logging_mixin.py:190} INFO - [2024-11-14T07:17:44.474+0000] {dagbag.py:588} INFO - Filling up the DagBag from /home/airflow/.local/lib/python3.12/site-packages/airflow/example_dags/example_external_task_marker_dag.py
[2024-11-14T07:17:44.480+0000] {processor.py:925} INFO - DAG(s) 'example_external_task_marker_child', 'example_external_task_marker_parent' retrieved from /home/airflow/.local/lib/python3.12/site-packages/airflow/example_dags/example_external_task_marker_dag.py
[2024-11-14T07:17:44.498+0000] {logging_mixin.py:190} INFO - [2024-11-14T07:17:44.498+0000] {dag.py:3239} INFO - Sync 2 DAGs
[2024-11-14T07:17:44.513+0000] {logging_mixin.py:190} INFO - [2024-11-14T07:17:44.513+0000] {dag.py:4180} INFO - Setting next_dagrun for example_external_task_marker_child to None, run_after=None
[2024-11-14T07:17:44.518+0000] {logging_mixin.py:190} INFO - [2024-11-14T07:17:44.517+0000] {dag.py:4180} INFO - Setting next_dagrun for example_external_task_marker_parent to None, run_after=None
[2024-11-14T07:17:44.534+0000] {processor.py:208} INFO - Processing /home/airflow/.local/lib/python3.12/site-packages/airflow/example_dags/example_external_task_marker_dag.py took 0.066 seconds
