[2024-11-14T07:08:23.801+0000] {processor.py:186} INFO - Started process (PID=88) to work on /home/airflow/.local/lib/python3.12/site-packages/airflow/example_dags/example_latest_only.py
[2024-11-14T07:08:23.802+0000] {processor.py:914} INFO - Processing file /home/airflow/.local/lib/python3.12/site-packages/airflow/example_dags/example_latest_only.py for tasks to queue
[2024-11-14T07:08:23.805+0000] {logging_mixin.py:190} INFO - [2024-11-14T07:08:23.805+0000] {dagbag.py:588} INFO - Filling up the DagBag from /home/airflow/.local/lib/python3.12/site-packages/airflow/example_dags/example_latest_only.py
[2024-11-14T07:08:23.832+0000] {processor.py:925} INFO - DAG(s) 'latest_only' retrieved from /home/airflow/.local/lib/python3.12/site-packages/airflow/example_dags/example_latest_only.py
[2024-11-14T07:08:23.928+0000] {logging_mixin.py:190} INFO - [2024-11-14T07:08:23.928+0000] {dag.py:3239} INFO - Sync 1 DAGs
[2024-11-14T07:08:23.994+0000] {logging_mixin.py:190} INFO - [2024-11-14T07:08:23.994+0000] {dag.py:4180} INFO - Setting next_dagrun for latest_only to 2024-11-14 00:00:00+00:00, run_after=2024-11-14 04:00:00+00:00
[2024-11-14T07:08:24.027+0000] {processor.py:208} INFO - Processing /home/airflow/.local/lib/python3.12/site-packages/airflow/example_dags/example_latest_only.py took 0.235 seconds
[2024-11-14T07:12:08.855+0000] {processor.py:186} INFO - Started process (PID=191) to work on /home/airflow/.local/lib/python3.12/site-packages/airflow/example_dags/example_latest_only.py
[2024-11-14T07:12:08.856+0000] {processor.py:914} INFO - Processing file /home/airflow/.local/lib/python3.12/site-packages/airflow/example_dags/example_latest_only.py for tasks to queue
[2024-11-14T07:12:08.858+0000] {logging_mixin.py:190} INFO - [2024-11-14T07:12:08.858+0000] {dagbag.py:588} INFO - Filling up the DagBag from /home/airflow/.local/lib/python3.12/site-packages/airflow/example_dags/example_latest_only.py
[2024-11-14T07:12:08.876+0000] {processor.py:925} INFO - DAG(s) 'latest_only' retrieved from /home/airflow/.local/lib/python3.12/site-packages/airflow/example_dags/example_latest_only.py
[2024-11-14T07:12:08.910+0000] {logging_mixin.py:190} INFO - [2024-11-14T07:12:08.909+0000] {dag.py:3239} INFO - Sync 1 DAGs
[2024-11-14T07:12:08.971+0000] {logging_mixin.py:190} INFO - [2024-11-14T07:12:08.970+0000] {dag.py:4180} INFO - Setting next_dagrun for latest_only to 2024-11-14 00:00:00+00:00, run_after=2024-11-14 04:00:00+00:00
[2024-11-14T07:12:09.025+0000] {processor.py:208} INFO - Processing /home/airflow/.local/lib/python3.12/site-packages/airflow/example_dags/example_latest_only.py took 0.180 seconds
[2024-11-14T07:17:13.956+0000] {processor.py:186} INFO - Started process (PID=56) to work on /home/airflow/.local/lib/python3.12/site-packages/airflow/example_dags/example_latest_only.py
[2024-11-14T07:17:13.957+0000] {processor.py:914} INFO - Processing file /home/airflow/.local/lib/python3.12/site-packages/airflow/example_dags/example_latest_only.py for tasks to queue
[2024-11-14T07:17:13.959+0000] {logging_mixin.py:190} INFO - [2024-11-14T07:17:13.958+0000] {dagbag.py:588} INFO - Filling up the DagBag from /home/airflow/.local/lib/python3.12/site-packages/airflow/example_dags/example_latest_only.py
[2024-11-14T07:17:13.966+0000] {processor.py:925} INFO - DAG(s) 'latest_only' retrieved from /home/airflow/.local/lib/python3.12/site-packages/airflow/example_dags/example_latest_only.py
[2024-11-14T07:17:13.994+0000] {logging_mixin.py:190} INFO - [2024-11-14T07:17:13.994+0000] {dag.py:3239} INFO - Sync 1 DAGs
[2024-11-14T07:17:14.023+0000] {logging_mixin.py:190} INFO - [2024-11-14T07:17:14.022+0000] {dag.py:4180} INFO - Setting next_dagrun for latest_only to 2024-11-14 00:00:00+00:00, run_after=2024-11-14 04:00:00+00:00
[2024-11-14T07:17:14.049+0000] {processor.py:208} INFO - Processing /home/airflow/.local/lib/python3.12/site-packages/airflow/example_dags/example_latest_only.py took 0.100 seconds
[2024-11-14T07:17:44.440+0000] {processor.py:186} INFO - Started process (PID=126) to work on /home/airflow/.local/lib/python3.12/site-packages/airflow/example_dags/example_latest_only.py
[2024-11-14T07:17:44.441+0000] {processor.py:914} INFO - Processing file /home/airflow/.local/lib/python3.12/site-packages/airflow/example_dags/example_latest_only.py for tasks to queue
[2024-11-14T07:17:44.443+0000] {logging_mixin.py:190} INFO - [2024-11-14T07:17:44.443+0000] {dagbag.py:588} INFO - Filling up the DagBag from /home/airflow/.local/lib/python3.12/site-packages/airflow/example_dags/example_latest_only.py
[2024-11-14T07:17:44.450+0000] {processor.py:925} INFO - DAG(s) 'latest_only' retrieved from /home/airflow/.local/lib/python3.12/site-packages/airflow/example_dags/example_latest_only.py
[2024-11-14T07:17:44.465+0000] {logging_mixin.py:190} INFO - [2024-11-14T07:17:44.465+0000] {dag.py:3239} INFO - Sync 1 DAGs
[2024-11-14T07:17:44.483+0000] {logging_mixin.py:190} INFO - [2024-11-14T07:17:44.483+0000] {dag.py:4180} INFO - Setting next_dagrun for latest_only to 2024-11-14 00:00:00+00:00, run_after=2024-11-14 04:00:00+00:00
[2024-11-14T07:17:44.499+0000] {processor.py:208} INFO - Processing /home/airflow/.local/lib/python3.12/site-packages/airflow/example_dags/example_latest_only.py took 0.065 seconds
