[2024-11-14T07:12:07.880+0000] {processor.py:186} INFO - Started process (PID=181) to work on /home/airflow/.local/lib/python3.12/site-packages/airflow/example_dags/example_bash_decorator.py
[2024-11-14T07:12:07.881+0000] {processor.py:914} INFO - Processing file /home/airflow/.local/lib/python3.12/site-packages/airflow/example_dags/example_bash_decorator.py for tasks to queue
[2024-11-14T07:12:07.887+0000] {logging_mixin.py:190} INFO - [2024-11-14T07:12:07.882+0000] {dagbag.py:588} INFO - Filling up the DagBag from /home/airflow/.local/lib/python3.12/site-packages/airflow/example_dags/example_bash_decorator.py
[2024-11-14T07:12:07.911+0000] {processor.py:925} INFO - DAG(s) 'example_bash_decorator' retrieved from /home/airflow/.local/lib/python3.12/site-packages/airflow/example_dags/example_bash_decorator.py
[2024-11-14T07:12:08.114+0000] {logging_mixin.py:190} INFO - [2024-11-14T07:12:08.113+0000] {dag.py:3239} INFO - Sync 1 DAGs
[2024-11-14T07:12:08.134+0000] {logging_mixin.py:190} INFO - [2024-11-14T07:12:08.133+0000] {dag.py:4180} INFO - Setting next_dagrun for example_bash_decorator to None, run_after=None
[2024-11-14T07:12:08.172+0000] {processor.py:208} INFO - Processing /home/airflow/.local/lib/python3.12/site-packages/airflow/example_dags/example_bash_decorator.py took 0.300 seconds
[2024-11-14T07:17:18.600+0000] {processor.py:186} INFO - Started process (PID=115) to work on /home/airflow/.local/lib/python3.12/site-packages/airflow/example_dags/example_bash_decorator.py
[2024-11-14T07:17:18.601+0000] {processor.py:914} INFO - Processing file /home/airflow/.local/lib/python3.12/site-packages/airflow/example_dags/example_bash_decorator.py for tasks to queue
[2024-11-14T07:17:18.603+0000] {logging_mixin.py:190} INFO - [2024-11-14T07:17:18.603+0000] {dagbag.py:588} INFO - Filling up the DagBag from /home/airflow/.local/lib/python3.12/site-packages/airflow/example_dags/example_bash_decorator.py
[2024-11-14T07:17:18.616+0000] {processor.py:925} INFO - DAG(s) 'example_bash_decorator' retrieved from /home/airflow/.local/lib/python3.12/site-packages/airflow/example_dags/example_bash_decorator.py
[2024-11-14T07:17:18.770+0000] {logging_mixin.py:190} INFO - [2024-11-14T07:17:18.770+0000] {dag.py:3239} INFO - Sync 1 DAGs
[2024-11-14T07:17:18.789+0000] {logging_mixin.py:190} INFO - [2024-11-14T07:17:18.789+0000] {dag.py:4180} INFO - Setting next_dagrun for example_bash_decorator to None, run_after=None
[2024-11-14T07:17:18.811+0000] {processor.py:208} INFO - Processing /home/airflow/.local/lib/python3.12/site-packages/airflow/example_dags/example_bash_decorator.py took 0.216 seconds
[2024-11-14T07:17:49.629+0000] {processor.py:186} INFO - Started process (PID=182) to work on /home/airflow/.local/lib/python3.12/site-packages/airflow/example_dags/example_bash_decorator.py
[2024-11-14T07:17:49.630+0000] {processor.py:914} INFO - Processing file /home/airflow/.local/lib/python3.12/site-packages/airflow/example_dags/example_bash_decorator.py for tasks to queue
[2024-11-14T07:17:49.632+0000] {logging_mixin.py:190} INFO - [2024-11-14T07:17:49.632+0000] {dagbag.py:588} INFO - Filling up the DagBag from /home/airflow/.local/lib/python3.12/site-packages/airflow/example_dags/example_bash_decorator.py
[2024-11-14T07:17:49.646+0000] {processor.py:925} INFO - DAG(s) 'example_bash_decorator' retrieved from /home/airflow/.local/lib/python3.12/site-packages/airflow/example_dags/example_bash_decorator.py
[2024-11-14T07:17:49.667+0000] {logging_mixin.py:190} INFO - [2024-11-14T07:17:49.666+0000] {dag.py:3239} INFO - Sync 1 DAGs
[2024-11-14T07:17:49.682+0000] {logging_mixin.py:190} INFO - [2024-11-14T07:17:49.682+0000] {dag.py:4180} INFO - Setting next_dagrun for example_bash_decorator to None, run_after=None
[2024-11-14T07:17:49.703+0000] {processor.py:208} INFO - Processing /home/airflow/.local/lib/python3.12/site-packages/airflow/example_dags/example_bash_decorator.py took 0.080 seconds
