[2024-11-14T07:12:07.440+0000] {processor.py:186} INFO - Started process (PID=179) to work on /home/airflow/.local/lib/python3.12/site-packages/airflow/example_dags/example_task_group.py
[2024-11-14T07:12:07.441+0000] {processor.py:914} INFO - Processing file /home/airflow/.local/lib/python3.12/site-packages/airflow/example_dags/example_task_group.py for tasks to queue
[2024-11-14T07:12:07.443+0000] {logging_mixin.py:190} INFO - [2024-11-14T07:12:07.443+0000] {dagbag.py:588} INFO - Filling up the DagBag from /home/airflow/.local/lib/python3.12/site-packages/airflow/example_dags/example_task_group.py
[2024-11-14T07:12:07.462+0000] {processor.py:925} INFO - DAG(s) 'example_task_group' retrieved from /home/airflow/.local/lib/python3.12/site-packages/airflow/example_dags/example_task_group.py
[2024-11-14T07:12:07.545+0000] {logging_mixin.py:190} INFO - [2024-11-14T07:12:07.544+0000] {dag.py:3239} INFO - Sync 1 DAGs
[2024-11-14T07:12:07.571+0000] {logging_mixin.py:190} INFO - [2024-11-14T07:12:07.571+0000] {dag.py:4180} INFO - Setting next_dagrun for example_task_group to None, run_after=None
[2024-11-14T07:12:07.610+0000] {processor.py:208} INFO - Processing /home/airflow/.local/lib/python3.12/site-packages/airflow/example_dags/example_task_group.py took 0.186 seconds
[2024-11-14T07:17:18.423+0000] {processor.py:186} INFO - Started process (PID=113) to work on /home/airflow/.local/lib/python3.12/site-packages/airflow/example_dags/example_task_group.py
[2024-11-14T07:17:18.424+0000] {processor.py:914} INFO - Processing file /home/airflow/.local/lib/python3.12/site-packages/airflow/example_dags/example_task_group.py for tasks to queue
[2024-11-14T07:17:18.426+0000] {logging_mixin.py:190} INFO - [2024-11-14T07:17:18.425+0000] {dagbag.py:588} INFO - Filling up the DagBag from /home/airflow/.local/lib/python3.12/site-packages/airflow/example_dags/example_task_group.py
[2024-11-14T07:17:18.432+0000] {processor.py:925} INFO - DAG(s) 'example_task_group' retrieved from /home/airflow/.local/lib/python3.12/site-packages/airflow/example_dags/example_task_group.py
[2024-11-14T07:17:18.455+0000] {logging_mixin.py:190} INFO - [2024-11-14T07:17:18.455+0000] {dag.py:3239} INFO - Sync 1 DAGs
[2024-11-14T07:17:18.474+0000] {logging_mixin.py:190} INFO - [2024-11-14T07:17:18.473+0000] {dag.py:4180} INFO - Setting next_dagrun for example_task_group to None, run_after=None
[2024-11-14T07:17:18.501+0000] {processor.py:208} INFO - Processing /home/airflow/.local/lib/python3.12/site-packages/airflow/example_dags/example_task_group.py took 0.082 seconds
[2024-11-14T07:17:49.441+0000] {processor.py:186} INFO - Started process (PID=180) to work on /home/airflow/.local/lib/python3.12/site-packages/airflow/example_dags/example_task_group.py
[2024-11-14T07:17:49.441+0000] {processor.py:914} INFO - Processing file /home/airflow/.local/lib/python3.12/site-packages/airflow/example_dags/example_task_group.py for tasks to queue
[2024-11-14T07:17:49.443+0000] {logging_mixin.py:190} INFO - [2024-11-14T07:17:49.443+0000] {dagbag.py:588} INFO - Filling up the DagBag from /home/airflow/.local/lib/python3.12/site-packages/airflow/example_dags/example_task_group.py
[2024-11-14T07:17:49.451+0000] {processor.py:925} INFO - DAG(s) 'example_task_group' retrieved from /home/airflow/.local/lib/python3.12/site-packages/airflow/example_dags/example_task_group.py
[2024-11-14T07:17:49.472+0000] {logging_mixin.py:190} INFO - [2024-11-14T07:17:49.472+0000] {dag.py:3239} INFO - Sync 1 DAGs
[2024-11-14T07:17:49.484+0000] {logging_mixin.py:190} INFO - [2024-11-14T07:17:49.484+0000] {dag.py:4180} INFO - Setting next_dagrun for example_task_group to None, run_after=None
[2024-11-14T07:17:49.502+0000] {processor.py:208} INFO - Processing /home/airflow/.local/lib/python3.12/site-packages/airflow/example_dags/example_task_group.py took 0.065 seconds
