[2024-11-14T07:11:59.825+0000] {processor.py:186} INFO - Started process (PID=115) to work on /home/airflow/.local/lib/python3.12/site-packages/airflow/example_dags/example_dag_decorator.py
[2024-11-14T07:11:59.826+0000] {processor.py:914} INFO - Processing file /home/airflow/.local/lib/python3.12/site-packages/airflow/example_dags/example_dag_decorator.py for tasks to queue
[2024-11-14T07:11:59.844+0000] {logging_mixin.py:190} INFO - [2024-11-14T07:11:59.843+0000] {dagbag.py:588} INFO - Filling up the DagBag from /home/airflow/.local/lib/python3.12/site-packages/airflow/example_dags/example_dag_decorator.py
[2024-11-14T07:12:00.030+0000] {processor.py:925} INFO - DAG(s) 'example_dag_decorator' retrieved from /home/airflow/.local/lib/python3.12/site-packages/airflow/example_dags/example_dag_decorator.py
[2024-11-14T07:12:00.932+0000] {logging_mixin.py:190} INFO - [2024-11-14T07:12:00.931+0000] {dag.py:3239} INFO - Sync 1 DAGs
[2024-11-14T07:12:00.976+0000] {logging_mixin.py:190} INFO - [2024-11-14T07:12:00.975+0000] {dag.py:4180} INFO - Setting next_dagrun for example_dag_decorator to None, run_after=None
[2024-11-14T07:12:01.032+0000] {processor.py:208} INFO - Processing /home/airflow/.local/lib/python3.12/site-packages/airflow/example_dags/example_dag_decorator.py took 1.290 seconds
[2024-11-14T07:17:15.865+0000] {processor.py:186} INFO - Started process (PID=81) to work on /home/airflow/.local/lib/python3.12/site-packages/airflow/example_dags/example_dag_decorator.py
[2024-11-14T07:17:15.866+0000] {processor.py:914} INFO - Processing file /home/airflow/.local/lib/python3.12/site-packages/airflow/example_dags/example_dag_decorator.py for tasks to queue
[2024-11-14T07:17:15.870+0000] {logging_mixin.py:190} INFO - [2024-11-14T07:17:15.870+0000] {dagbag.py:588} INFO - Filling up the DagBag from /home/airflow/.local/lib/python3.12/site-packages/airflow/example_dags/example_dag_decorator.py
[2024-11-14T07:17:15.881+0000] {processor.py:925} INFO - DAG(s) 'example_dag_decorator' retrieved from /home/airflow/.local/lib/python3.12/site-packages/airflow/example_dags/example_dag_decorator.py
[2024-11-14T07:17:15.974+0000] {logging_mixin.py:190} INFO - [2024-11-14T07:17:15.974+0000] {dag.py:3239} INFO - Sync 1 DAGs
[2024-11-14T07:17:15.987+0000] {logging_mixin.py:190} INFO - [2024-11-14T07:17:15.986+0000] {dag.py:4180} INFO - Setting next_dagrun for example_dag_decorator to None, run_after=None
[2024-11-14T07:17:16.008+0000] {processor.py:208} INFO - Processing /home/airflow/.local/lib/python3.12/site-packages/airflow/example_dags/example_dag_decorator.py took 0.150 seconds
[2024-11-14T07:17:47.171+0000] {processor.py:186} INFO - Started process (PID=147) to work on /home/airflow/.local/lib/python3.12/site-packages/airflow/example_dags/example_dag_decorator.py
[2024-11-14T07:17:47.172+0000] {processor.py:914} INFO - Processing file /home/airflow/.local/lib/python3.12/site-packages/airflow/example_dags/example_dag_decorator.py for tasks to queue
[2024-11-14T07:17:47.173+0000] {logging_mixin.py:190} INFO - [2024-11-14T07:17:47.173+0000] {dagbag.py:588} INFO - Filling up the DagBag from /home/airflow/.local/lib/python3.12/site-packages/airflow/example_dags/example_dag_decorator.py
[2024-11-14T07:17:47.181+0000] {processor.py:925} INFO - DAG(s) 'example_dag_decorator' retrieved from /home/airflow/.local/lib/python3.12/site-packages/airflow/example_dags/example_dag_decorator.py
[2024-11-14T07:17:47.264+0000] {logging_mixin.py:190} INFO - [2024-11-14T07:17:47.264+0000] {dag.py:3239} INFO - Sync 1 DAGs
[2024-11-14T07:17:47.273+0000] {logging_mixin.py:190} INFO - [2024-11-14T07:17:47.273+0000] {dag.py:4180} INFO - Setting next_dagrun for example_dag_decorator to None, run_after=None
[2024-11-14T07:17:47.290+0000] {processor.py:208} INFO - Processing /home/airflow/.local/lib/python3.12/site-packages/airflow/example_dags/example_dag_decorator.py took 0.124 seconds
