[2024-11-14T07:12:06.661+0000] {processor.py:186} INFO - Started process (PID=174) to work on /home/airflow/.local/lib/python3.12/site-packages/airflow/example_dags/example_datasets.py
[2024-11-14T07:12:06.662+0000] {processor.py:914} INFO - Processing file /home/airflow/.local/lib/python3.12/site-packages/airflow/example_dags/example_datasets.py for tasks to queue
[2024-11-14T07:12:06.663+0000] {logging_mixin.py:190} INFO - [2024-11-14T07:12:06.663+0000] {dagbag.py:588} INFO - Filling up the DagBag from /home/airflow/.local/lib/python3.12/site-packages/airflow/example_dags/example_datasets.py
[2024-11-14T07:12:06.946+0000] {processor.py:925} INFO - DAG(s) 'conditional_dataset_and_time_based_timetable', 'consume_1_or_2_with_dataset_expressions', 'dataset_consumes_1', 'dataset_produces_2', 'dataset_produces_1', 'dataset_consumes_1_never_scheduled', 'consume_1_and_2_with_dataset_expressions', 'dataset_consumes_unknown_never_scheduled', 'dataset_consumes_1_and_2', 'consume_1_or_both_2_and_3_with_dataset_expressions' retrieved from /home/airflow/.local/lib/python3.12/site-packages/airflow/example_dags/example_datasets.py
[2024-11-14T07:12:07.050+0000] {logging_mixin.py:190} INFO - [2024-11-14T07:12:07.050+0000] {dag.py:3239} INFO - Sync 10 DAGs
[2024-11-14T07:12:07.105+0000] {logging_mixin.py:190} INFO - [2024-11-14T07:12:07.104+0000] {dag.py:4180} INFO - Setting next_dagrun for conditional_dataset_and_time_based_timetable to 2024-11-13 01:00:00+00:00, run_after=2024-11-13 01:00:00+00:00
[2024-11-14T07:12:07.124+0000] {logging_mixin.py:190} INFO - [2024-11-14T07:12:07.124+0000] {dag.py:4180} INFO - Setting next_dagrun for consume_1_and_2_with_dataset_expressions to None, run_after=None
[2024-11-14T07:12:07.127+0000] {logging_mixin.py:190} INFO - [2024-11-14T07:12:07.126+0000] {dag.py:4180} INFO - Setting next_dagrun for consume_1_or_2_with_dataset_expressions to None, run_after=None
[2024-11-14T07:12:07.129+0000] {logging_mixin.py:190} INFO - [2024-11-14T07:12:07.128+0000] {dag.py:4180} INFO - Setting next_dagrun for consume_1_or_both_2_and_3_with_dataset_expressions to None, run_after=None
[2024-11-14T07:12:07.130+0000] {logging_mixin.py:190} INFO - [2024-11-14T07:12:07.130+0000] {dag.py:4180} INFO - Setting next_dagrun for dataset_consumes_1 to None, run_after=None
[2024-11-14T07:12:07.133+0000] {logging_mixin.py:190} INFO - [2024-11-14T07:12:07.132+0000] {dag.py:4180} INFO - Setting next_dagrun for dataset_consumes_1_and_2 to None, run_after=None
[2024-11-14T07:12:07.140+0000] {logging_mixin.py:190} INFO - [2024-11-14T07:12:07.139+0000] {dag.py:4180} INFO - Setting next_dagrun for dataset_consumes_1_never_scheduled to None, run_after=None
[2024-11-14T07:12:07.143+0000] {logging_mixin.py:190} INFO - [2024-11-14T07:12:07.142+0000] {dag.py:4180} INFO - Setting next_dagrun for dataset_consumes_unknown_never_scheduled to None, run_after=None
[2024-11-14T07:12:07.147+0000] {logging_mixin.py:190} INFO - [2024-11-14T07:12:07.147+0000] {dag.py:4180} INFO - Setting next_dagrun for dataset_produces_1 to 2024-11-13 00:00:00+00:00, run_after=2024-11-14 00:00:00+00:00
[2024-11-14T07:12:07.150+0000] {logging_mixin.py:190} INFO - [2024-11-14T07:12:07.149+0000] {dag.py:4180} INFO - Setting next_dagrun for dataset_produces_2 to None, run_after=None
[2024-11-14T07:12:07.253+0000] {processor.py:208} INFO - Processing /home/airflow/.local/lib/python3.12/site-packages/airflow/example_dags/example_datasets.py took 0.606 seconds
[2024-11-14T07:17:17.985+0000] {processor.py:186} INFO - Started process (PID=108) to work on /home/airflow/.local/lib/python3.12/site-packages/airflow/example_dags/example_datasets.py
[2024-11-14T07:17:17.985+0000] {processor.py:914} INFO - Processing file /home/airflow/.local/lib/python3.12/site-packages/airflow/example_dags/example_datasets.py for tasks to queue
[2024-11-14T07:17:17.987+0000] {logging_mixin.py:190} INFO - [2024-11-14T07:17:17.987+0000] {dagbag.py:588} INFO - Filling up the DagBag from /home/airflow/.local/lib/python3.12/site-packages/airflow/example_dags/example_datasets.py
[2024-11-14T07:17:18.175+0000] {processor.py:925} INFO - DAG(s) 'consume_1_and_2_with_dataset_expressions', 'dataset_produces_2', 'dataset_produces_1', 'dataset_consumes_1_and_2', 'consume_1_or_both_2_and_3_with_dataset_expressions', 'dataset_consumes_1_never_scheduled', 'dataset_consumes_unknown_never_scheduled', 'consume_1_or_2_with_dataset_expressions', 'dataset_consumes_1', 'conditional_dataset_and_time_based_timetable' retrieved from /home/airflow/.local/lib/python3.12/site-packages/airflow/example_dags/example_datasets.py
[2024-11-14T07:17:18.223+0000] {logging_mixin.py:190} INFO - [2024-11-14T07:17:18.223+0000] {dag.py:3239} INFO - Sync 10 DAGs
[2024-11-14T07:17:18.254+0000] {logging_mixin.py:190} INFO - [2024-11-14T07:17:18.254+0000] {dag.py:4180} INFO - Setting next_dagrun for conditional_dataset_and_time_based_timetable to 2024-11-13 01:00:00+00:00, run_after=2024-11-13 01:00:00+00:00
[2024-11-14T07:17:18.260+0000] {logging_mixin.py:190} INFO - [2024-11-14T07:17:18.259+0000] {dag.py:4180} INFO - Setting next_dagrun for consume_1_and_2_with_dataset_expressions to None, run_after=None
[2024-11-14T07:17:18.262+0000] {logging_mixin.py:190} INFO - [2024-11-14T07:17:18.261+0000] {dag.py:4180} INFO - Setting next_dagrun for consume_1_or_2_with_dataset_expressions to None, run_after=None
[2024-11-14T07:17:18.264+0000] {logging_mixin.py:190} INFO - [2024-11-14T07:17:18.263+0000] {dag.py:4180} INFO - Setting next_dagrun for consume_1_or_both_2_and_3_with_dataset_expressions to None, run_after=None
[2024-11-14T07:17:18.265+0000] {logging_mixin.py:190} INFO - [2024-11-14T07:17:18.265+0000] {dag.py:4180} INFO - Setting next_dagrun for dataset_consumes_1 to None, run_after=None
[2024-11-14T07:17:18.270+0000] {logging_mixin.py:190} INFO - [2024-11-14T07:17:18.269+0000] {dag.py:4180} INFO - Setting next_dagrun for dataset_consumes_1_and_2 to None, run_after=None
[2024-11-14T07:17:18.272+0000] {logging_mixin.py:190} INFO - [2024-11-14T07:17:18.271+0000] {dag.py:4180} INFO - Setting next_dagrun for dataset_consumes_1_never_scheduled to None, run_after=None
[2024-11-14T07:17:18.273+0000] {logging_mixin.py:190} INFO - [2024-11-14T07:17:18.273+0000] {dag.py:4180} INFO - Setting next_dagrun for dataset_consumes_unknown_never_scheduled to None, run_after=None
[2024-11-14T07:17:18.277+0000] {logging_mixin.py:190} INFO - [2024-11-14T07:17:18.276+0000] {dag.py:4180} INFO - Setting next_dagrun for dataset_produces_1 to 2024-11-13 00:00:00+00:00, run_after=2024-11-14 00:00:00+00:00
[2024-11-14T07:17:18.279+0000] {logging_mixin.py:190} INFO - [2024-11-14T07:17:18.278+0000] {dag.py:4180} INFO - Setting next_dagrun for dataset_produces_2 to None, run_after=None
[2024-11-14T07:17:18.310+0000] {processor.py:208} INFO - Processing /home/airflow/.local/lib/python3.12/site-packages/airflow/example_dags/example_datasets.py took 0.330 seconds
[2024-11-14T07:17:49.065+0000] {processor.py:186} INFO - Started process (PID=176) to work on /home/airflow/.local/lib/python3.12/site-packages/airflow/example_dags/example_datasets.py
[2024-11-14T07:17:49.066+0000] {processor.py:914} INFO - Processing file /home/airflow/.local/lib/python3.12/site-packages/airflow/example_dags/example_datasets.py for tasks to queue
[2024-11-14T07:17:49.068+0000] {logging_mixin.py:190} INFO - [2024-11-14T07:17:49.068+0000] {dagbag.py:588} INFO - Filling up the DagBag from /home/airflow/.local/lib/python3.12/site-packages/airflow/example_dags/example_datasets.py
[2024-11-14T07:17:49.259+0000] {processor.py:925} INFO - DAG(s) 'dataset_consumes_1', 'dataset_consumes_1_and_2', 'consume_1_and_2_with_dataset_expressions', 'dataset_produces_2', 'conditional_dataset_and_time_based_timetable', 'consume_1_or_2_with_dataset_expressions', 'dataset_consumes_unknown_never_scheduled', 'dataset_consumes_1_never_scheduled', 'dataset_produces_1', 'consume_1_or_both_2_and_3_with_dataset_expressions' retrieved from /home/airflow/.local/lib/python3.12/site-packages/airflow/example_dags/example_datasets.py
[2024-11-14T07:17:49.322+0000] {logging_mixin.py:190} INFO - [2024-11-14T07:17:49.322+0000] {dag.py:3239} INFO - Sync 10 DAGs
[2024-11-14T07:17:49.361+0000] {logging_mixin.py:190} INFO - [2024-11-14T07:17:49.361+0000] {dag.py:4180} INFO - Setting next_dagrun for conditional_dataset_and_time_based_timetable to 2024-11-13 01:00:00+00:00, run_after=2024-11-13 01:00:00+00:00
[2024-11-14T07:17:49.365+0000] {logging_mixin.py:190} INFO - [2024-11-14T07:17:49.364+0000] {dag.py:4180} INFO - Setting next_dagrun for consume_1_and_2_with_dataset_expressions to None, run_after=None
[2024-11-14T07:17:49.366+0000] {logging_mixin.py:190} INFO - [2024-11-14T07:17:49.366+0000] {dag.py:4180} INFO - Setting next_dagrun for consume_1_or_2_with_dataset_expressions to None, run_after=None
[2024-11-14T07:17:49.367+0000] {logging_mixin.py:190} INFO - [2024-11-14T07:17:49.367+0000] {dag.py:4180} INFO - Setting next_dagrun for consume_1_or_both_2_and_3_with_dataset_expressions to None, run_after=None
[2024-11-14T07:17:49.368+0000] {logging_mixin.py:190} INFO - [2024-11-14T07:17:49.368+0000] {dag.py:4180} INFO - Setting next_dagrun for dataset_consumes_1 to None, run_after=None
[2024-11-14T07:17:49.369+0000] {logging_mixin.py:190} INFO - [2024-11-14T07:17:49.369+0000] {dag.py:4180} INFO - Setting next_dagrun for dataset_consumes_1_and_2 to None, run_after=None
[2024-11-14T07:17:49.370+0000] {logging_mixin.py:190} INFO - [2024-11-14T07:17:49.370+0000] {dag.py:4180} INFO - Setting next_dagrun for dataset_consumes_1_never_scheduled to None, run_after=None
[2024-11-14T07:17:49.372+0000] {logging_mixin.py:190} INFO - [2024-11-14T07:17:49.371+0000] {dag.py:4180} INFO - Setting next_dagrun for dataset_consumes_unknown_never_scheduled to None, run_after=None
[2024-11-14T07:17:49.376+0000] {logging_mixin.py:190} INFO - [2024-11-14T07:17:49.375+0000] {dag.py:4180} INFO - Setting next_dagrun for dataset_produces_1 to 2024-11-13 00:00:00+00:00, run_after=2024-11-14 00:00:00+00:00
[2024-11-14T07:17:49.377+0000] {logging_mixin.py:190} INFO - [2024-11-14T07:17:49.377+0000] {dag.py:4180} INFO - Setting next_dagrun for dataset_produces_2 to None, run_after=None
[2024-11-14T07:17:49.416+0000] {processor.py:208} INFO - Processing /home/airflow/.local/lib/python3.12/site-packages/airflow/example_dags/example_datasets.py took 0.358 seconds
