[2024-11-14T07:08:24.307+0000] {processor.py:186} INFO - Started process (PID=91) to work on /home/airflow/.local/lib/python3.12/site-packages/airflow/example_dags/example_bash_operator.py
[2024-11-14T07:08:24.308+0000] {processor.py:914} INFO - Processing file /home/airflow/.local/lib/python3.12/site-packages/airflow/example_dags/example_bash_operator.py for tasks to queue
[2024-11-14T07:08:24.310+0000] {logging_mixin.py:190} INFO - [2024-11-14T07:08:24.309+0000] {dagbag.py:588} INFO - Filling up the DagBag from /home/airflow/.local/lib/python3.12/site-packages/airflow/example_dags/example_bash_operator.py
[2024-11-14T07:08:24.324+0000] {processor.py:925} INFO - DAG(s) 'example_bash_operator' retrieved from /home/airflow/.local/lib/python3.12/site-packages/airflow/example_dags/example_bash_operator.py
[2024-11-14T07:08:24.365+0000] {logging_mixin.py:190} INFO - [2024-11-14T07:08:24.364+0000] {dag.py:3239} INFO - Sync 1 DAGs
[2024-11-14T07:08:24.430+0000] {logging_mixin.py:190} INFO - [2024-11-14T07:08:24.429+0000] {dag.py:4180} INFO - Setting next_dagrun for example_bash_operator to 2024-11-13 00:00:00+00:00, run_after=2024-11-14 00:00:00+00:00
[2024-11-14T07:08:24.489+0000] {processor.py:208} INFO - Processing /home/airflow/.local/lib/python3.12/site-packages/airflow/example_dags/example_bash_operator.py took 0.190 seconds
[2024-11-14T07:12:09.259+0000] {processor.py:186} INFO - Started process (PID=194) to work on /home/airflow/.local/lib/python3.12/site-packages/airflow/example_dags/example_bash_operator.py
[2024-11-14T07:12:09.260+0000] {processor.py:914} INFO - Processing file /home/airflow/.local/lib/python3.12/site-packages/airflow/example_dags/example_bash_operator.py for tasks to queue
[2024-11-14T07:12:09.264+0000] {logging_mixin.py:190} INFO - [2024-11-14T07:12:09.262+0000] {dagbag.py:588} INFO - Filling up the DagBag from /home/airflow/.local/lib/python3.12/site-packages/airflow/example_dags/example_bash_operator.py
[2024-11-14T07:12:09.298+0000] {processor.py:925} INFO - DAG(s) 'example_bash_operator' retrieved from /home/airflow/.local/lib/python3.12/site-packages/airflow/example_dags/example_bash_operator.py
[2024-11-14T07:12:09.341+0000] {logging_mixin.py:190} INFO - [2024-11-14T07:12:09.341+0000] {dag.py:3239} INFO - Sync 1 DAGs
[2024-11-14T07:12:09.380+0000] {logging_mixin.py:190} INFO - [2024-11-14T07:12:09.380+0000] {dag.py:4180} INFO - Setting next_dagrun for example_bash_operator to 2024-11-13 00:00:00+00:00, run_after=2024-11-14 00:00:00+00:00
[2024-11-14T07:12:09.418+0000] {processor.py:208} INFO - Processing /home/airflow/.local/lib/python3.12/site-packages/airflow/example_dags/example_bash_operator.py took 0.169 seconds
[2024-11-14T07:17:14.380+0000] {processor.py:186} INFO - Started process (PID=59) to work on /home/airflow/.local/lib/python3.12/site-packages/airflow/example_dags/example_bash_operator.py
[2024-11-14T07:17:14.382+0000] {processor.py:914} INFO - Processing file /home/airflow/.local/lib/python3.12/site-packages/airflow/example_dags/example_bash_operator.py for tasks to queue
[2024-11-14T07:17:14.385+0000] {logging_mixin.py:190} INFO - [2024-11-14T07:17:14.384+0000] {dagbag.py:588} INFO - Filling up the DagBag from /home/airflow/.local/lib/python3.12/site-packages/airflow/example_dags/example_bash_operator.py
[2024-11-14T07:17:14.403+0000] {processor.py:925} INFO - DAG(s) 'example_bash_operator' retrieved from /home/airflow/.local/lib/python3.12/site-packages/airflow/example_dags/example_bash_operator.py
[2024-11-14T07:17:14.443+0000] {logging_mixin.py:190} INFO - [2024-11-14T07:17:14.443+0000] {dag.py:3239} INFO - Sync 1 DAGs
[2024-11-14T07:17:14.480+0000] {logging_mixin.py:190} INFO - [2024-11-14T07:17:14.480+0000] {dag.py:4180} INFO - Setting next_dagrun for example_bash_operator to 2024-11-13 00:00:00+00:00, run_after=2024-11-14 00:00:00+00:00
[2024-11-14T07:17:14.517+0000] {processor.py:208} INFO - Processing /home/airflow/.local/lib/python3.12/site-packages/airflow/example_dags/example_bash_operator.py took 0.144 seconds
[2024-11-14T07:17:44.557+0000] {processor.py:186} INFO - Started process (PID=129) to work on /home/airflow/.local/lib/python3.12/site-packages/airflow/example_dags/example_bash_operator.py
[2024-11-14T07:17:44.558+0000] {processor.py:914} INFO - Processing file /home/airflow/.local/lib/python3.12/site-packages/airflow/example_dags/example_bash_operator.py for tasks to queue
[2024-11-14T07:17:44.560+0000] {logging_mixin.py:190} INFO - [2024-11-14T07:17:44.560+0000] {dagbag.py:588} INFO - Filling up the DagBag from /home/airflow/.local/lib/python3.12/site-packages/airflow/example_dags/example_bash_operator.py
[2024-11-14T07:17:44.572+0000] {processor.py:925} INFO - DAG(s) 'example_bash_operator' retrieved from /home/airflow/.local/lib/python3.12/site-packages/airflow/example_dags/example_bash_operator.py
[2024-11-14T07:17:44.607+0000] {logging_mixin.py:190} INFO - [2024-11-14T07:17:44.606+0000] {dag.py:3239} INFO - Sync 1 DAGs
[2024-11-14T07:17:44.633+0000] {logging_mixin.py:190} INFO - [2024-11-14T07:17:44.633+0000] {dag.py:4180} INFO - Setting next_dagrun for example_bash_operator to 2024-11-13 00:00:00+00:00, run_after=2024-11-14 00:00:00+00:00
[2024-11-14T07:17:44.649+0000] {processor.py:208} INFO - Processing /home/airflow/.local/lib/python3.12/site-packages/airflow/example_dags/example_bash_operator.py took 0.096 seconds
