[2024-11-14T07:08:25.452+0000] {processor.py:186} INFO - Started process (PID=113) to work on /home/airflow/.local/lib/python3.12/site-packages/airflow/example_dags/example_dataset_alias.py
[2024-11-14T07:08:25.453+0000] {processor.py:914} INFO - Processing file /home/airflow/.local/lib/python3.12/site-packages/airflow/example_dags/example_dataset_alias.py for tasks to queue
[2024-11-14T07:08:25.458+0000] {logging_mixin.py:190} INFO - [2024-11-14T07:08:25.457+0000] {dagbag.py:588} INFO - Filling up the DagBag from /home/airflow/.local/lib/python3.12/site-packages/airflow/example_dags/example_dataset_alias.py
[2024-11-14T07:09:12.623+0000] {logging_mixin.py:190} INFO - [2024-11-14T07:08:56.453+0000] {timeout.py:68} ERROR - Process timed out, PID: 113
[2024-11-14T07:17:15.657+0000] {processor.py:186} INFO - Started process (PID=79) to work on /home/airflow/.local/lib/python3.12/site-packages/airflow/example_dags/example_dataset_alias.py
[2024-11-14T07:17:15.657+0000] {processor.py:914} INFO - Processing file /home/airflow/.local/lib/python3.12/site-packages/airflow/example_dags/example_dataset_alias.py for tasks to queue
[2024-11-14T07:17:15.659+0000] {logging_mixin.py:190} INFO - [2024-11-14T07:17:15.659+0000] {dagbag.py:588} INFO - Filling up the DagBag from /home/airflow/.local/lib/python3.12/site-packages/airflow/example_dags/example_dataset_alias.py
[2024-11-14T07:17:15.862+0000] {processor.py:925} INFO - DAG(s) 'dataset_s3_bucket_consumer', 'dataset_alias_example_alias_consumer', 'dataset_s3_bucket_producer', 'dataset_alias_example_alias_producer' retrieved from /home/airflow/.local/lib/python3.12/site-packages/airflow/example_dags/example_dataset_alias.py
[2024-11-14T07:17:16.057+0000] {logging_mixin.py:190} INFO - [2024-11-14T07:17:16.057+0000] {dag.py:3239} INFO - Sync 4 DAGs
[2024-11-14T07:17:16.076+0000] {logging_mixin.py:190} INFO - [2024-11-14T07:17:16.076+0000] {dag.py:4180} INFO - Setting next_dagrun for dataset_alias_example_alias_consumer to None, run_after=None
[2024-11-14T07:17:16.078+0000] {logging_mixin.py:190} INFO - [2024-11-14T07:17:16.078+0000] {dag.py:4180} INFO - Setting next_dagrun for dataset_alias_example_alias_producer to None, run_after=None
[2024-11-14T07:17:16.080+0000] {logging_mixin.py:190} INFO - [2024-11-14T07:17:16.080+0000] {dag.py:4180} INFO - Setting next_dagrun for dataset_s3_bucket_consumer to None, run_after=None
[2024-11-14T07:17:16.081+0000] {logging_mixin.py:190} INFO - [2024-11-14T07:17:16.081+0000] {dag.py:4180} INFO - Setting next_dagrun for dataset_s3_bucket_producer to None, run_after=None
[2024-11-14T07:17:16.102+0000] {processor.py:208} INFO - Processing /home/airflow/.local/lib/python3.12/site-packages/airflow/example_dags/example_dataset_alias.py took 0.450 seconds
[2024-11-14T07:17:47.317+0000] {processor.py:186} INFO - Started process (PID=148) to work on /home/airflow/.local/lib/python3.12/site-packages/airflow/example_dags/example_dataset_alias.py
[2024-11-14T07:17:47.318+0000] {processor.py:914} INFO - Processing file /home/airflow/.local/lib/python3.12/site-packages/airflow/example_dags/example_dataset_alias.py for tasks to queue
[2024-11-14T07:17:47.319+0000] {logging_mixin.py:190} INFO - [2024-11-14T07:17:47.319+0000] {dagbag.py:588} INFO - Filling up the DagBag from /home/airflow/.local/lib/python3.12/site-packages/airflow/example_dags/example_dataset_alias.py
[2024-11-14T07:17:47.446+0000] {processor.py:925} INFO - DAG(s) 'dataset_s3_bucket_producer', 'dataset_alias_example_alias_producer', 'dataset_s3_bucket_consumer', 'dataset_alias_example_alias_consumer' retrieved from /home/airflow/.local/lib/python3.12/site-packages/airflow/example_dags/example_dataset_alias.py
[2024-11-14T07:17:47.464+0000] {logging_mixin.py:190} INFO - [2024-11-14T07:17:47.464+0000] {dag.py:3239} INFO - Sync 4 DAGs
[2024-11-14T07:17:47.482+0000] {logging_mixin.py:190} INFO - [2024-11-14T07:17:47.482+0000] {dag.py:4180} INFO - Setting next_dagrun for dataset_alias_example_alias_consumer to None, run_after=None
[2024-11-14T07:17:47.485+0000] {logging_mixin.py:190} INFO - [2024-11-14T07:17:47.485+0000] {dag.py:4180} INFO - Setting next_dagrun for dataset_alias_example_alias_producer to None, run_after=None
[2024-11-14T07:17:47.486+0000] {logging_mixin.py:190} INFO - [2024-11-14T07:17:47.486+0000] {dag.py:4180} INFO - Setting next_dagrun for dataset_s3_bucket_consumer to None, run_after=None
[2024-11-14T07:17:47.487+0000] {logging_mixin.py:190} INFO - [2024-11-14T07:17:47.487+0000] {dag.py:4180} INFO - Setting next_dagrun for dataset_s3_bucket_producer to None, run_after=None
[2024-11-14T07:17:47.505+0000] {processor.py:208} INFO - Processing /home/airflow/.local/lib/python3.12/site-packages/airflow/example_dags/example_dataset_alias.py took 0.192 seconds
