[2024-11-14T07:12:03.697+0000] {processor.py:186} INFO - Started process (PID=149) to work on /home/airflow/.local/lib/python3.12/site-packages/airflow/example_dags/example_skip_dag.py
[2024-11-14T07:12:03.698+0000] {processor.py:914} INFO - Processing file /home/airflow/.local/lib/python3.12/site-packages/airflow/example_dags/example_skip_dag.py for tasks to queue
[2024-11-14T07:12:03.700+0000] {logging_mixin.py:190} INFO - [2024-11-14T07:12:03.699+0000] {dagbag.py:588} INFO - Filling up the DagBag from /home/airflow/.local/lib/python3.12/site-packages/airflow/example_dags/example_skip_dag.py
[2024-11-14T07:12:03.735+0000] {processor.py:925} INFO - DAG(s) 'example_skip_dag' retrieved from /home/airflow/.local/lib/python3.12/site-packages/airflow/example_dags/example_skip_dag.py
[2024-11-14T07:12:03.802+0000] {logging_mixin.py:190} INFO - [2024-11-14T07:12:03.801+0000] {dag.py:3239} INFO - Sync 1 DAGs
[2024-11-14T07:12:03.882+0000] {logging_mixin.py:190} INFO - [2024-11-14T07:12:03.882+0000] {dag.py:4180} INFO - Setting next_dagrun for example_skip_dag to 2024-11-13 00:00:00+00:00, run_after=2024-11-14 00:00:00+00:00
[2024-11-14T07:12:03.927+0000] {processor.py:208} INFO - Processing /home/airflow/.local/lib/python3.12/site-packages/airflow/example_dags/example_skip_dag.py took 0.259 seconds
[2024-11-14T07:17:16.630+0000] {processor.py:186} INFO - Started process (PID=91) to work on /home/airflow/.local/lib/python3.12/site-packages/airflow/example_dags/example_skip_dag.py
[2024-11-14T07:17:16.631+0000] {processor.py:914} INFO - Processing file /home/airflow/.local/lib/python3.12/site-packages/airflow/example_dags/example_skip_dag.py for tasks to queue
[2024-11-14T07:17:16.633+0000] {logging_mixin.py:190} INFO - [2024-11-14T07:17:16.633+0000] {dagbag.py:588} INFO - Filling up the DagBag from /home/airflow/.local/lib/python3.12/site-packages/airflow/example_dags/example_skip_dag.py
[2024-11-14T07:17:16.642+0000] {processor.py:925} INFO - DAG(s) 'example_skip_dag' retrieved from /home/airflow/.local/lib/python3.12/site-packages/airflow/example_dags/example_skip_dag.py
[2024-11-14T07:17:16.666+0000] {logging_mixin.py:190} INFO - [2024-11-14T07:17:16.666+0000] {dag.py:3239} INFO - Sync 1 DAGs
[2024-11-14T07:17:16.694+0000] {logging_mixin.py:190} INFO - [2024-11-14T07:17:16.694+0000] {dag.py:4180} INFO - Setting next_dagrun for example_skip_dag to 2024-11-13 00:00:00+00:00, run_after=2024-11-14 00:00:00+00:00
[2024-11-14T07:17:16.715+0000] {processor.py:208} INFO - Processing /home/airflow/.local/lib/python3.12/site-packages/airflow/example_dags/example_skip_dag.py took 0.090 seconds
[2024-11-14T07:17:47.819+0000] {processor.py:186} INFO - Started process (PID=158) to work on /home/airflow/.local/lib/python3.12/site-packages/airflow/example_dags/example_skip_dag.py
[2024-11-14T07:17:47.819+0000] {processor.py:914} INFO - Processing file /home/airflow/.local/lib/python3.12/site-packages/airflow/example_dags/example_skip_dag.py for tasks to queue
[2024-11-14T07:17:47.821+0000] {logging_mixin.py:190} INFO - [2024-11-14T07:17:47.821+0000] {dagbag.py:588} INFO - Filling up the DagBag from /home/airflow/.local/lib/python3.12/site-packages/airflow/example_dags/example_skip_dag.py
[2024-11-14T07:17:47.827+0000] {processor.py:925} INFO - DAG(s) 'example_skip_dag' retrieved from /home/airflow/.local/lib/python3.12/site-packages/airflow/example_dags/example_skip_dag.py
[2024-11-14T07:17:47.849+0000] {logging_mixin.py:190} INFO - [2024-11-14T07:17:47.849+0000] {dag.py:3239} INFO - Sync 1 DAGs
[2024-11-14T07:17:47.866+0000] {logging_mixin.py:190} INFO - [2024-11-14T07:17:47.866+0000] {dag.py:4180} INFO - Setting next_dagrun for example_skip_dag to 2024-11-13 00:00:00+00:00, run_after=2024-11-14 00:00:00+00:00
[2024-11-14T07:17:47.881+0000] {processor.py:208} INFO - Processing /home/airflow/.local/lib/python3.12/site-packages/airflow/example_dags/example_skip_dag.py took 0.067 seconds
