[2024-11-14T07:08:24.591+0000] {processor.py:186} INFO - Started process (PID=97) to work on /home/airflow/.local/lib/python3.12/site-packages/airflow/example_dags/example_xcomargs.py
[2024-11-14T07:08:24.592+0000] {processor.py:914} INFO - Processing file /home/airflow/.local/lib/python3.12/site-packages/airflow/example_dags/example_xcomargs.py for tasks to queue
[2024-11-14T07:08:24.595+0000] {logging_mixin.py:190} INFO - [2024-11-14T07:08:24.594+0000] {dagbag.py:588} INFO - Filling up the DagBag from /home/airflow/.local/lib/python3.12/site-packages/airflow/example_dags/example_xcomargs.py
[2024-11-14T07:08:24.608+0000] {processor.py:925} INFO - DAG(s) 'example_xcom_args', 'example_xcom_args_with_operators' retrieved from /home/airflow/.local/lib/python3.12/site-packages/airflow/example_dags/example_xcomargs.py
[2024-11-14T07:08:24.644+0000] {logging_mixin.py:190} INFO - [2024-11-14T07:08:24.643+0000] {dag.py:3239} INFO - Sync 2 DAGs
[2024-11-14T07:08:24.674+0000] {logging_mixin.py:190} INFO - [2024-11-14T07:08:24.674+0000] {dag.py:4180} INFO - Setting next_dagrun for example_xcom_args to None, run_after=None
[2024-11-14T07:08:24.684+0000] {logging_mixin.py:190} INFO - [2024-11-14T07:08:24.683+0000] {dag.py:4180} INFO - Setting next_dagrun for example_xcom_args_with_operators to None, run_after=None
[2024-11-14T07:08:24.707+0000] {processor.py:208} INFO - Processing /home/airflow/.local/lib/python3.12/site-packages/airflow/example_dags/example_xcomargs.py took 0.122 seconds
[2024-11-14T07:12:09.475+0000] {processor.py:186} INFO - Started process (PID=196) to work on /home/airflow/.local/lib/python3.12/site-packages/airflow/example_dags/example_xcomargs.py
[2024-11-14T07:12:09.479+0000] {processor.py:914} INFO - Processing file /home/airflow/.local/lib/python3.12/site-packages/airflow/example_dags/example_xcomargs.py for tasks to queue
[2024-11-14T07:12:09.481+0000] {logging_mixin.py:190} INFO - [2024-11-14T07:12:09.480+0000] {dagbag.py:588} INFO - Filling up the DagBag from /home/airflow/.local/lib/python3.12/site-packages/airflow/example_dags/example_xcomargs.py
[2024-11-14T07:12:09.496+0000] {processor.py:925} INFO - DAG(s) 'example_xcom_args_with_operators', 'example_xcom_args' retrieved from /home/airflow/.local/lib/python3.12/site-packages/airflow/example_dags/example_xcomargs.py
[2024-11-14T07:12:09.547+0000] {logging_mixin.py:190} INFO - [2024-11-14T07:12:09.541+0000] {dag.py:3239} INFO - Sync 2 DAGs
[2024-11-14T07:12:09.576+0000] {logging_mixin.py:190} INFO - [2024-11-14T07:12:09.575+0000] {dag.py:4180} INFO - Setting next_dagrun for example_xcom_args to None, run_after=None
[2024-11-14T07:12:09.584+0000] {logging_mixin.py:190} INFO - [2024-11-14T07:12:09.584+0000] {dag.py:4180} INFO - Setting next_dagrun for example_xcom_args_with_operators to None, run_after=None
[2024-11-14T07:12:09.628+0000] {processor.py:208} INFO - Processing /home/airflow/.local/lib/python3.12/site-packages/airflow/example_dags/example_xcomargs.py took 0.161 seconds
[2024-11-14T07:17:14.758+0000] {processor.py:186} INFO - Started process (PID=71) to work on /home/airflow/.local/lib/python3.12/site-packages/airflow/example_dags/example_xcomargs.py
[2024-11-14T07:17:14.760+0000] {processor.py:914} INFO - Processing file /home/airflow/.local/lib/python3.12/site-packages/airflow/example_dags/example_xcomargs.py for tasks to queue
[2024-11-14T07:17:14.762+0000] {logging_mixin.py:190} INFO - [2024-11-14T07:17:14.762+0000] {dagbag.py:588} INFO - Filling up the DagBag from /home/airflow/.local/lib/python3.12/site-packages/airflow/example_dags/example_xcomargs.py
[2024-11-14T07:17:14.771+0000] {processor.py:925} INFO - DAG(s) 'example_xcom_args_with_operators', 'example_xcom_args' retrieved from /home/airflow/.local/lib/python3.12/site-packages/airflow/example_dags/example_xcomargs.py
[2024-11-14T07:17:14.797+0000] {logging_mixin.py:190} INFO - [2024-11-14T07:17:14.796+0000] {dag.py:3239} INFO - Sync 2 DAGs
[2024-11-14T07:17:14.811+0000] {logging_mixin.py:190} INFO - [2024-11-14T07:17:14.811+0000] {dag.py:4180} INFO - Setting next_dagrun for example_xcom_args to None, run_after=None
[2024-11-14T07:17:14.815+0000] {logging_mixin.py:190} INFO - [2024-11-14T07:17:14.815+0000] {dag.py:4180} INFO - Setting next_dagrun for example_xcom_args_with_operators to None, run_after=None
[2024-11-14T07:17:14.834+0000] {processor.py:208} INFO - Processing /home/airflow/.local/lib/python3.12/site-packages/airflow/example_dags/example_xcomargs.py took 0.083 seconds
[2024-11-14T07:17:45.656+0000] {processor.py:186} INFO - Started process (PID=137) to work on /home/airflow/.local/lib/python3.12/site-packages/airflow/example_dags/example_xcomargs.py
[2024-11-14T07:17:45.657+0000] {processor.py:914} INFO - Processing file /home/airflow/.local/lib/python3.12/site-packages/airflow/example_dags/example_xcomargs.py for tasks to queue
[2024-11-14T07:17:45.659+0000] {logging_mixin.py:190} INFO - [2024-11-14T07:17:45.659+0000] {dagbag.py:588} INFO - Filling up the DagBag from /home/airflow/.local/lib/python3.12/site-packages/airflow/example_dags/example_xcomargs.py
[2024-11-14T07:17:45.668+0000] {processor.py:925} INFO - DAG(s) 'example_xcom_args_with_operators', 'example_xcom_args' retrieved from /home/airflow/.local/lib/python3.12/site-packages/airflow/example_dags/example_xcomargs.py
[2024-11-14T07:17:45.686+0000] {logging_mixin.py:190} INFO - [2024-11-14T07:17:45.686+0000] {dag.py:3239} INFO - Sync 2 DAGs
[2024-11-14T07:17:45.699+0000] {logging_mixin.py:190} INFO - [2024-11-14T07:17:45.699+0000] {dag.py:4180} INFO - Setting next_dagrun for example_xcom_args to None, run_after=None
[2024-11-14T07:17:45.703+0000] {logging_mixin.py:190} INFO - [2024-11-14T07:17:45.702+0000] {dag.py:4180} INFO - Setting next_dagrun for example_xcom_args_with_operators to None, run_after=None
[2024-11-14T07:17:45.720+0000] {processor.py:208} INFO - Processing /home/airflow/.local/lib/python3.12/site-packages/airflow/example_dags/example_xcomargs.py took 0.067 seconds
