[2024-11-14T07:12:07.302+0000] {processor.py:186} INFO - Started process (PID=178) to work on /home/airflow/.local/lib/python3.12/site-packages/airflow/example_dags/example_inlet_event_extra.py
[2024-11-14T07:12:07.303+0000] {processor.py:914} INFO - Processing file /home/airflow/.local/lib/python3.12/site-packages/airflow/example_dags/example_inlet_event_extra.py for tasks to queue
[2024-11-14T07:12:07.305+0000] {logging_mixin.py:190} INFO - [2024-11-14T07:12:07.304+0000] {dagbag.py:588} INFO - Filling up the DagBag from /home/airflow/.local/lib/python3.12/site-packages/airflow/example_dags/example_inlet_event_extra.py
[2024-11-14T07:12:07.639+0000] {processor.py:925} INFO - DAG(s) 'read_dataset_event', 'read_dataset_event_from_classic' retrieved from /home/airflow/.local/lib/python3.12/site-packages/airflow/example_dags/example_inlet_event_extra.py
[2024-11-14T07:12:07.687+0000] {logging_mixin.py:190} INFO - [2024-11-14T07:12:07.686+0000] {dag.py:3239} INFO - Sync 2 DAGs
[2024-11-14T07:12:07.747+0000] {logging_mixin.py:190} INFO - [2024-11-14T07:12:07.747+0000] {dag.py:4180} INFO - Setting next_dagrun for read_dataset_event to 2024-11-13 00:00:00+00:00, run_after=2024-11-14 00:00:00+00:00
[2024-11-14T07:12:07.763+0000] {logging_mixin.py:190} INFO - [2024-11-14T07:12:07.762+0000] {dag.py:4180} INFO - Setting next_dagrun for read_dataset_event_from_classic to 2024-11-13 00:00:00+00:00, run_after=2024-11-14 00:00:00+00:00
[2024-11-14T07:12:07.806+0000] {processor.py:208} INFO - Processing /home/airflow/.local/lib/python3.12/site-packages/airflow/example_dags/example_inlet_event_extra.py took 0.516 seconds
[2024-11-14T07:17:18.336+0000] {processor.py:186} INFO - Started process (PID=112) to work on /home/airflow/.local/lib/python3.12/site-packages/airflow/example_dags/example_inlet_event_extra.py
[2024-11-14T07:17:18.337+0000] {processor.py:914} INFO - Processing file /home/airflow/.local/lib/python3.12/site-packages/airflow/example_dags/example_inlet_event_extra.py for tasks to queue
[2024-11-14T07:17:18.339+0000] {logging_mixin.py:190} INFO - [2024-11-14T07:17:18.338+0000] {dagbag.py:588} INFO - Filling up the DagBag from /home/airflow/.local/lib/python3.12/site-packages/airflow/example_dags/example_inlet_event_extra.py
[2024-11-14T07:17:18.482+0000] {processor.py:925} INFO - DAG(s) 'read_dataset_event_from_classic', 'read_dataset_event' retrieved from /home/airflow/.local/lib/python3.12/site-packages/airflow/example_dags/example_inlet_event_extra.py
[2024-11-14T07:17:18.508+0000] {logging_mixin.py:190} INFO - [2024-11-14T07:17:18.507+0000] {dag.py:3239} INFO - Sync 2 DAGs
[2024-11-14T07:17:18.543+0000] {logging_mixin.py:190} INFO - [2024-11-14T07:17:18.542+0000] {dag.py:4180} INFO - Setting next_dagrun for read_dataset_event to 2024-11-13 00:00:00+00:00, run_after=2024-11-14 00:00:00+00:00
[2024-11-14T07:17:18.548+0000] {logging_mixin.py:190} INFO - [2024-11-14T07:17:18.548+0000] {dag.py:4180} INFO - Setting next_dagrun for read_dataset_event_from_classic to 2024-11-13 00:00:00+00:00, run_after=2024-11-14 00:00:00+00:00
[2024-11-14T07:17:18.568+0000] {processor.py:208} INFO - Processing /home/airflow/.local/lib/python3.12/site-packages/airflow/example_dags/example_inlet_event_extra.py took 0.237 seconds
[2024-11-14T07:17:49.415+0000] {processor.py:186} INFO - Started process (PID=179) to work on /home/airflow/.local/lib/python3.12/site-packages/airflow/example_dags/example_inlet_event_extra.py
[2024-11-14T07:17:49.416+0000] {processor.py:914} INFO - Processing file /home/airflow/.local/lib/python3.12/site-packages/airflow/example_dags/example_inlet_event_extra.py for tasks to queue
[2024-11-14T07:17:49.418+0000] {logging_mixin.py:190} INFO - [2024-11-14T07:17:49.417+0000] {dagbag.py:588} INFO - Filling up the DagBag from /home/airflow/.local/lib/python3.12/site-packages/airflow/example_dags/example_inlet_event_extra.py
[2024-11-14T07:17:49.608+0000] {processor.py:925} INFO - DAG(s) 'read_dataset_event_from_classic', 'read_dataset_event' retrieved from /home/airflow/.local/lib/python3.12/site-packages/airflow/example_dags/example_inlet_event_extra.py
[2024-11-14T07:17:49.629+0000] {logging_mixin.py:190} INFO - [2024-11-14T07:17:49.629+0000] {dag.py:3239} INFO - Sync 2 DAGs
[2024-11-14T07:17:49.654+0000] {logging_mixin.py:190} INFO - [2024-11-14T07:17:49.654+0000] {dag.py:4180} INFO - Setting next_dagrun for read_dataset_event to 2024-11-13 00:00:00+00:00, run_after=2024-11-14 00:00:00+00:00
[2024-11-14T07:17:49.661+0000] {logging_mixin.py:190} INFO - [2024-11-14T07:17:49.661+0000] {dag.py:4180} INFO - Setting next_dagrun for read_dataset_event_from_classic to 2024-11-13 00:00:00+00:00, run_after=2024-11-14 00:00:00+00:00
[2024-11-14T07:17:49.678+0000] {processor.py:208} INFO - Processing /home/airflow/.local/lib/python3.12/site-packages/airflow/example_dags/example_inlet_event_extra.py took 0.268 seconds
