[2024-11-14T07:12:03.096+0000] {processor.py:186} INFO - Started process (PID=144) to work on /home/airflow/.local/lib/python3.12/site-packages/airflow/example_dags/example_display_name.py
[2024-11-14T07:12:03.097+0000] {processor.py:914} INFO - Processing file /home/airflow/.local/lib/python3.12/site-packages/airflow/example_dags/example_display_name.py for tasks to queue
[2024-11-14T07:12:03.099+0000] {logging_mixin.py:190} INFO - [2024-11-14T07:12:03.098+0000] {dagbag.py:588} INFO - Filling up the DagBag from /home/airflow/.local/lib/python3.12/site-packages/airflow/example_dags/example_display_name.py
[2024-11-14T07:12:03.131+0000] {processor.py:925} INFO - DAG(s) 'example_display_name' retrieved from /home/airflow/.local/lib/python3.12/site-packages/airflow/example_dags/example_display_name.py
[2024-11-14T07:12:03.160+0000] {logging_mixin.py:190} INFO - [2024-11-14T07:12:03.160+0000] {dag.py:3239} INFO - Sync 1 DAGs
[2024-11-14T07:12:03.185+0000] {logging_mixin.py:190} INFO - [2024-11-14T07:12:03.184+0000] {dag.py:4180} INFO - Setting next_dagrun for example_display_name to None, run_after=None
[2024-11-14T07:12:03.265+0000] {processor.py:208} INFO - Processing /home/airflow/.local/lib/python3.12/site-packages/airflow/example_dags/example_display_name.py took 0.188 seconds
[2024-11-14T07:17:16.334+0000] {processor.py:186} INFO - Started process (PID=86) to work on /home/airflow/.local/lib/python3.12/site-packages/airflow/example_dags/example_display_name.py
[2024-11-14T07:17:16.335+0000] {processor.py:914} INFO - Processing file /home/airflow/.local/lib/python3.12/site-packages/airflow/example_dags/example_display_name.py for tasks to queue
[2024-11-14T07:17:16.337+0000] {logging_mixin.py:190} INFO - [2024-11-14T07:17:16.336+0000] {dagbag.py:588} INFO - Filling up the DagBag from /home/airflow/.local/lib/python3.12/site-packages/airflow/example_dags/example_display_name.py
[2024-11-14T07:17:16.343+0000] {processor.py:925} INFO - DAG(s) 'example_display_name' retrieved from /home/airflow/.local/lib/python3.12/site-packages/airflow/example_dags/example_display_name.py
[2024-11-14T07:17:16.360+0000] {logging_mixin.py:190} INFO - [2024-11-14T07:17:16.360+0000] {dag.py:3239} INFO - Sync 1 DAGs
[2024-11-14T07:17:16.374+0000] {logging_mixin.py:190} INFO - [2024-11-14T07:17:16.374+0000] {dag.py:4180} INFO - Setting next_dagrun for example_display_name to None, run_after=None
[2024-11-14T07:17:16.395+0000] {processor.py:208} INFO - Processing /home/airflow/.local/lib/python3.12/site-packages/airflow/example_dags/example_display_name.py took 0.066 seconds
[2024-11-14T07:17:47.602+0000] {processor.py:186} INFO - Started process (PID=153) to work on /home/airflow/.local/lib/python3.12/site-packages/airflow/example_dags/example_display_name.py
[2024-11-14T07:17:47.603+0000] {processor.py:914} INFO - Processing file /home/airflow/.local/lib/python3.12/site-packages/airflow/example_dags/example_display_name.py for tasks to queue
[2024-11-14T07:17:47.605+0000] {logging_mixin.py:190} INFO - [2024-11-14T07:17:47.605+0000] {dagbag.py:588} INFO - Filling up the DagBag from /home/airflow/.local/lib/python3.12/site-packages/airflow/example_dags/example_display_name.py
[2024-11-14T07:17:47.612+0000] {processor.py:925} INFO - DAG(s) 'example_display_name' retrieved from /home/airflow/.local/lib/python3.12/site-packages/airflow/example_dags/example_display_name.py
[2024-11-14T07:17:47.629+0000] {logging_mixin.py:190} INFO - [2024-11-14T07:17:47.629+0000] {dag.py:3239} INFO - Sync 1 DAGs
[2024-11-14T07:17:47.642+0000] {logging_mixin.py:190} INFO - [2024-11-14T07:17:47.641+0000] {dag.py:4180} INFO - Setting next_dagrun for example_display_name to None, run_after=None
[2024-11-14T07:17:47.666+0000] {processor.py:208} INFO - Processing /home/airflow/.local/lib/python3.12/site-packages/airflow/example_dags/example_display_name.py took 0.068 seconds
