[2024-11-14T07:08:23.585+0000] {processor.py:186} INFO - Started process (PID=83) to work on /home/airflow/.local/lib/python3.12/site-packages/airflow/example_dags/example_branch_labels.py
[2024-11-14T07:08:23.586+0000] {processor.py:914} INFO - Processing file /home/airflow/.local/lib/python3.12/site-packages/airflow/example_dags/example_branch_labels.py for tasks to queue
[2024-11-14T07:08:23.589+0000] {logging_mixin.py:190} INFO - [2024-11-14T07:08:23.588+0000] {dagbag.py:588} INFO - Filling up the DagBag from /home/airflow/.local/lib/python3.12/site-packages/airflow/example_dags/example_branch_labels.py
[2024-11-14T07:08:23.612+0000] {processor.py:925} INFO - DAG(s) 'example_branch_labels' retrieved from /home/airflow/.local/lib/python3.12/site-packages/airflow/example_dags/example_branch_labels.py
[2024-11-14T07:08:23.657+0000] {logging_mixin.py:190} INFO - [2024-11-14T07:08:23.656+0000] {dag.py:3239} INFO - Sync 1 DAGs
[2024-11-14T07:08:23.719+0000] {logging_mixin.py:190} INFO - [2024-11-14T07:08:23.718+0000] {dag.py:4180} INFO - Setting next_dagrun for example_branch_labels to 2024-11-13 00:00:00+00:00, run_after=2024-11-14 00:00:00+00:00
[2024-11-14T07:08:23.748+0000] {processor.py:208} INFO - Processing /home/airflow/.local/lib/python3.12/site-packages/airflow/example_dags/example_branch_labels.py took 0.176 seconds
[2024-11-14T07:12:08.717+0000] {processor.py:186} INFO - Started process (PID=190) to work on /home/airflow/.local/lib/python3.12/site-packages/airflow/example_dags/example_branch_labels.py
[2024-11-14T07:12:08.723+0000] {processor.py:914} INFO - Processing file /home/airflow/.local/lib/python3.12/site-packages/airflow/example_dags/example_branch_labels.py for tasks to queue
[2024-11-14T07:12:08.725+0000] {logging_mixin.py:190} INFO - [2024-11-14T07:12:08.725+0000] {dagbag.py:588} INFO - Filling up the DagBag from /home/airflow/.local/lib/python3.12/site-packages/airflow/example_dags/example_branch_labels.py
[2024-11-14T07:12:08.746+0000] {processor.py:925} INFO - DAG(s) 'example_branch_labels' retrieved from /home/airflow/.local/lib/python3.12/site-packages/airflow/example_dags/example_branch_labels.py
[2024-11-14T07:12:08.797+0000] {logging_mixin.py:190} INFO - [2024-11-14T07:12:08.796+0000] {dag.py:3239} INFO - Sync 1 DAGs
[2024-11-14T07:12:08.876+0000] {logging_mixin.py:190} INFO - [2024-11-14T07:12:08.876+0000] {dag.py:4180} INFO - Setting next_dagrun for example_branch_labels to 2024-11-13 00:00:00+00:00, run_after=2024-11-14 00:00:00+00:00
[2024-11-14T07:12:08.936+0000] {processor.py:208} INFO - Processing /home/airflow/.local/lib/python3.12/site-packages/airflow/example_dags/example_branch_labels.py took 0.232 seconds
[2024-11-14T07:17:13.838+0000] {processor.py:186} INFO - Started process (PID=55) to work on /home/airflow/.local/lib/python3.12/site-packages/airflow/example_dags/example_branch_labels.py
[2024-11-14T07:17:13.839+0000] {processor.py:914} INFO - Processing file /home/airflow/.local/lib/python3.12/site-packages/airflow/example_dags/example_branch_labels.py for tasks to queue
[2024-11-14T07:17:13.842+0000] {logging_mixin.py:190} INFO - [2024-11-14T07:17:13.841+0000] {dagbag.py:588} INFO - Filling up the DagBag from /home/airflow/.local/lib/python3.12/site-packages/airflow/example_dags/example_branch_labels.py
[2024-11-14T07:17:13.857+0000] {processor.py:925} INFO - DAG(s) 'example_branch_labels' retrieved from /home/airflow/.local/lib/python3.12/site-packages/airflow/example_dags/example_branch_labels.py
[2024-11-14T07:17:13.884+0000] {logging_mixin.py:190} INFO - [2024-11-14T07:17:13.883+0000] {dag.py:3239} INFO - Sync 1 DAGs
[2024-11-14T07:17:13.911+0000] {logging_mixin.py:190} INFO - [2024-11-14T07:17:13.910+0000] {dag.py:4180} INFO - Setting next_dagrun for example_branch_labels to 2024-11-13 00:00:00+00:00, run_after=2024-11-14 00:00:00+00:00
[2024-11-14T07:17:13.928+0000] {processor.py:208} INFO - Processing /home/airflow/.local/lib/python3.12/site-packages/airflow/example_dags/example_branch_labels.py took 0.097 seconds
[2024-11-14T07:17:44.329+0000] {processor.py:186} INFO - Started process (PID=125) to work on /home/airflow/.local/lib/python3.12/site-packages/airflow/example_dags/example_branch_labels.py
[2024-11-14T07:17:44.329+0000] {processor.py:914} INFO - Processing file /home/airflow/.local/lib/python3.12/site-packages/airflow/example_dags/example_branch_labels.py for tasks to queue
[2024-11-14T07:17:44.331+0000] {logging_mixin.py:190} INFO - [2024-11-14T07:17:44.331+0000] {dagbag.py:588} INFO - Filling up the DagBag from /home/airflow/.local/lib/python3.12/site-packages/airflow/example_dags/example_branch_labels.py
[2024-11-14T07:17:44.339+0000] {processor.py:925} INFO - DAG(s) 'example_branch_labels' retrieved from /home/airflow/.local/lib/python3.12/site-packages/airflow/example_dags/example_branch_labels.py
[2024-11-14T07:17:44.356+0000] {logging_mixin.py:190} INFO - [2024-11-14T07:17:44.356+0000] {dag.py:3239} INFO - Sync 1 DAGs
[2024-11-14T07:17:44.386+0000] {logging_mixin.py:190} INFO - [2024-11-14T07:17:44.385+0000] {dag.py:4180} INFO - Setting next_dagrun for example_branch_labels to 2024-11-13 00:00:00+00:00, run_after=2024-11-14 00:00:00+00:00
[2024-11-14T07:17:44.411+0000] {processor.py:208} INFO - Processing /home/airflow/.local/lib/python3.12/site-packages/airflow/example_dags/example_branch_labels.py took 0.088 seconds
