[2024-11-14T07:08:25.063+0000] {processor.py:186} INFO - Started process (PID=105) to work on /home/airflow/.local/lib/python3.12/site-packages/airflow/example_dags/example_sensors.py
[2024-11-14T07:08:25.064+0000] {processor.py:914} INFO - Processing file /home/airflow/.local/lib/python3.12/site-packages/airflow/example_dags/example_sensors.py for tasks to queue
[2024-11-14T07:08:25.068+0000] {logging_mixin.py:190} INFO - [2024-11-14T07:08:25.067+0000] {dagbag.py:588} INFO - Filling up the DagBag from /home/airflow/.local/lib/python3.12/site-packages/airflow/example_dags/example_sensors.py
[2024-11-14T07:08:25.097+0000] {processor.py:925} INFO - DAG(s) 'example_sensors' retrieved from /home/airflow/.local/lib/python3.12/site-packages/airflow/example_dags/example_sensors.py
[2024-11-14T07:08:25.135+0000] {logging_mixin.py:190} INFO - [2024-11-14T07:08:25.134+0000] {dag.py:3239} INFO - Sync 1 DAGs
[2024-11-14T07:08:25.158+0000] {logging_mixin.py:190} INFO - [2024-11-14T07:08:25.158+0000] {dag.py:4180} INFO - Setting next_dagrun for example_sensors to None, run_after=None
[2024-11-14T07:08:25.191+0000] {processor.py:208} INFO - Processing /home/airflow/.local/lib/python3.12/site-packages/airflow/example_dags/example_sensors.py took 0.139 seconds
[2024-11-14T07:12:10.037+0000] {processor.py:186} INFO - Started process (PID=200) to work on /home/airflow/.local/lib/python3.12/site-packages/airflow/example_dags/example_sensors.py
[2024-11-14T07:12:10.039+0000] {processor.py:914} INFO - Processing file /home/airflow/.local/lib/python3.12/site-packages/airflow/example_dags/example_sensors.py for tasks to queue
[2024-11-14T07:12:10.041+0000] {logging_mixin.py:190} INFO - [2024-11-14T07:12:10.041+0000] {dagbag.py:588} INFO - Filling up the DagBag from /home/airflow/.local/lib/python3.12/site-packages/airflow/example_dags/example_sensors.py
[2024-11-14T07:12:10.104+0000] {processor.py:925} INFO - DAG(s) 'example_sensors' retrieved from /home/airflow/.local/lib/python3.12/site-packages/airflow/example_dags/example_sensors.py
[2024-11-14T07:12:10.210+0000] {logging_mixin.py:190} INFO - [2024-11-14T07:12:10.209+0000] {dag.py:3239} INFO - Sync 1 DAGs
[2024-11-14T07:12:10.241+0000] {logging_mixin.py:190} INFO - [2024-11-14T07:12:10.241+0000] {dag.py:4180} INFO - Setting next_dagrun for example_sensors to None, run_after=None
[2024-11-14T07:12:10.279+0000] {processor.py:208} INFO - Processing /home/airflow/.local/lib/python3.12/site-packages/airflow/example_dags/example_sensors.py took 0.252 seconds
[2024-11-14T07:17:15.267+0000] {processor.py:186} INFO - Started process (PID=75) to work on /home/airflow/.local/lib/python3.12/site-packages/airflow/example_dags/example_sensors.py
[2024-11-14T07:17:15.267+0000] {processor.py:914} INFO - Processing file /home/airflow/.local/lib/python3.12/site-packages/airflow/example_dags/example_sensors.py for tasks to queue
[2024-11-14T07:17:15.270+0000] {logging_mixin.py:190} INFO - [2024-11-14T07:17:15.269+0000] {dagbag.py:588} INFO - Filling up the DagBag from /home/airflow/.local/lib/python3.12/site-packages/airflow/example_dags/example_sensors.py
[2024-11-14T07:17:15.280+0000] {processor.py:925} INFO - DAG(s) 'example_sensors' retrieved from /home/airflow/.local/lib/python3.12/site-packages/airflow/example_dags/example_sensors.py
[2024-11-14T07:17:15.304+0000] {logging_mixin.py:190} INFO - [2024-11-14T07:17:15.304+0000] {dag.py:3239} INFO - Sync 1 DAGs
[2024-11-14T07:17:15.319+0000] {logging_mixin.py:190} INFO - [2024-11-14T07:17:15.318+0000] {dag.py:4180} INFO - Setting next_dagrun for example_sensors to None, run_after=None
[2024-11-14T07:17:15.342+0000] {processor.py:208} INFO - Processing /home/airflow/.local/lib/python3.12/site-packages/airflow/example_dags/example_sensors.py took 0.080 seconds
[2024-11-14T07:17:45.910+0000] {processor.py:186} INFO - Started process (PID=141) to work on /home/airflow/.local/lib/python3.12/site-packages/airflow/example_dags/example_sensors.py
[2024-11-14T07:17:45.911+0000] {processor.py:914} INFO - Processing file /home/airflow/.local/lib/python3.12/site-packages/airflow/example_dags/example_sensors.py for tasks to queue
[2024-11-14T07:17:45.913+0000] {logging_mixin.py:190} INFO - [2024-11-14T07:17:45.913+0000] {dagbag.py:588} INFO - Filling up the DagBag from /home/airflow/.local/lib/python3.12/site-packages/airflow/example_dags/example_sensors.py
[2024-11-14T07:17:45.921+0000] {processor.py:925} INFO - DAG(s) 'example_sensors' retrieved from /home/airflow/.local/lib/python3.12/site-packages/airflow/example_dags/example_sensors.py
[2024-11-14T07:17:45.945+0000] {logging_mixin.py:190} INFO - [2024-11-14T07:17:45.944+0000] {dag.py:3239} INFO - Sync 1 DAGs
[2024-11-14T07:17:45.958+0000] {logging_mixin.py:190} INFO - [2024-11-14T07:17:45.957+0000] {dag.py:4180} INFO - Setting next_dagrun for example_sensors to None, run_after=None
[2024-11-14T07:17:45.973+0000] {processor.py:208} INFO - Processing /home/airflow/.local/lib/python3.12/site-packages/airflow/example_dags/example_sensors.py took 0.067 seconds
