[2024-11-14T07:12:07.094+0000] {processor.py:186} INFO - Started process (PID=177) to work on /home/airflow/.local/lib/python3.12/site-packages/airflow/example_dags/example_subdag_operator.py
[2024-11-14T07:12:07.095+0000] {processor.py:914} INFO - Processing file /home/airflow/.local/lib/python3.12/site-packages/airflow/example_dags/example_subdag_operator.py for tasks to queue
[2024-11-14T07:12:07.111+0000] {logging_mixin.py:190} INFO - [2024-11-14T07:12:07.110+0000] {dagbag.py:588} INFO - Filling up the DagBag from /home/airflow/.local/lib/python3.12/site-packages/airflow/example_dags/example_subdag_operator.py
[2024-11-14T07:12:07.187+0000] {processor.py:925} INFO - DAG(s) 'example_subdag_operator.section-1', 'example_subdag_operator.section-2', 'example_subdag_operator' retrieved from /home/airflow/.local/lib/python3.12/site-packages/airflow/example_dags/example_subdag_operator.py
[2024-11-14T07:12:07.233+0000] {logging_mixin.py:190} INFO - [2024-11-14T07:12:07.233+0000] {dag.py:3239} INFO - Sync 3 DAGs
[2024-11-14T07:12:07.300+0000] {logging_mixin.py:190} INFO - [2024-11-14T07:12:07.300+0000] {dag.py:4180} INFO - Setting next_dagrun for example_subdag_operator to 2022-01-01 00:00:00+00:00, run_after=2022-01-01 00:00:00+00:00
[2024-11-14T07:12:07.312+0000] {logging_mixin.py:190} INFO - [2024-11-14T07:12:07.312+0000] {dag.py:4180} INFO - Setting next_dagrun for example_subdag_operator.section-1 to None, run_after=None
[2024-11-14T07:12:07.320+0000] {logging_mixin.py:190} INFO - [2024-11-14T07:12:07.320+0000] {dag.py:4180} INFO - Setting next_dagrun for example_subdag_operator.section-2 to None, run_after=None
[2024-11-14T07:12:07.337+0000] {logging_mixin.py:190} INFO - [2024-11-14T07:12:07.336+0000] {dag.py:3239} INFO - Sync 2 DAGs
[2024-11-14T07:12:07.345+0000] {logging_mixin.py:190} INFO - [2024-11-14T07:12:07.345+0000] {dag.py:4180} INFO - Setting next_dagrun for example_subdag_operator.section-1 to None, run_after=None
[2024-11-14T07:12:07.346+0000] {logging_mixin.py:190} INFO - [2024-11-14T07:12:07.346+0000] {dag.py:4180} INFO - Setting next_dagrun for example_subdag_operator.section-2 to None, run_after=None
[2024-11-14T07:12:07.369+0000] {processor.py:208} INFO - Processing /home/airflow/.local/lib/python3.12/site-packages/airflow/example_dags/example_subdag_operator.py took 0.283 seconds
[2024-11-14T07:17:18.305+0000] {processor.py:186} INFO - Started process (PID=111) to work on /home/airflow/.local/lib/python3.12/site-packages/airflow/example_dags/example_subdag_operator.py
[2024-11-14T07:17:18.306+0000] {processor.py:914} INFO - Processing file /home/airflow/.local/lib/python3.12/site-packages/airflow/example_dags/example_subdag_operator.py for tasks to queue
[2024-11-14T07:17:18.308+0000] {logging_mixin.py:190} INFO - [2024-11-14T07:17:18.308+0000] {dagbag.py:588} INFO - Filling up the DagBag from /home/airflow/.local/lib/python3.12/site-packages/airflow/example_dags/example_subdag_operator.py
[2024-11-14T07:17:18.329+0000] {processor.py:925} INFO - DAG(s) 'example_subdag_operator.section-1', 'example_subdag_operator.section-2', 'example_subdag_operator' retrieved from /home/airflow/.local/lib/python3.12/site-packages/airflow/example_dags/example_subdag_operator.py
[2024-11-14T07:17:18.342+0000] {logging_mixin.py:190} INFO - [2024-11-14T07:17:18.341+0000] {dag.py:3239} INFO - Sync 3 DAGs
[2024-11-14T07:17:18.363+0000] {logging_mixin.py:190} INFO - [2024-11-14T07:17:18.362+0000] {dag.py:4180} INFO - Setting next_dagrun for example_subdag_operator to 2022-01-01 00:00:00+00:00, run_after=2022-01-01 00:00:00+00:00
[2024-11-14T07:17:18.366+0000] {logging_mixin.py:190} INFO - [2024-11-14T07:17:18.366+0000] {dag.py:4180} INFO - Setting next_dagrun for example_subdag_operator.section-1 to None, run_after=None
[2024-11-14T07:17:18.368+0000] {logging_mixin.py:190} INFO - [2024-11-14T07:17:18.367+0000] {dag.py:4180} INFO - Setting next_dagrun for example_subdag_operator.section-2 to None, run_after=None
[2024-11-14T07:17:18.375+0000] {logging_mixin.py:190} INFO - [2024-11-14T07:17:18.375+0000] {dag.py:3239} INFO - Sync 2 DAGs
[2024-11-14T07:17:18.382+0000] {logging_mixin.py:190} INFO - [2024-11-14T07:17:18.382+0000] {dag.py:4180} INFO - Setting next_dagrun for example_subdag_operator.section-1 to None, run_after=None
[2024-11-14T07:17:18.383+0000] {logging_mixin.py:190} INFO - [2024-11-14T07:17:18.383+0000] {dag.py:4180} INFO - Setting next_dagrun for example_subdag_operator.section-2 to None, run_after=None
[2024-11-14T07:17:18.397+0000] {processor.py:208} INFO - Processing /home/airflow/.local/lib/python3.12/site-packages/airflow/example_dags/example_subdag_operator.py took 0.097 seconds
[2024-11-14T07:17:49.270+0000] {processor.py:186} INFO - Started process (PID=178) to work on /home/airflow/.local/lib/python3.12/site-packages/airflow/example_dags/example_subdag_operator.py
[2024-11-14T07:17:49.271+0000] {processor.py:914} INFO - Processing file /home/airflow/.local/lib/python3.12/site-packages/airflow/example_dags/example_subdag_operator.py for tasks to queue
[2024-11-14T07:17:49.273+0000] {logging_mixin.py:190} INFO - [2024-11-14T07:17:49.273+0000] {dagbag.py:588} INFO - Filling up the DagBag from /home/airflow/.local/lib/python3.12/site-packages/airflow/example_dags/example_subdag_operator.py
[2024-11-14T07:17:49.294+0000] {processor.py:925} INFO - DAG(s) 'example_subdag_operator.section-1', 'example_subdag_operator.section-2', 'example_subdag_operator' retrieved from /home/airflow/.local/lib/python3.12/site-packages/airflow/example_dags/example_subdag_operator.py
[2024-11-14T07:17:49.312+0000] {logging_mixin.py:190} INFO - [2024-11-14T07:17:49.312+0000] {dag.py:3239} INFO - Sync 3 DAGs
[2024-11-14T07:17:49.351+0000] {logging_mixin.py:190} INFO - [2024-11-14T07:17:49.350+0000] {dag.py:4180} INFO - Setting next_dagrun for example_subdag_operator to 2022-01-01 00:00:00+00:00, run_after=2022-01-01 00:00:00+00:00
[2024-11-14T07:17:49.356+0000] {logging_mixin.py:190} INFO - [2024-11-14T07:17:49.356+0000] {dag.py:4180} INFO - Setting next_dagrun for example_subdag_operator.section-1 to None, run_after=None
[2024-11-14T07:17:49.358+0000] {logging_mixin.py:190} INFO - [2024-11-14T07:17:49.358+0000] {dag.py:4180} INFO - Setting next_dagrun for example_subdag_operator.section-2 to None, run_after=None
[2024-11-14T07:17:49.369+0000] {logging_mixin.py:190} INFO - [2024-11-14T07:17:49.368+0000] {dag.py:3239} INFO - Sync 2 DAGs
[2024-11-14T07:17:49.375+0000] {logging_mixin.py:190} INFO - [2024-11-14T07:17:49.375+0000] {dag.py:4180} INFO - Setting next_dagrun for example_subdag_operator.section-1 to None, run_after=None
[2024-11-14T07:17:49.375+0000] {logging_mixin.py:190} INFO - [2024-11-14T07:17:49.375+0000] {dag.py:4180} INFO - Setting next_dagrun for example_subdag_operator.section-2 to None, run_after=None
[2024-11-14T07:17:49.387+0000] {processor.py:208} INFO - Processing /home/airflow/.local/lib/python3.12/site-packages/airflow/example_dags/example_subdag_operator.py took 0.125 seconds
