[2024-11-14T07:08:24.165+0000] {processor.py:186} INFO - Started process (PID=90) to work on /home/airflow/.local/lib/python3.12/site-packages/airflow/example_dags/example_complex.py
[2024-11-14T07:08:24.167+0000] {processor.py:914} INFO - Processing file /home/airflow/.local/lib/python3.12/site-packages/airflow/example_dags/example_complex.py for tasks to queue
[2024-11-14T07:08:24.171+0000] {logging_mixin.py:190} INFO - [2024-11-14T07:08:24.171+0000] {dagbag.py:588} INFO - Filling up the DagBag from /home/airflow/.local/lib/python3.12/site-packages/airflow/example_dags/example_complex.py
[2024-11-14T07:08:24.208+0000] {processor.py:925} INFO - DAG(s) 'example_complex' retrieved from /home/airflow/.local/lib/python3.12/site-packages/airflow/example_dags/example_complex.py
[2024-11-14T07:08:24.268+0000] {logging_mixin.py:190} INFO - [2024-11-14T07:08:24.267+0000] {dag.py:3239} INFO - Sync 1 DAGs
[2024-11-14T07:08:24.294+0000] {logging_mixin.py:190} INFO - [2024-11-14T07:08:24.294+0000] {dag.py:4180} INFO - Setting next_dagrun for example_complex to None, run_after=None
[2024-11-14T07:08:24.324+0000] {processor.py:208} INFO - Processing /home/airflow/.local/lib/python3.12/site-packages/airflow/example_dags/example_complex.py took 0.181 seconds
[2024-11-14T07:12:09.114+0000] {processor.py:186} INFO - Started process (PID=193) to work on /home/airflow/.local/lib/python3.12/site-packages/airflow/example_dags/example_complex.py
[2024-11-14T07:12:09.117+0000] {processor.py:914} INFO - Processing file /home/airflow/.local/lib/python3.12/site-packages/airflow/example_dags/example_complex.py for tasks to queue
[2024-11-14T07:12:09.119+0000] {logging_mixin.py:190} INFO - [2024-11-14T07:12:09.118+0000] {dagbag.py:588} INFO - Filling up the DagBag from /home/airflow/.local/lib/python3.12/site-packages/airflow/example_dags/example_complex.py
[2024-11-14T07:12:09.160+0000] {processor.py:925} INFO - DAG(s) 'example_complex' retrieved from /home/airflow/.local/lib/python3.12/site-packages/airflow/example_dags/example_complex.py
[2024-11-14T07:12:09.234+0000] {logging_mixin.py:190} INFO - [2024-11-14T07:12:09.234+0000] {dag.py:3239} INFO - Sync 1 DAGs
[2024-11-14T07:12:09.265+0000] {logging_mixin.py:190} INFO - [2024-11-14T07:12:09.265+0000] {dag.py:4180} INFO - Setting next_dagrun for example_complex to None, run_after=None
[2024-11-14T07:12:09.324+0000] {processor.py:208} INFO - Processing /home/airflow/.local/lib/python3.12/site-packages/airflow/example_dags/example_complex.py took 0.225 seconds
[2024-11-14T07:17:14.216+0000] {processor.py:186} INFO - Started process (PID=58) to work on /home/airflow/.local/lib/python3.12/site-packages/airflow/example_dags/example_complex.py
[2024-11-14T07:17:14.217+0000] {processor.py:914} INFO - Processing file /home/airflow/.local/lib/python3.12/site-packages/airflow/example_dags/example_complex.py for tasks to queue
[2024-11-14T07:17:14.220+0000] {logging_mixin.py:190} INFO - [2024-11-14T07:17:14.219+0000] {dagbag.py:588} INFO - Filling up the DagBag from /home/airflow/.local/lib/python3.12/site-packages/airflow/example_dags/example_complex.py
[2024-11-14T07:17:14.237+0000] {processor.py:925} INFO - DAG(s) 'example_complex' retrieved from /home/airflow/.local/lib/python3.12/site-packages/airflow/example_dags/example_complex.py
[2024-11-14T07:17:14.285+0000] {logging_mixin.py:190} INFO - [2024-11-14T07:17:14.285+0000] {dag.py:3239} INFO - Sync 1 DAGs
[2024-11-14T07:17:14.309+0000] {logging_mixin.py:190} INFO - [2024-11-14T07:17:14.308+0000] {dag.py:4180} INFO - Setting next_dagrun for example_complex to None, run_after=None
[2024-11-14T07:17:14.341+0000] {processor.py:208} INFO - Processing /home/airflow/.local/lib/python3.12/site-packages/airflow/example_dags/example_complex.py took 0.133 seconds
[2024-11-14T07:17:44.523+0000] {processor.py:186} INFO - Started process (PID=128) to work on /home/airflow/.local/lib/python3.12/site-packages/airflow/example_dags/example_complex.py
[2024-11-14T07:17:44.524+0000] {processor.py:914} INFO - Processing file /home/airflow/.local/lib/python3.12/site-packages/airflow/example_dags/example_complex.py for tasks to queue
[2024-11-14T07:17:44.526+0000] {logging_mixin.py:190} INFO - [2024-11-14T07:17:44.526+0000] {dagbag.py:588} INFO - Filling up the DagBag from /home/airflow/.local/lib/python3.12/site-packages/airflow/example_dags/example_complex.py
[2024-11-14T07:17:44.536+0000] {processor.py:925} INFO - DAG(s) 'example_complex' retrieved from /home/airflow/.local/lib/python3.12/site-packages/airflow/example_dags/example_complex.py
[2024-11-14T07:17:44.563+0000] {logging_mixin.py:190} INFO - [2024-11-14T07:17:44.563+0000] {dag.py:3239} INFO - Sync 1 DAGs
[2024-11-14T07:17:44.578+0000] {logging_mixin.py:190} INFO - [2024-11-14T07:17:44.577+0000] {dag.py:4180} INFO - Setting next_dagrun for example_complex to None, run_after=None
[2024-11-14T07:17:44.605+0000] {processor.py:208} INFO - Processing /home/airflow/.local/lib/python3.12/site-packages/airflow/example_dags/example_complex.py took 0.086 seconds
