[2024-11-14T07:08:25.226+0000] {processor.py:186} INFO - Started process (PID=107) to work on /home/airflow/.local/lib/python3.12/site-packages/airflow/example_dags/example_sla_dag.py
[2024-11-14T07:08:25.227+0000] {processor.py:914} INFO - Processing file /home/airflow/.local/lib/python3.12/site-packages/airflow/example_dags/example_sla_dag.py for tasks to queue
[2024-11-14T07:08:25.229+0000] {logging_mixin.py:190} INFO - [2024-11-14T07:08:25.228+0000] {dagbag.py:588} INFO - Filling up the DagBag from /home/airflow/.local/lib/python3.12/site-packages/airflow/example_dags/example_sla_dag.py
[2024-11-14T07:08:25.240+0000] {processor.py:925} INFO - DAG(s) 'example_sla_dag' retrieved from /home/airflow/.local/lib/python3.12/site-packages/airflow/example_dags/example_sla_dag.py
[2024-11-14T07:08:25.269+0000] {logging_mixin.py:190} INFO - [2024-11-14T07:08:25.268+0000] {dag.py:3239} INFO - Sync 1 DAGs
[2024-11-14T07:08:25.316+0000] {logging_mixin.py:190} INFO - [2024-11-14T07:08:25.316+0000] {dag.py:4180} INFO - Setting next_dagrun for example_sla_dag to 2024-11-14 07:06:00+00:00, run_after=2024-11-14 07:08:00+00:00
[2024-11-14T07:08:25.354+0000] {processor.py:208} INFO - Processing /home/airflow/.local/lib/python3.12/site-packages/airflow/example_dags/example_sla_dag.py took 0.135 seconds
[2024-11-14T07:12:10.360+0000] {processor.py:186} INFO - Started process (PID=202) to work on /home/airflow/.local/lib/python3.12/site-packages/airflow/example_dags/example_sla_dag.py
[2024-11-14T07:12:10.363+0000] {processor.py:914} INFO - Processing file /home/airflow/.local/lib/python3.12/site-packages/airflow/example_dags/example_sla_dag.py for tasks to queue
[2024-11-14T07:12:10.368+0000] {logging_mixin.py:190} INFO - [2024-11-14T07:12:10.365+0000] {dagbag.py:588} INFO - Filling up the DagBag from /home/airflow/.local/lib/python3.12/site-packages/airflow/example_dags/example_sla_dag.py
[2024-11-14T07:12:10.408+0000] {processor.py:925} INFO - DAG(s) 'example_sla_dag' retrieved from /home/airflow/.local/lib/python3.12/site-packages/airflow/example_dags/example_sla_dag.py
[2024-11-14T07:12:10.481+0000] {logging_mixin.py:190} INFO - [2024-11-14T07:12:10.480+0000] {dag.py:3239} INFO - Sync 1 DAGs
[2024-11-14T07:12:10.544+0000] {logging_mixin.py:190} INFO - [2024-11-14T07:12:10.543+0000] {dag.py:4180} INFO - Setting next_dagrun for example_sla_dag to 2024-11-14 07:10:00+00:00, run_after=2024-11-14 07:12:00+00:00
[2024-11-14T07:12:10.598+0000] {processor.py:208} INFO - Processing /home/airflow/.local/lib/python3.12/site-packages/airflow/example_dags/example_sla_dag.py took 0.259 seconds
[2024-11-14T07:17:15.464+0000] {processor.py:186} INFO - Started process (PID=77) to work on /home/airflow/.local/lib/python3.12/site-packages/airflow/example_dags/example_sla_dag.py
[2024-11-14T07:17:15.465+0000] {processor.py:914} INFO - Processing file /home/airflow/.local/lib/python3.12/site-packages/airflow/example_dags/example_sla_dag.py for tasks to queue
[2024-11-14T07:17:15.466+0000] {logging_mixin.py:190} INFO - [2024-11-14T07:17:15.466+0000] {dagbag.py:588} INFO - Filling up the DagBag from /home/airflow/.local/lib/python3.12/site-packages/airflow/example_dags/example_sla_dag.py
[2024-11-14T07:17:15.474+0000] {processor.py:925} INFO - DAG(s) 'example_sla_dag' retrieved from /home/airflow/.local/lib/python3.12/site-packages/airflow/example_dags/example_sla_dag.py
[2024-11-14T07:17:15.494+0000] {logging_mixin.py:190} INFO - [2024-11-14T07:17:15.494+0000] {dag.py:3239} INFO - Sync 1 DAGs
[2024-11-14T07:17:15.526+0000] {logging_mixin.py:190} INFO - [2024-11-14T07:17:15.526+0000] {dag.py:4180} INFO - Setting next_dagrun for example_sla_dag to 2024-11-14 07:14:00+00:00, run_after=2024-11-14 07:16:00+00:00
[2024-11-14T07:17:15.547+0000] {processor.py:208} INFO - Processing /home/airflow/.local/lib/python3.12/site-packages/airflow/example_dags/example_sla_dag.py took 0.088 seconds
[2024-11-14T07:17:46.007+0000] {processor.py:186} INFO - Started process (PID=143) to work on /home/airflow/.local/lib/python3.12/site-packages/airflow/example_dags/example_sla_dag.py
[2024-11-14T07:17:46.008+0000] {processor.py:914} INFO - Processing file /home/airflow/.local/lib/python3.12/site-packages/airflow/example_dags/example_sla_dag.py for tasks to queue
[2024-11-14T07:17:46.010+0000] {logging_mixin.py:190} INFO - [2024-11-14T07:17:46.010+0000] {dagbag.py:588} INFO - Filling up the DagBag from /home/airflow/.local/lib/python3.12/site-packages/airflow/example_dags/example_sla_dag.py
[2024-11-14T07:17:46.018+0000] {processor.py:925} INFO - DAG(s) 'example_sla_dag' retrieved from /home/airflow/.local/lib/python3.12/site-packages/airflow/example_dags/example_sla_dag.py
[2024-11-14T07:17:46.032+0000] {logging_mixin.py:190} INFO - [2024-11-14T07:17:46.031+0000] {dag.py:3239} INFO - Sync 1 DAGs
[2024-11-14T07:17:46.051+0000] {logging_mixin.py:190} INFO - [2024-11-14T07:17:46.051+0000] {dag.py:4180} INFO - Setting next_dagrun for example_sla_dag to 2024-11-14 07:14:00+00:00, run_after=2024-11-14 07:16:00+00:00
[2024-11-14T07:17:46.066+0000] {processor.py:208} INFO - Processing /home/airflow/.local/lib/python3.12/site-packages/airflow/example_dags/example_sla_dag.py took 0.063 seconds
