[2024-11-14T07:12:06.896+0000] {processor.py:186} INFO - Started process (PID=176) to work on /home/airflow/.local/lib/python3.12/site-packages/airflow/example_dags/example_nested_branch_dag.py
[2024-11-14T07:12:06.897+0000] {processor.py:914} INFO - Processing file /home/airflow/.local/lib/python3.12/site-packages/airflow/example_dags/example_nested_branch_dag.py for tasks to queue
[2024-11-14T07:12:06.899+0000] {logging_mixin.py:190} INFO - [2024-11-14T07:12:06.898+0000] {dagbag.py:588} INFO - Filling up the DagBag from /home/airflow/.local/lib/python3.12/site-packages/airflow/example_dags/example_nested_branch_dag.py
[2024-11-14T07:12:06.922+0000] {processor.py:925} INFO - DAG(s) 'example_nested_branch_dag' retrieved from /home/airflow/.local/lib/python3.12/site-packages/airflow/example_dags/example_nested_branch_dag.py
[2024-11-14T07:12:06.959+0000] {logging_mixin.py:190} INFO - [2024-11-14T07:12:06.959+0000] {dag.py:3239} INFO - Sync 1 DAGs
[2024-11-14T07:12:07.000+0000] {logging_mixin.py:190} INFO - [2024-11-14T07:12:06.999+0000] {dag.py:4180} INFO - Setting next_dagrun for example_nested_branch_dag to 2024-11-13 00:00:00+00:00, run_after=2024-11-14 00:00:00+00:00
[2024-11-14T07:12:07.035+0000] {processor.py:208} INFO - Processing /home/airflow/.local/lib/python3.12/site-packages/airflow/example_dags/example_nested_branch_dag.py took 0.147 seconds
[2024-11-14T07:17:18.183+0000] {processor.py:186} INFO - Started process (PID=110) to work on /home/airflow/.local/lib/python3.12/site-packages/airflow/example_dags/example_nested_branch_dag.py
[2024-11-14T07:17:18.183+0000] {processor.py:914} INFO - Processing file /home/airflow/.local/lib/python3.12/site-packages/airflow/example_dags/example_nested_branch_dag.py for tasks to queue
[2024-11-14T07:17:18.186+0000] {logging_mixin.py:190} INFO - [2024-11-14T07:17:18.186+0000] {dagbag.py:588} INFO - Filling up the DagBag from /home/airflow/.local/lib/python3.12/site-packages/airflow/example_dags/example_nested_branch_dag.py
[2024-11-14T07:17:18.200+0000] {processor.py:925} INFO - DAG(s) 'example_nested_branch_dag' retrieved from /home/airflow/.local/lib/python3.12/site-packages/airflow/example_dags/example_nested_branch_dag.py
[2024-11-14T07:17:18.224+0000] {logging_mixin.py:190} INFO - [2024-11-14T07:17:18.223+0000] {dag.py:3239} INFO - Sync 1 DAGs
[2024-11-14T07:17:18.254+0000] {logging_mixin.py:190} INFO - [2024-11-14T07:17:18.254+0000] {dag.py:4180} INFO - Setting next_dagrun for example_nested_branch_dag to 2024-11-13 00:00:00+00:00, run_after=2024-11-14 00:00:00+00:00
[2024-11-14T07:17:18.281+0000] {processor.py:208} INFO - Processing /home/airflow/.local/lib/python3.12/site-packages/airflow/example_dags/example_nested_branch_dag.py took 0.104 seconds
[2024-11-14T07:17:49.133+0000] {processor.py:186} INFO - Started process (PID=177) to work on /home/airflow/.local/lib/python3.12/site-packages/airflow/example_dags/example_nested_branch_dag.py
[2024-11-14T07:17:49.134+0000] {processor.py:914} INFO - Processing file /home/airflow/.local/lib/python3.12/site-packages/airflow/example_dags/example_nested_branch_dag.py for tasks to queue
[2024-11-14T07:17:49.137+0000] {logging_mixin.py:190} INFO - [2024-11-14T07:17:49.137+0000] {dagbag.py:588} INFO - Filling up the DagBag from /home/airflow/.local/lib/python3.12/site-packages/airflow/example_dags/example_nested_branch_dag.py
[2024-11-14T07:17:49.149+0000] {processor.py:925} INFO - DAG(s) 'example_nested_branch_dag' retrieved from /home/airflow/.local/lib/python3.12/site-packages/airflow/example_dags/example_nested_branch_dag.py
[2024-11-14T07:17:49.171+0000] {logging_mixin.py:190} INFO - [2024-11-14T07:17:49.171+0000] {dag.py:3239} INFO - Sync 1 DAGs
[2024-11-14T07:17:49.204+0000] {logging_mixin.py:190} INFO - [2024-11-14T07:17:49.204+0000] {dag.py:4180} INFO - Setting next_dagrun for example_nested_branch_dag to 2024-11-13 00:00:00+00:00, run_after=2024-11-14 00:00:00+00:00
[2024-11-14T07:17:49.227+0000] {processor.py:208} INFO - Processing /home/airflow/.local/lib/python3.12/site-packages/airflow/example_dags/example_nested_branch_dag.py took 0.102 seconds
