[2024-11-14T07:12:05.066+0000] {processor.py:186} INFO - Started process (PID=163) to work on /home/airflow/.local/lib/python3.12/site-packages/airflow/example_dags/example_branch_operator.py
[2024-11-14T07:12:05.067+0000] {processor.py:914} INFO - Processing file /home/airflow/.local/lib/python3.12/site-packages/airflow/example_dags/example_branch_operator.py for tasks to queue
[2024-11-14T07:12:05.069+0000] {logging_mixin.py:190} INFO - [2024-11-14T07:12:05.068+0000] {dagbag.py:588} INFO - Filling up the DagBag from /home/airflow/.local/lib/python3.12/site-packages/airflow/example_dags/example_branch_operator.py
[2024-11-14T07:12:05.103+0000] {processor.py:925} INFO - DAG(s) 'example_branch_operator' retrieved from /home/airflow/.local/lib/python3.12/site-packages/airflow/example_dags/example_branch_operator.py
[2024-11-14T07:12:05.339+0000] {logging_mixin.py:190} INFO - [2024-11-14T07:12:05.338+0000] {dag.py:3239} INFO - Sync 1 DAGs
[2024-11-14T07:12:05.394+0000] {logging_mixin.py:190} INFO - [2024-11-14T07:12:05.394+0000] {dag.py:4180} INFO - Setting next_dagrun for example_branch_operator to 2024-11-13 00:00:00+00:00, run_after=2024-11-14 00:00:00+00:00
[2024-11-14T07:12:05.437+0000] {processor.py:208} INFO - Processing /home/airflow/.local/lib/python3.12/site-packages/airflow/example_dags/example_branch_operator.py took 0.378 seconds
[2024-11-14T07:17:17.138+0000] {processor.py:186} INFO - Started process (PID=97) to work on /home/airflow/.local/lib/python3.12/site-packages/airflow/example_dags/example_branch_operator.py
[2024-11-14T07:17:17.139+0000] {processor.py:914} INFO - Processing file /home/airflow/.local/lib/python3.12/site-packages/airflow/example_dags/example_branch_operator.py for tasks to queue
[2024-11-14T07:17:17.141+0000] {logging_mixin.py:190} INFO - [2024-11-14T07:17:17.141+0000] {dagbag.py:588} INFO - Filling up the DagBag from /home/airflow/.local/lib/python3.12/site-packages/airflow/example_dags/example_branch_operator.py
[2024-11-14T07:17:17.163+0000] {processor.py:925} INFO - DAG(s) 'example_branch_operator' retrieved from /home/airflow/.local/lib/python3.12/site-packages/airflow/example_dags/example_branch_operator.py
[2024-11-14T07:17:17.338+0000] {logging_mixin.py:190} INFO - [2024-11-14T07:17:17.338+0000] {dag.py:3239} INFO - Sync 1 DAGs
[2024-11-14T07:17:17.369+0000] {logging_mixin.py:190} INFO - [2024-11-14T07:17:17.369+0000] {dag.py:4180} INFO - Setting next_dagrun for example_branch_operator to 2024-11-13 00:00:00+00:00, run_after=2024-11-14 00:00:00+00:00
[2024-11-14T07:17:17.392+0000] {processor.py:208} INFO - Processing /home/airflow/.local/lib/python3.12/site-packages/airflow/example_dags/example_branch_operator.py took 0.259 seconds
[2024-11-14T07:17:48.196+0000] {processor.py:186} INFO - Started process (PID=164) to work on /home/airflow/.local/lib/python3.12/site-packages/airflow/example_dags/example_branch_operator.py
[2024-11-14T07:17:48.197+0000] {processor.py:914} INFO - Processing file /home/airflow/.local/lib/python3.12/site-packages/airflow/example_dags/example_branch_operator.py for tasks to queue
[2024-11-14T07:17:48.199+0000] {logging_mixin.py:190} INFO - [2024-11-14T07:17:48.199+0000] {dagbag.py:588} INFO - Filling up the DagBag from /home/airflow/.local/lib/python3.12/site-packages/airflow/example_dags/example_branch_operator.py
[2024-11-14T07:17:48.215+0000] {processor.py:925} INFO - DAG(s) 'example_branch_operator' retrieved from /home/airflow/.local/lib/python3.12/site-packages/airflow/example_dags/example_branch_operator.py
[2024-11-14T07:17:48.243+0000] {logging_mixin.py:190} INFO - [2024-11-14T07:17:48.243+0000] {dag.py:3239} INFO - Sync 1 DAGs
[2024-11-14T07:17:48.276+0000] {logging_mixin.py:190} INFO - [2024-11-14T07:17:48.275+0000] {dag.py:4180} INFO - Setting next_dagrun for example_branch_operator to 2024-11-13 00:00:00+00:00, run_after=2024-11-14 00:00:00+00:00
[2024-11-14T07:17:48.305+0000] {processor.py:208} INFO - Processing /home/airflow/.local/lib/python3.12/site-packages/airflow/example_dags/example_branch_operator.py took 0.113 seconds
