[2024-11-14T07:12:03.603+0000] {processor.py:186} INFO - Started process (PID=148) to work on /home/airflow/.local/lib/python3.12/site-packages/airflow/example_dags/tutorial.py
[2024-11-14T07:12:03.605+0000] {processor.py:914} INFO - Processing file /home/airflow/.local/lib/python3.12/site-packages/airflow/example_dags/tutorial.py for tasks to queue
[2024-11-14T07:12:03.607+0000] {logging_mixin.py:190} INFO - [2024-11-14T07:12:03.606+0000] {dagbag.py:588} INFO - Filling up the DagBag from /home/airflow/.local/lib/python3.12/site-packages/airflow/example_dags/tutorial.py
[2024-11-14T07:12:03.623+0000] {processor.py:925} INFO - DAG(s) 'tutorial' retrieved from /home/airflow/.local/lib/python3.12/site-packages/airflow/example_dags/tutorial.py
[2024-11-14T07:12:03.660+0000] {logging_mixin.py:190} INFO - [2024-11-14T07:12:03.659+0000] {dag.py:3239} INFO - Sync 1 DAGs
[2024-11-14T07:12:03.698+0000] {logging_mixin.py:190} INFO - [2024-11-14T07:12:03.697+0000] {dag.py:4180} INFO - Setting next_dagrun for tutorial to 2024-11-13 00:00:00+00:00, run_after=2024-11-14 00:00:00+00:00
[2024-11-14T07:12:03.764+0000] {processor.py:208} INFO - Processing /home/airflow/.local/lib/python3.12/site-packages/airflow/example_dags/tutorial.py took 0.175 seconds
[2024-11-14T07:17:16.619+0000] {processor.py:186} INFO - Started process (PID=90) to work on /home/airflow/.local/lib/python3.12/site-packages/airflow/example_dags/tutorial.py
[2024-11-14T07:17:16.620+0000] {processor.py:914} INFO - Processing file /home/airflow/.local/lib/python3.12/site-packages/airflow/example_dags/tutorial.py for tasks to queue
[2024-11-14T07:17:16.622+0000] {logging_mixin.py:190} INFO - [2024-11-14T07:17:16.622+0000] {dagbag.py:588} INFO - Filling up the DagBag from /home/airflow/.local/lib/python3.12/site-packages/airflow/example_dags/tutorial.py
[2024-11-14T07:17:16.631+0000] {processor.py:925} INFO - DAG(s) 'tutorial' retrieved from /home/airflow/.local/lib/python3.12/site-packages/airflow/example_dags/tutorial.py
[2024-11-14T07:17:16.650+0000] {logging_mixin.py:190} INFO - [2024-11-14T07:17:16.649+0000] {dag.py:3239} INFO - Sync 1 DAGs
[2024-11-14T07:17:16.680+0000] {logging_mixin.py:190} INFO - [2024-11-14T07:17:16.680+0000] {dag.py:4180} INFO - Setting next_dagrun for tutorial to 2024-11-13 00:00:00+00:00, run_after=2024-11-14 00:00:00+00:00
[2024-11-14T07:17:16.703+0000] {processor.py:208} INFO - Processing /home/airflow/.local/lib/python3.12/site-packages/airflow/example_dags/tutorial.py took 0.091 seconds
[2024-11-14T07:17:47.772+0000] {processor.py:186} INFO - Started process (PID=157) to work on /home/airflow/.local/lib/python3.12/site-packages/airflow/example_dags/tutorial.py
[2024-11-14T07:17:47.773+0000] {processor.py:914} INFO - Processing file /home/airflow/.local/lib/python3.12/site-packages/airflow/example_dags/tutorial.py for tasks to queue
[2024-11-14T07:17:47.775+0000] {logging_mixin.py:190} INFO - [2024-11-14T07:17:47.775+0000] {dagbag.py:588} INFO - Filling up the DagBag from /home/airflow/.local/lib/python3.12/site-packages/airflow/example_dags/tutorial.py
[2024-11-14T07:17:47.780+0000] {processor.py:925} INFO - DAG(s) 'tutorial' retrieved from /home/airflow/.local/lib/python3.12/site-packages/airflow/example_dags/tutorial.py
[2024-11-14T07:17:47.793+0000] {logging_mixin.py:190} INFO - [2024-11-14T07:17:47.793+0000] {dag.py:3239} INFO - Sync 1 DAGs
[2024-11-14T07:17:47.814+0000] {logging_mixin.py:190} INFO - [2024-11-14T07:17:47.813+0000] {dag.py:4180} INFO - Setting next_dagrun for tutorial to 2024-11-13 00:00:00+00:00, run_after=2024-11-14 00:00:00+00:00
[2024-11-14T07:17:47.836+0000] {processor.py:208} INFO - Processing /home/airflow/.local/lib/python3.12/site-packages/airflow/example_dags/tutorial.py took 0.067 seconds
