[2024-11-14T07:12:05.648+0000] {processor.py:186} INFO - Started process (PID=167) to work on /home/airflow/.local/lib/python3.12/site-packages/airflow/example_dags/tutorial_dag.py
[2024-11-14T07:12:05.649+0000] {processor.py:914} INFO - Processing file /home/airflow/.local/lib/python3.12/site-packages/airflow/example_dags/tutorial_dag.py for tasks to queue
[2024-11-14T07:12:05.650+0000] {logging_mixin.py:190} INFO - [2024-11-14T07:12:05.650+0000] {dagbag.py:588} INFO - Filling up the DagBag from /home/airflow/.local/lib/python3.12/site-packages/airflow/example_dags/tutorial_dag.py
[2024-11-14T07:12:05.666+0000] {processor.py:925} INFO - DAG(s) 'tutorial_dag' retrieved from /home/airflow/.local/lib/python3.12/site-packages/airflow/example_dags/tutorial_dag.py
[2024-11-14T07:12:05.704+0000] {logging_mixin.py:190} INFO - [2024-11-14T07:12:05.703+0000] {dag.py:3239} INFO - Sync 1 DAGs
[2024-11-14T07:12:05.730+0000] {logging_mixin.py:190} INFO - [2024-11-14T07:12:05.730+0000] {dag.py:4180} INFO - Setting next_dagrun for tutorial_dag to None, run_after=None
[2024-11-14T07:12:05.762+0000] {processor.py:208} INFO - Processing /home/airflow/.local/lib/python3.12/site-packages/airflow/example_dags/tutorial_dag.py took 0.127 seconds
[2024-11-14T07:17:17.423+0000] {processor.py:186} INFO - Started process (PID=101) to work on /home/airflow/.local/lib/python3.12/site-packages/airflow/example_dags/tutorial_dag.py
[2024-11-14T07:17:17.423+0000] {processor.py:914} INFO - Processing file /home/airflow/.local/lib/python3.12/site-packages/airflow/example_dags/tutorial_dag.py for tasks to queue
[2024-11-14T07:17:17.425+0000] {logging_mixin.py:190} INFO - [2024-11-14T07:17:17.425+0000] {dagbag.py:588} INFO - Filling up the DagBag from /home/airflow/.local/lib/python3.12/site-packages/airflow/example_dags/tutorial_dag.py
[2024-11-14T07:17:17.432+0000] {processor.py:925} INFO - DAG(s) 'tutorial_dag' retrieved from /home/airflow/.local/lib/python3.12/site-packages/airflow/example_dags/tutorial_dag.py
[2024-11-14T07:17:17.447+0000] {logging_mixin.py:190} INFO - [2024-11-14T07:17:17.446+0000] {dag.py:3239} INFO - Sync 1 DAGs
[2024-11-14T07:17:17.458+0000] {logging_mixin.py:190} INFO - [2024-11-14T07:17:17.458+0000] {dag.py:4180} INFO - Setting next_dagrun for tutorial_dag to None, run_after=None
[2024-11-14T07:17:17.474+0000] {processor.py:208} INFO - Processing /home/airflow/.local/lib/python3.12/site-packages/airflow/example_dags/tutorial_dag.py took 0.056 seconds
[2024-11-14T07:17:48.420+0000] {processor.py:186} INFO - Started process (PID=168) to work on /home/airflow/.local/lib/python3.12/site-packages/airflow/example_dags/tutorial_dag.py
[2024-11-14T07:17:48.421+0000] {processor.py:914} INFO - Processing file /home/airflow/.local/lib/python3.12/site-packages/airflow/example_dags/tutorial_dag.py for tasks to queue
[2024-11-14T07:17:48.423+0000] {logging_mixin.py:190} INFO - [2024-11-14T07:17:48.423+0000] {dagbag.py:588} INFO - Filling up the DagBag from /home/airflow/.local/lib/python3.12/site-packages/airflow/example_dags/tutorial_dag.py
[2024-11-14T07:17:48.429+0000] {processor.py:925} INFO - DAG(s) 'tutorial_dag' retrieved from /home/airflow/.local/lib/python3.12/site-packages/airflow/example_dags/tutorial_dag.py
[2024-11-14T07:17:48.446+0000] {logging_mixin.py:190} INFO - [2024-11-14T07:17:48.445+0000] {dag.py:3239} INFO - Sync 1 DAGs
[2024-11-14T07:17:48.460+0000] {logging_mixin.py:190} INFO - [2024-11-14T07:17:48.460+0000] {dag.py:4180} INFO - Setting next_dagrun for tutorial_dag to None, run_after=None
[2024-11-14T07:17:48.482+0000] {processor.py:208} INFO - Processing /home/airflow/.local/lib/python3.12/site-packages/airflow/example_dags/tutorial_dag.py took 0.066 seconds
