[2024-11-01T15:49:59.874+0000] {local_task_job_runner.py:123} INFO - ::group::Pre task execution logs
[2024-11-01T15:49:59.886+0000] {taskinstance.py:2612} INFO - Dependencies all met for dep_context=non-requeueable deps ti=<TaskInstance: vietstock_article_crawler.vietstock_article_crawler manual__2024-11-01T15:49:56.729817+00:00 [queued]>
[2024-11-01T15:49:59.892+0000] {taskinstance.py:2612} INFO - Dependencies all met for dep_context=requeueable deps ti=<TaskInstance: vietstock_article_crawler.vietstock_article_crawler manual__2024-11-01T15:49:56.729817+00:00 [queued]>
[2024-11-01T15:49:59.892+0000] {taskinstance.py:2865} INFO - Starting attempt 1 of 2
[2024-11-01T15:49:59.904+0000] {taskinstance.py:2888} INFO - Executing <Task(PythonOperator): vietstock_article_crawler> on 2024-11-01 15:49:56.729817+00:00
[2024-11-01T15:49:59.911+0000] {warnings.py:112} WARNING - /home/***/.local/lib/python3.12/site-packages/***/task/task_runner/standard_task_runner.py:70: DeprecationWarning: This process (pid=73) is multi-threaded, use of fork() may lead to deadlocks in the child.
  pid = os.fork()

[2024-11-01T15:49:59.913+0000] {standard_task_runner.py:72} INFO - Started process 76 to run task
[2024-11-01T15:49:59.913+0000] {standard_task_runner.py:104} INFO - Running: ['***', 'tasks', 'run', 'vietstock_article_crawler', 'vietstock_article_crawler', 'manual__2024-11-01T15:49:56.729817+00:00', '--job-id', '21', '--raw', '--subdir', 'DAGS_FOLDER/vietstock crawler_dag.py', '--cfg-path', '/tmp/tmp6zx3dca0']
[2024-11-01T15:49:59.914+0000] {standard_task_runner.py:105} INFO - Job 21: Subtask vietstock_article_crawler
[2024-11-01T15:49:59.952+0000] {task_command.py:467} INFO - Running <TaskInstance: vietstock_article_crawler.vietstock_article_crawler manual__2024-11-01T15:49:56.729817+00:00 [running]> on host c8a216a9394e
[2024-11-01T15:50:00.018+0000] {taskinstance.py:3131} INFO - Exporting env vars: AIRFLOW_CTX_DAG_OWNER='***' AIRFLOW_CTX_DAG_ID='vietstock_article_crawler' AIRFLOW_CTX_TASK_ID='vietstock_article_crawler' AIRFLOW_CTX_EXECUTION_DATE='2024-11-01T15:49:56.729817+00:00' AIRFLOW_CTX_TRY_NUMBER='1' AIRFLOW_CTX_DAG_RUN_ID='manual__2024-11-01T15:49:56.729817+00:00'
[2024-11-01T15:50:00.020+0000] {logging_mixin.py:190} INFO - Task instance is in running state
[2024-11-01T15:50:00.020+0000] {logging_mixin.py:190} INFO -  Previous state of the Task instance: queued
[2024-11-01T15:50:00.020+0000] {logging_mixin.py:190} INFO - Current task name:vietstock_article_crawler state:running start_date:2024-11-01 15:49:59.886833+00:00
[2024-11-01T15:50:00.020+0000] {logging_mixin.py:190} INFO - Dag name:vietstock_article_crawler and current dag run status:running
[2024-11-01T15:50:00.021+0000] {taskinstance.py:731} INFO - ::endgroup::
[2024-11-01T15:50:02.047+0000] {logging_mixin.py:190} INFO - Intitial amount of articles: 1007
[2024-11-01T15:50:02.047+0000] {logger.py:11} INFO - ====== WebDriver manager ======
[2024-11-01T15:50:02.290+0000] {logger.py:11} INFO - Get LATEST chromedriver version for google-chrome
[2024-11-01T15:50:02.460+0000] {logger.py:11} INFO - Get LATEST chromedriver version for google-chrome
[2024-11-01T15:50:02.660+0000] {logger.py:11} INFO - There is no [linux64] chromedriver "130.0.6723.91" for browser google-chrome "130.0.6723" in cache
[2024-11-01T15:50:02.660+0000] {logger.py:11} INFO - Get LATEST chromedriver version for google-chrome
[2024-11-01T15:50:03.109+0000] {logger.py:11} INFO - WebDriver version 130.0.6723.91 selected
[2024-11-01T15:50:03.113+0000] {logger.py:11} INFO - Modern chrome version https://storage.googleapis.com/chrome-for-testing-public/130.0.6723.91/linux64/chromedriver-linux64.zip
[2024-11-01T15:50:03.113+0000] {logger.py:11} INFO - About to download new driver from https://storage.googleapis.com/chrome-for-testing-public/130.0.6723.91/linux64/chromedriver-linux64.zip
[2024-11-01T15:50:03.293+0000] {logger.py:11} INFO - Driver downloading response is 200
[2024-11-01T15:50:04.723+0000] {logger.py:11} INFO - Get LATEST chromedriver version for google-chrome
[2024-11-01T15:50:05.074+0000] {logger.py:11} INFO - Driver has been saved in cache [/home/***/.wdm/drivers/chromedriver/linux64/130.0.6723.91]
[2024-11-01T15:58:04.842+0000] {selenium_manager.py:138} WARNING - Cache folder (/home/***/.cache/selenium) cannot be created: Permission denied (os error 13)
[2024-11-01T15:58:04.843+0000] {selenium_manager.py:138} WARNING - Cache folder (/home/***/.cache/selenium) cannot be created: Permission denied (os error 13)
[2024-11-01T15:58:04.843+0000] {selenium_manager.py:138} WARNING - The chromedriver version (114.0.5735.90) detected in PATH at /usr/local/bin/chromedriver might not be compatible with the detected chrome version (130.0.6723.91); currently, chromedriver 130.0.6723.91 is recommended for chrome 130.*, so it is advised to delete the driver in PATH and retry
[2024-11-01T15:58:05.028+0000] {vietstock crawler_dag.py:94} ERROR - Error in article extraction process: Message: unknown error: Chrome failed to start: crashed.
  (unknown error: DevToolsActivePort file doesn't exist)
  (The process started from chrome location /usr/bin/google-chrome is no longer running, so ChromeDriver is assuming that Chrome has crashed.)
Stacktrace:
#0 0x55f93286a4e3 <unknown>
#1 0x55f932599c76 <unknown>
#2 0x55f9325c2d78 <unknown>
#3 0x55f9325bf029 <unknown>
#4 0x55f9325fdccc <unknown>
#5 0x55f9325fd47f <unknown>
#6 0x55f9325f4de3 <unknown>
#7 0x55f9325ca2dd <unknown>
#8 0x55f9325cb34e <unknown>
#9 0x55f93282a3e4 <unknown>
#10 0x55f93282e3d7 <unknown>
#11 0x55f932838b20 <unknown>
#12 0x55f93282f023 <unknown>
#13 0x55f9327fd1aa <unknown>
#14 0x55f9328536b8 <unknown>
#15 0x55f932853847 <unknown>
#16 0x55f932863243 <unknown>
#17 0x7f01edf5d144 <unknown>

[2024-11-01T15:58:05.325+0000] {vietstock crawler_dag.py:153} INFO - New articles to insert: 0
[2024-11-01T15:58:05.325+0000] {vietstock crawler_dag.py:166} INFO - No new articles to insert.
[2024-11-01T15:58:05.541+0000] {python.py:240} INFO - Done. Returned value was: None
[2024-11-01T15:58:05.549+0000] {taskinstance.py:340} INFO - ::group::Post task execution logs
[2024-11-01T15:58:05.550+0000] {taskinstance.py:352} INFO - Marking task as SUCCESS. dag_id=vietstock_article_crawler, task_id=vietstock_article_crawler, run_id=manual__2024-11-01T15:49:56.729817+00:00, execution_date=20241101T154956, start_date=20241101T154959, end_date=20241101T155805
[2024-11-01T15:58:05.561+0000] {logging_mixin.py:190} INFO - Task instance in success state
[2024-11-01T15:58:05.561+0000] {logging_mixin.py:190} INFO -  Previous state of the Task instance: running
[2024-11-01T15:58:05.561+0000] {logging_mixin.py:190} INFO - Dag name:vietstock_article_crawler queued_at:2024-11-01 15:49:56.743245+00:00
[2024-11-01T15:58:05.561+0000] {logging_mixin.py:190} INFO - Task hostname:c8a216a9394e operator:PythonOperator
[2024-11-01T15:58:05.581+0000] {local_task_job_runner.py:266} INFO - Task exited with return code 0
[2024-11-01T15:58:05.593+0000] {taskinstance.py:3900} INFO - 0 downstream tasks scheduled from follow-on schedule check
[2024-11-01T15:58:05.597+0000] {local_task_job_runner.py:245} INFO - ::endgroup::
