[2024-11-01T16:02:16.539+0000] {local_task_job_runner.py:123} INFO - ::group::Pre task execution logs
[2024-11-01T16:02:16.555+0000] {taskinstance.py:2612} INFO - Dependencies all met for dep_context=non-requeueable deps ti=<TaskInstance: vietstock_article_crawler.vietstock_article_crawler manual__2024-11-01T16:02:14.438240+00:00 [queued]>
[2024-11-01T16:02:16.562+0000] {taskinstance.py:2612} INFO - Dependencies all met for dep_context=requeueable deps ti=<TaskInstance: vietstock_article_crawler.vietstock_article_crawler manual__2024-11-01T16:02:14.438240+00:00 [queued]>
[2024-11-01T16:02:16.562+0000] {taskinstance.py:2865} INFO - Starting attempt 1 of 2
[2024-11-01T16:02:16.573+0000] {taskinstance.py:2888} INFO - Executing <Task(PythonOperator): vietstock_article_crawler> on 2024-11-01 16:02:14.438240+00:00
[2024-11-01T16:02:16.581+0000] {warnings.py:112} WARNING - /home/***/.local/lib/python3.12/site-packages/***/task/task_runner/standard_task_runner.py:70: DeprecationWarning: This process (pid=660) is multi-threaded, use of fork() may lead to deadlocks in the child.
  pid = os.fork()

[2024-11-01T16:02:16.582+0000] {standard_task_runner.py:72} INFO - Started process 663 to run task
[2024-11-01T16:02:16.582+0000] {standard_task_runner.py:104} INFO - Running: ['***', 'tasks', 'run', 'vietstock_article_crawler', 'vietstock_article_crawler', 'manual__2024-11-01T16:02:14.438240+00:00', '--job-id', '22', '--raw', '--subdir', 'DAGS_FOLDER/vietstock crawler_dag.py', '--cfg-path', '/tmp/tmpv5abdpg9']
[2024-11-01T16:02:16.583+0000] {standard_task_runner.py:105} INFO - Job 22: Subtask vietstock_article_crawler
[2024-11-01T16:02:16.623+0000] {task_command.py:467} INFO - Running <TaskInstance: vietstock_article_crawler.vietstock_article_crawler manual__2024-11-01T16:02:14.438240+00:00 [running]> on host c8a216a9394e
[2024-11-01T16:02:16.684+0000] {taskinstance.py:3131} INFO - Exporting env vars: AIRFLOW_CTX_DAG_OWNER='***' AIRFLOW_CTX_DAG_ID='vietstock_article_crawler' AIRFLOW_CTX_TASK_ID='vietstock_article_crawler' AIRFLOW_CTX_EXECUTION_DATE='2024-11-01T16:02:14.438240+00:00' AIRFLOW_CTX_TRY_NUMBER='1' AIRFLOW_CTX_DAG_RUN_ID='manual__2024-11-01T16:02:14.438240+00:00'
[2024-11-01T16:02:16.684+0000] {logging_mixin.py:190} INFO - Task instance is in running state
[2024-11-01T16:02:16.685+0000] {logging_mixin.py:190} INFO -  Previous state of the Task instance: queued
[2024-11-01T16:02:16.685+0000] {logging_mixin.py:190} INFO - Current task name:vietstock_article_crawler state:running start_date:2024-11-01 16:02:16.556320+00:00
[2024-11-01T16:02:16.685+0000] {logging_mixin.py:190} INFO - Dag name:vietstock_article_crawler and current dag run status:running
[2024-11-01T16:02:16.685+0000] {taskinstance.py:731} INFO - ::endgroup::
[2024-11-01T16:02:17.643+0000] {logging_mixin.py:190} INFO - Intitial amount of articles: 1007
[2024-11-01T16:02:17.643+0000] {logger.py:11} INFO - ====== WebDriver manager ======
[2024-11-01T16:02:17.963+0000] {logger.py:11} INFO - Get LATEST chromedriver version for google-chrome
[2024-11-01T16:02:18.886+0000] {logger.py:11} INFO - Get LATEST chromedriver version for google-chrome
[2024-11-01T16:02:19.807+0000] {logger.py:11} INFO - Driver [/home/***/.wdm/drivers/chromedriver/linux64/130.0.6723.91/chromedriver-linux64/chromedriver] found in cache
[2024-11-01T16:03:01.382+0000] {job.py:229} INFO - Heartbeat recovered after 18.44 seconds
[2024-11-01T16:03:45.525+0000] {job.py:229} INFO - Heartbeat recovered after 45.01 seconds
[2024-11-01T16:11:38.969+0000] {selenium_manager.py:138} WARNING - Cache folder (/home/***/.cache/selenium) cannot be created: Permission denied (os error 13)
[2024-11-01T16:11:38.971+0000] {selenium_manager.py:138} WARNING - Cache folder (/home/***/.cache/selenium) cannot be created: Permission denied (os error 13)
[2024-11-01T16:11:38.971+0000] {selenium_manager.py:138} WARNING - The chromedriver version (114.0.5735.90) detected in PATH at /usr/local/bin/chromedriver might not be compatible with the detected chrome version (130.0.6723.91); currently, chromedriver 130.0.6723.91 is recommended for chrome 130.*, so it is advised to delete the driver in PATH and retry
[2024-11-01T16:11:39.152+0000] {vietstock crawler_dag.py:95} ERROR - Error in article extraction process: Message: unknown error: Chrome failed to start: crashed.
  (unknown error: DevToolsActivePort file doesn't exist)
  (The process started from chrome location /usr/bin/google-chrome is no longer running, so ChromeDriver is assuming that Chrome has crashed.)
Stacktrace:
#0 0x55ed773d44e3 <unknown>
#1 0x55ed77103c76 <unknown>
#2 0x55ed7712cd78 <unknown>
#3 0x55ed77129029 <unknown>
#4 0x55ed77167ccc <unknown>
#5 0x55ed7716747f <unknown>
#6 0x55ed7715ede3 <unknown>
#7 0x55ed771342dd <unknown>
#8 0x55ed7713534e <unknown>
#9 0x55ed773943e4 <unknown>
#10 0x55ed773983d7 <unknown>
#11 0x55ed773a2b20 <unknown>
#12 0x55ed77399023 <unknown>
#13 0x55ed773671aa <unknown>
#14 0x55ed773bd6b8 <unknown>
#15 0x55ed773bd847 <unknown>
#16 0x55ed773cd243 <unknown>
#17 0x7fa6915e8144 <unknown>

[2024-11-01T16:11:39.327+0000] {vietstock crawler_dag.py:154} INFO - New articles to insert: 0
[2024-11-01T16:11:39.328+0000] {vietstock crawler_dag.py:167} INFO - No new articles to insert.
[2024-11-01T16:11:39.515+0000] {python.py:240} INFO - Done. Returned value was: None
[2024-11-01T16:11:39.522+0000] {taskinstance.py:340} INFO - ::group::Post task execution logs
[2024-11-01T16:11:39.523+0000] {taskinstance.py:352} INFO - Marking task as SUCCESS. dag_id=vietstock_article_crawler, task_id=vietstock_article_crawler, run_id=manual__2024-11-01T16:02:14.438240+00:00, execution_date=20241101T160214, start_date=20241101T160216, end_date=20241101T161139
[2024-11-01T16:11:39.531+0000] {logging_mixin.py:190} INFO - Task instance in success state
[2024-11-01T16:11:39.532+0000] {logging_mixin.py:190} INFO -  Previous state of the Task instance: running
[2024-11-01T16:11:39.532+0000] {logging_mixin.py:190} INFO - Dag name:vietstock_article_crawler queued_at:2024-11-01 16:02:14.450689+00:00
[2024-11-01T16:11:39.532+0000] {logging_mixin.py:190} INFO - Task hostname:c8a216a9394e operator:PythonOperator
[2024-11-01T16:11:39.561+0000] {local_task_job_runner.py:266} INFO - Task exited with return code 0
[2024-11-01T16:11:39.572+0000] {taskinstance.py:3900} INFO - 0 downstream tasks scheduled from follow-on schedule check
[2024-11-01T16:11:39.575+0000] {local_task_job_runner.py:245} INFO - ::endgroup::
