[2024-11-02T02:04:41.014+0000] {local_task_job_runner.py:123} INFO - ::group::Pre task execution logs
[2024-11-02T02:04:41.041+0000] {taskinstance.py:2612} INFO - Dependencies all met for dep_context=non-requeueable deps ti=<TaskInstance: vietstock_article_crawler.vietstock_article_crawler scheduled__2024-11-01T00:00:00+00:00 [queued]>
[2024-11-02T02:04:41.049+0000] {taskinstance.py:2612} INFO - Dependencies all met for dep_context=requeueable deps ti=<TaskInstance: vietstock_article_crawler.vietstock_article_crawler scheduled__2024-11-01T00:00:00+00:00 [queued]>
[2024-11-02T02:04:41.049+0000] {taskinstance.py:2865} INFO - Starting attempt 1 of 2
[2024-11-02T02:04:41.063+0000] {taskinstance.py:2888} INFO - Executing <Task(PythonOperator): vietstock_article_crawler> on 2024-11-01 00:00:00+00:00
[2024-11-02T02:04:41.074+0000] {warnings.py:112} WARNING - /home/***/.local/lib/python3.12/site-packages/***/task/task_runner/standard_task_runner.py:70: DeprecationWarning: This process (pid=67) is multi-threaded, use of fork() may lead to deadlocks in the child.
  pid = os.fork()

[2024-11-02T02:04:41.076+0000] {standard_task_runner.py:72} INFO - Started process 74 to run task
[2024-11-02T02:04:41.077+0000] {standard_task_runner.py:104} INFO - Running: ['***', 'tasks', 'run', 'vietstock_article_crawler', 'vietstock_article_crawler', 'scheduled__2024-11-01T00:00:00+00:00', '--job-id', '31', '--raw', '--subdir', 'DAGS_FOLDER/vietstock crawler_dag.py', '--cfg-path', '/tmp/tmpm5gvs84g']
[2024-11-02T02:04:41.078+0000] {standard_task_runner.py:105} INFO - Job 31: Subtask vietstock_article_crawler
[2024-11-02T02:04:41.147+0000] {task_command.py:467} INFO - Running <TaskInstance: vietstock_article_crawler.vietstock_article_crawler scheduled__2024-11-01T00:00:00+00:00 [running]> on host d39b318f47fd
[2024-11-02T02:04:41.256+0000] {taskinstance.py:3131} INFO - Exporting env vars: AIRFLOW_CTX_DAG_OWNER='***' AIRFLOW_CTX_DAG_ID='vietstock_article_crawler' AIRFLOW_CTX_TASK_ID='vietstock_article_crawler' AIRFLOW_CTX_EXECUTION_DATE='2024-11-01T00:00:00+00:00' AIRFLOW_CTX_TRY_NUMBER='1' AIRFLOW_CTX_DAG_RUN_ID='scheduled__2024-11-01T00:00:00+00:00'
[2024-11-02T02:04:41.258+0000] {logging_mixin.py:190} INFO - Task instance is in running state
[2024-11-02T02:04:41.258+0000] {logging_mixin.py:190} INFO -  Previous state of the Task instance: queued
[2024-11-02T02:04:41.258+0000] {logging_mixin.py:190} INFO - Current task name:vietstock_article_crawler state:running start_date:2024-11-02 02:04:41.042070+00:00
[2024-11-02T02:04:41.259+0000] {logging_mixin.py:190} INFO - Dag name:vietstock_article_crawler and current dag run status:running
[2024-11-02T02:04:41.259+0000] {taskinstance.py:731} INFO - ::endgroup::
[2024-11-02T02:04:47.264+0000] {logging_mixin.py:190} INFO - Intitial amount of articles: 1007
[2024-11-02T02:04:47.265+0000] {logger.py:11} INFO - ====== WebDriver manager ======
[2024-11-02T02:04:47.577+0000] {logger.py:11} INFO - Get LATEST chromedriver version for google-chrome
[2024-11-02T02:04:59.260+0000] {logger.py:11} INFO - Get LATEST chromedriver version for google-chrome
[2024-11-02T02:04:59.646+0000] {logger.py:11} INFO - There is no [linux64] chromedriver "130.0.6723.91" for browser google-chrome "130.0.6723" in cache
[2024-11-02T02:04:59.654+0000] {logger.py:11} INFO - Get LATEST chromedriver version for google-chrome
[2024-11-02T02:05:00.816+0000] {logger.py:11} INFO - WebDriver version 130.0.6723.91 selected
[2024-11-02T02:05:00.851+0000] {logger.py:11} INFO - Modern chrome version https://storage.googleapis.com/chrome-for-testing-public/130.0.6723.91/linux64/chromedriver-linux64.zip
[2024-11-02T02:05:00.852+0000] {logger.py:11} INFO - About to download new driver from https://storage.googleapis.com/chrome-for-testing-public/130.0.6723.91/linux64/chromedriver-linux64.zip
[2024-11-02T02:05:32.965+0000] {job.py:229} INFO - Heartbeat recovered after 31.22 seconds
[2024-11-02T02:05:33.001+0000] {vietstock crawler_dag.py:65} ERROR - Error while scraping URLs: Could not reach host. Are you offline?
[2024-11-02T02:05:46.153+0000] {selenium_manager.py:138} WARNING - Cache folder (/home/***/.cache/selenium) cannot be created: Permission denied (os error 13)
[2024-11-02T02:05:46.154+0000] {selenium_manager.py:138} WARNING - Cache folder (/home/***/.cache/selenium) cannot be created: Permission denied (os error 13)
[2024-11-02T02:05:46.154+0000] {selenium_manager.py:138} WARNING - The chromedriver version (114.0.5735.90) detected in PATH at /usr/local/bin/chromedriver might not be compatible with the detected chrome version (130.0.6723.91); currently, chromedriver 130.0.6723.91 is recommended for chrome 130.*, so it is advised to delete the driver in PATH and retry
[2024-11-02T02:05:46.582+0000] {vietstock crawler_dag.py:95} ERROR - Error in article extraction process: Message: unknown error: Chrome failed to start: crashed.
  (unknown error: DevToolsActivePort file doesn't exist)
  (The process started from chrome location /usr/bin/google-chrome is no longer running, so ChromeDriver is assuming that Chrome has crashed.)
Stacktrace:
#0 0x561d6b3e44e3 <unknown>
#1 0x561d6b113c76 <unknown>
#2 0x561d6b13cd78 <unknown>
#3 0x561d6b139029 <unknown>
#4 0x561d6b177ccc <unknown>
#5 0x561d6b17747f <unknown>
#6 0x561d6b16ede3 <unknown>
#7 0x561d6b1442dd <unknown>
#8 0x561d6b14534e <unknown>
#9 0x561d6b3a43e4 <unknown>
#10 0x561d6b3a83d7 <unknown>
#11 0x561d6b3b2b20 <unknown>
#12 0x561d6b3a9023 <unknown>
#13 0x561d6b3771aa <unknown>
#14 0x561d6b3cd6b8 <unknown>
#15 0x561d6b3cd847 <unknown>
#16 0x561d6b3dd243 <unknown>
#17 0x7f92b7fe3144 <unknown>

[2024-11-02T02:05:46.954+0000] {vietstock crawler_dag.py:154} INFO - New articles to insert: 0
[2024-11-02T02:05:46.954+0000] {vietstock crawler_dag.py:167} INFO - No new articles to insert.
[2024-11-02T02:05:47.107+0000] {python.py:240} INFO - Done. Returned value was: None
[2024-11-02T02:05:47.113+0000] {taskinstance.py:340} INFO - ::group::Post task execution logs
[2024-11-02T02:05:47.113+0000] {taskinstance.py:352} INFO - Marking task as SUCCESS. dag_id=vietstock_article_crawler, task_id=vietstock_article_crawler, run_id=scheduled__2024-11-01T00:00:00+00:00, execution_date=20241101T000000, start_date=20241102T020441, end_date=20241102T020547
[2024-11-02T02:05:47.122+0000] {logging_mixin.py:190} INFO - Task instance in success state
[2024-11-02T02:05:47.122+0000] {logging_mixin.py:190} INFO -  Previous state of the Task instance: running
[2024-11-02T02:05:47.122+0000] {logging_mixin.py:190} INFO - Dag name:vietstock_article_crawler queued_at:2024-11-02 02:04:34.565918+00:00
[2024-11-02T02:05:47.122+0000] {logging_mixin.py:190} INFO - Task hostname:d39b318f47fd operator:PythonOperator
[2024-11-02T02:05:47.154+0000] {local_task_job_runner.py:266} INFO - Task exited with return code 0
[2024-11-02T02:05:47.166+0000] {taskinstance.py:3900} INFO - 0 downstream tasks scheduled from follow-on schedule check
[2024-11-02T02:05:47.169+0000] {local_task_job_runner.py:245} INFO - ::endgroup::
