[2024-11-02T02:04:35.860+0000] {processor.py:186} INFO - Started process (PID=77) to work on /opt/airflow/dags/simple_dag.py
[2024-11-02T02:04:35.861+0000] {processor.py:914} INFO - Processing file /opt/airflow/dags/simple_dag.py for tasks to queue
[2024-11-02T02:04:35.865+0000] {logging_mixin.py:190} INFO - [2024-11-02T02:04:35.865+0000] {dagbag.py:588} INFO - Filling up the DagBag from /opt/airflow/dags/simple_dag.py
[2024-11-02T02:04:35.884+0000] {processor.py:925} INFO - DAG(s) 'hello_world_dag' retrieved from /opt/airflow/dags/simple_dag.py
[2024-11-02T02:04:36.277+0000] {logging_mixin.py:190} INFO - [2024-11-02T02:04:36.276+0000] {dag.py:3239} INFO - Sync 1 DAGs
[2024-11-02T02:04:36.342+0000] {logging_mixin.py:190} INFO - [2024-11-02T02:04:36.342+0000] {dag.py:4180} INFO - Setting next_dagrun for hello_world_dag to 2024-11-02 01:55:00+00:00, run_after=2024-11-02 02:00:00+00:00
[2024-11-02T02:04:36.382+0000] {processor.py:208} INFO - Processing /opt/airflow/dags/simple_dag.py took 0.532 seconds
[2024-11-02T02:05:33.529+0000] {processor.py:186} INFO - Started process (PID=142) to work on /opt/airflow/dags/simple_dag.py
[2024-11-02T02:05:33.531+0000] {processor.py:914} INFO - Processing file /opt/airflow/dags/simple_dag.py for tasks to queue
[2024-11-02T02:05:33.534+0000] {logging_mixin.py:190} INFO - [2024-11-02T02:05:33.533+0000] {dagbag.py:588} INFO - Filling up the DagBag from /opt/airflow/dags/simple_dag.py
[2024-11-02T02:05:33.552+0000] {processor.py:925} INFO - DAG(s) 'hello_world_dag' retrieved from /opt/airflow/dags/simple_dag.py
[2024-11-02T02:05:33.965+0000] {logging_mixin.py:190} INFO - [2024-11-02T02:05:33.965+0000] {dag.py:3239} INFO - Sync 1 DAGs
[2024-11-02T02:05:34.007+0000] {logging_mixin.py:190} INFO - [2024-11-02T02:05:34.006+0000] {dag.py:4180} INFO - Setting next_dagrun for hello_world_dag to 2024-11-02 02:00:00+00:00, run_after=2024-11-02 02:05:00+00:00
[2024-11-02T02:05:34.047+0000] {processor.py:208} INFO - Processing /opt/airflow/dags/simple_dag.py took 0.527 seconds
[2024-11-02T02:06:04.478+0000] {processor.py:186} INFO - Started process (PID=208) to work on /opt/airflow/dags/simple_dag.py
[2024-11-02T02:06:04.479+0000] {processor.py:914} INFO - Processing file /opt/airflow/dags/simple_dag.py for tasks to queue
[2024-11-02T02:06:04.480+0000] {logging_mixin.py:190} INFO - [2024-11-02T02:06:04.480+0000] {dagbag.py:588} INFO - Filling up the DagBag from /opt/airflow/dags/simple_dag.py
[2024-11-02T02:06:04.486+0000] {processor.py:925} INFO - DAG(s) 'hello_world_dag' retrieved from /opt/airflow/dags/simple_dag.py
[2024-11-02T02:06:04.625+0000] {logging_mixin.py:190} INFO - [2024-11-02T02:06:04.625+0000] {dag.py:3239} INFO - Sync 1 DAGs
[2024-11-02T02:06:04.644+0000] {logging_mixin.py:190} INFO - [2024-11-02T02:06:04.643+0000] {dag.py:4180} INFO - Setting next_dagrun for hello_world_dag to 2024-11-02 02:00:00+00:00, run_after=2024-11-02 02:05:00+00:00
[2024-11-02T02:06:04.660+0000] {processor.py:208} INFO - Processing /opt/airflow/dags/simple_dag.py took 0.186 seconds
[2024-11-02T02:06:34.920+0000] {processor.py:186} INFO - Started process (PID=275) to work on /opt/airflow/dags/simple_dag.py
[2024-11-02T02:06:34.921+0000] {processor.py:914} INFO - Processing file /opt/airflow/dags/simple_dag.py for tasks to queue
[2024-11-02T02:06:34.922+0000] {logging_mixin.py:190} INFO - [2024-11-02T02:06:34.922+0000] {dagbag.py:588} INFO - Filling up the DagBag from /opt/airflow/dags/simple_dag.py
[2024-11-02T02:06:34.928+0000] {processor.py:925} INFO - DAG(s) 'hello_world_dag' retrieved from /opt/airflow/dags/simple_dag.py
[2024-11-02T02:06:35.019+0000] {logging_mixin.py:190} INFO - [2024-11-02T02:06:35.019+0000] {dag.py:3239} INFO - Sync 1 DAGs
[2024-11-02T02:06:35.040+0000] {logging_mixin.py:190} INFO - [2024-11-02T02:06:35.039+0000] {dag.py:4180} INFO - Setting next_dagrun for hello_world_dag to 2024-11-02 02:00:00+00:00, run_after=2024-11-02 02:05:00+00:00
[2024-11-02T02:06:35.055+0000] {processor.py:208} INFO - Processing /opt/airflow/dags/simple_dag.py took 0.139 seconds
