[2024-11-02T02:04:34.702+0000] {processor.py:186} INFO - Started process (PID=70) to work on /opt/airflow/dags/vnexpress_crawler_dag.py
[2024-11-02T02:04:34.703+0000] {processor.py:914} INFO - Processing file /opt/airflow/dags/vnexpress_crawler_dag.py for tasks to queue
[2024-11-02T02:04:34.710+0000] {logging_mixin.py:190} INFO - [2024-11-02T02:04:34.709+0000] {dagbag.py:588} INFO - Filling up the DagBag from /opt/airflow/dags/vnexpress_crawler_dag.py
[2024-11-02T02:04:35.644+0000] {processor.py:925} INFO - DAG(s) 'vnexpress_article_crawler' retrieved from /opt/airflow/dags/vnexpress_crawler_dag.py
[2024-11-02T02:04:35.687+0000] {logging_mixin.py:190} INFO - [2024-11-02T02:04:35.686+0000] {dag.py:3239} INFO - Sync 1 DAGs
[2024-11-02T02:04:35.729+0000] {logging_mixin.py:190} INFO - [2024-11-02T02:04:35.728+0000] {dag.py:4180} INFO - Setting next_dagrun for vnexpress_article_crawler to 2024-11-02 00:00:00+00:00, run_after=2024-11-03 00:00:00+00:00
[2024-11-02T02:04:35.782+0000] {processor.py:208} INFO - Processing /opt/airflow/dags/vnexpress_crawler_dag.py took 1.092 seconds
[2024-11-02T02:05:19.028+0000] {processor.py:186} INFO - Started process (PID=135) to work on /opt/airflow/dags/vnexpress_crawler_dag.py
[2024-11-02T02:05:21.199+0000] {processor.py:914} INFO - Processing file /opt/airflow/dags/vnexpress_crawler_dag.py for tasks to queue
[2024-11-02T02:05:27.027+0000] {logging_mixin.py:190} INFO - [2024-11-02T02:05:25.356+0000] {dagbag.py:588} INFO - Filling up the DagBag from /opt/airflow/dags/vnexpress_crawler_dag.py
[2024-11-02T02:05:33.551+0000] {processor.py:925} INFO - DAG(s) 'vnexpress_article_crawler' retrieved from /opt/airflow/dags/vnexpress_crawler_dag.py
[2024-11-02T02:05:33.594+0000] {logging_mixin.py:190} INFO - [2024-11-02T02:05:33.592+0000] {dag.py:3239} INFO - Sync 1 DAGs
[2024-11-02T02:05:33.655+0000] {logging_mixin.py:190} INFO - [2024-11-02T02:05:33.655+0000] {dag.py:4180} INFO - Setting next_dagrun for vnexpress_article_crawler to 2024-11-02 00:00:00+00:00, run_after=2024-11-03 00:00:00+00:00
[2024-11-02T02:05:33.692+0000] {processor.py:208} INFO - Processing /opt/airflow/dags/vnexpress_crawler_dag.py took 19.907 seconds
[2024-11-02T02:06:04.321+0000] {processor.py:186} INFO - Started process (PID=207) to work on /opt/airflow/dags/vnexpress_crawler_dag.py
[2024-11-02T02:06:04.322+0000] {processor.py:914} INFO - Processing file /opt/airflow/dags/vnexpress_crawler_dag.py for tasks to queue
[2024-11-02T02:06:04.323+0000] {logging_mixin.py:190} INFO - [2024-11-02T02:06:04.323+0000] {dagbag.py:588} INFO - Filling up the DagBag from /opt/airflow/dags/vnexpress_crawler_dag.py
[2024-11-02T02:06:04.462+0000] {processor.py:925} INFO - DAG(s) 'vnexpress_article_crawler' retrieved from /opt/airflow/dags/vnexpress_crawler_dag.py
[2024-11-02T02:06:04.478+0000] {logging_mixin.py:190} INFO - [2024-11-02T02:06:04.478+0000] {dag.py:3239} INFO - Sync 1 DAGs
[2024-11-02T02:06:04.496+0000] {logging_mixin.py:190} INFO - [2024-11-02T02:06:04.495+0000] {dag.py:4180} INFO - Setting next_dagrun for vnexpress_article_crawler to 2024-11-02 00:00:00+00:00, run_after=2024-11-03 00:00:00+00:00
[2024-11-02T02:06:04.509+0000] {processor.py:208} INFO - Processing /opt/airflow/dags/vnexpress_crawler_dag.py took 0.194 seconds
[2024-11-02T02:06:34.679+0000] {processor.py:186} INFO - Started process (PID=273) to work on /opt/airflow/dags/vnexpress_crawler_dag.py
[2024-11-02T02:06:34.680+0000] {processor.py:914} INFO - Processing file /opt/airflow/dags/vnexpress_crawler_dag.py for tasks to queue
[2024-11-02T02:06:34.681+0000] {logging_mixin.py:190} INFO - [2024-11-02T02:06:34.681+0000] {dagbag.py:588} INFO - Filling up the DagBag from /opt/airflow/dags/vnexpress_crawler_dag.py
[2024-11-02T02:06:34.841+0000] {processor.py:925} INFO - DAG(s) 'vnexpress_article_crawler' retrieved from /opt/airflow/dags/vnexpress_crawler_dag.py
[2024-11-02T02:06:34.863+0000] {logging_mixin.py:190} INFO - [2024-11-02T02:06:34.862+0000] {dag.py:3239} INFO - Sync 1 DAGs
[2024-11-02T02:06:34.882+0000] {logging_mixin.py:190} INFO - [2024-11-02T02:06:34.882+0000] {dag.py:4180} INFO - Setting next_dagrun for vnexpress_article_crawler to 2024-11-02 00:00:00+00:00, run_after=2024-11-03 00:00:00+00:00
[2024-11-02T02:06:34.897+0000] {processor.py:208} INFO - Processing /opt/airflow/dags/vnexpress_crawler_dag.py took 0.224 seconds
