[2024-11-01T16:19:27.819+0000] {local_task_job_runner.py:123} INFO - ::group::Pre task execution logs
[2024-11-01T16:19:27.833+0000] {taskinstance.py:2612} INFO - Dependencies all met for dep_context=non-requeueable deps ti=<TaskInstance: vietstock_article_crawler.vietstock_article_crawler manual__2024-11-01T16:19:24.112422+00:00 [queued]>
[2024-11-01T16:19:27.840+0000] {taskinstance.py:2612} INFO - Dependencies all met for dep_context=requeueable deps ti=<TaskInstance: vietstock_article_crawler.vietstock_article_crawler manual__2024-11-01T16:19:24.112422+00:00 [queued]>
[2024-11-01T16:19:27.840+0000] {taskinstance.py:2865} INFO - Starting attempt 1 of 2
[2024-11-01T16:19:27.851+0000] {taskinstance.py:2888} INFO - Executing <Task(PythonOperator): vietstock_article_crawler> on 2024-11-01 16:19:24.112422+00:00
[2024-11-01T16:19:27.859+0000] {warnings.py:112} WARNING - /home/***/.local/lib/python3.12/site-packages/***/task/task_runner/standard_task_runner.py:70: DeprecationWarning: This process (pid=72) is multi-threaded, use of fork() may lead to deadlocks in the child.
  pid = os.fork()

[2024-11-01T16:19:27.860+0000] {standard_task_runner.py:72} INFO - Started process 75 to run task
[2024-11-01T16:19:27.860+0000] {standard_task_runner.py:104} INFO - Running: ['***', 'tasks', 'run', 'vietstock_article_crawler', 'vietstock_article_crawler', 'manual__2024-11-01T16:19:24.112422+00:00', '--job-id', '25', '--raw', '--subdir', 'DAGS_FOLDER/vietstock crawler_dag.py', '--cfg-path', '/tmp/tmpe_nv3c87']
[2024-11-01T16:19:27.861+0000] {standard_task_runner.py:105} INFO - Job 25: Subtask vietstock_article_crawler
[2024-11-01T16:19:27.894+0000] {task_command.py:467} INFO - Running <TaskInstance: vietstock_article_crawler.vietstock_article_crawler manual__2024-11-01T16:19:24.112422+00:00 [running]> on host b99a58a6ed2c
[2024-11-01T16:19:27.949+0000] {taskinstance.py:3131} INFO - Exporting env vars: AIRFLOW_CTX_DAG_OWNER='***' AIRFLOW_CTX_DAG_ID='vietstock_article_crawler' AIRFLOW_CTX_TASK_ID='vietstock_article_crawler' AIRFLOW_CTX_EXECUTION_DATE='2024-11-01T16:19:24.112422+00:00' AIRFLOW_CTX_TRY_NUMBER='1' AIRFLOW_CTX_DAG_RUN_ID='manual__2024-11-01T16:19:24.112422+00:00'
[2024-11-01T16:19:27.950+0000] {logging_mixin.py:190} INFO - Task instance is in running state
[2024-11-01T16:19:27.950+0000] {logging_mixin.py:190} INFO -  Previous state of the Task instance: queued
[2024-11-01T16:19:27.950+0000] {logging_mixin.py:190} INFO - Current task name:vietstock_article_crawler state:running start_date:2024-11-01 16:19:27.833649+00:00
[2024-11-01T16:19:27.950+0000] {logging_mixin.py:190} INFO - Dag name:vietstock_article_crawler and current dag run status:running
[2024-11-01T16:19:27.951+0000] {taskinstance.py:731} INFO - ::endgroup::
[2024-11-01T16:19:29.037+0000] {logging_mixin.py:190} INFO - Intitial amount of articles: 1007
[2024-11-01T16:19:29.039+0000] {logger.py:11} INFO - ====== WebDriver manager ======
[2024-11-01T16:19:29.329+0000] {logger.py:11} INFO - Get LATEST chromedriver version for google-chrome
[2024-11-01T16:19:29.530+0000] {logger.py:11} INFO - Get LATEST chromedriver version for google-chrome
[2024-11-01T16:19:29.685+0000] {logger.py:11} INFO - There is no [linux64] chromedriver "130.0.6723.91" for browser google-chrome "130.0.6723" in cache
[2024-11-01T16:19:29.685+0000] {logger.py:11} INFO - Get LATEST chromedriver version for google-chrome
[2024-11-01T16:19:30.164+0000] {logger.py:11} INFO - WebDriver version 130.0.6723.91 selected
[2024-11-01T16:19:30.166+0000] {logger.py:11} INFO - Modern chrome version https://storage.googleapis.com/chrome-for-testing-public/130.0.6723.91/linux64/chromedriver-linux64.zip
[2024-11-01T16:19:30.166+0000] {logger.py:11} INFO - About to download new driver from https://storage.googleapis.com/chrome-for-testing-public/130.0.6723.91/linux64/chromedriver-linux64.zip
[2024-11-01T16:19:30.272+0000] {logger.py:11} INFO - Driver downloading response is 200
[2024-11-01T16:19:35.161+0000] {logger.py:11} INFO - Get LATEST chromedriver version for google-chrome
[2024-11-01T16:19:35.438+0000] {logger.py:11} INFO - Driver has been saved in cache [/home/***/.wdm/drivers/chromedriver/linux64/130.0.6723.91]
[2024-11-01T16:27:40.141+0000] {selenium_manager.py:138} WARNING - Cache folder (/home/***/.cache/selenium) cannot be created: Permission denied (os error 13)
[2024-11-01T16:27:40.146+0000] {selenium_manager.py:138} WARNING - Cache folder (/home/***/.cache/selenium) cannot be created: Permission denied (os error 13)
[2024-11-01T16:27:40.146+0000] {selenium_manager.py:138} WARNING - The chromedriver version (114.0.5735.90) detected in PATH at /usr/local/bin/chromedriver might not be compatible with the detected chrome version (130.0.6723.91); currently, chromedriver 130.0.6723.91 is recommended for chrome 130.*, so it is advised to delete the driver in PATH and retry
[2024-11-01T16:27:40.333+0000] {vietstock crawler_dag.py:95} ERROR - Error in article extraction process: Message: unknown error: Chrome failed to start: crashed.
  (unknown error: DevToolsActivePort file doesn't exist)
  (The process started from chrome location /usr/bin/google-chrome is no longer running, so ChromeDriver is assuming that Chrome has crashed.)
Stacktrace:
#0 0x564f8412d4e3 <unknown>
#1 0x564f83e5cc76 <unknown>
#2 0x564f83e85d78 <unknown>
#3 0x564f83e82029 <unknown>
#4 0x564f83ec0ccc <unknown>
#5 0x564f83ec047f <unknown>
#6 0x564f83eb7de3 <unknown>
#7 0x564f83e8d2dd <unknown>
#8 0x564f83e8e34e <unknown>
#9 0x564f840ed3e4 <unknown>
#10 0x564f840f13d7 <unknown>
#11 0x564f840fbb20 <unknown>
#12 0x564f840f2023 <unknown>
#13 0x564f840c01aa <unknown>
#14 0x564f841166b8 <unknown>
#15 0x564f84116847 <unknown>
#16 0x564f84126243 <unknown>
#17 0x7ff339e3d144 <unknown>

[2024-11-01T16:27:40.547+0000] {vietstock crawler_dag.py:154} INFO - New articles to insert: 0
[2024-11-01T16:27:40.548+0000] {vietstock crawler_dag.py:167} INFO - No new articles to insert.
[2024-11-01T16:27:40.720+0000] {python.py:240} INFO - Done. Returned value was: None
[2024-11-01T16:27:40.726+0000] {taskinstance.py:340} INFO - ::group::Post task execution logs
[2024-11-01T16:27:40.727+0000] {taskinstance.py:352} INFO - Marking task as SUCCESS. dag_id=vietstock_article_crawler, task_id=vietstock_article_crawler, run_id=manual__2024-11-01T16:19:24.112422+00:00, execution_date=20241101T161924, start_date=20241101T161927, end_date=20241101T162740
[2024-11-01T16:27:40.735+0000] {logging_mixin.py:190} INFO - Task instance in success state
[2024-11-01T16:27:40.735+0000] {logging_mixin.py:190} INFO -  Previous state of the Task instance: running
[2024-11-01T16:27:40.735+0000] {logging_mixin.py:190} INFO - Dag name:vietstock_article_crawler queued_at:2024-11-01 16:19:24.129948+00:00
[2024-11-01T16:27:40.735+0000] {logging_mixin.py:190} INFO - Task hostname:b99a58a6ed2c operator:PythonOperator
[2024-11-01T16:27:40.777+0000] {local_task_job_runner.py:266} INFO - Task exited with return code 0
[2024-11-01T16:27:40.805+0000] {taskinstance.py:3900} INFO - 0 downstream tasks scheduled from follow-on schedule check
[2024-11-01T16:27:40.808+0000] {local_task_job_runner.py:245} INFO - ::endgroup::
