[2024-11-14T07:08:21.684+0000] {processor.py:186} INFO - Started process (PID=68) to work on /opt/airflow/dags/finance_metrics_crawler_dag.py
[2024-11-14T07:08:21.686+0000] {processor.py:914} INFO - Processing file /opt/airflow/dags/finance_metrics_crawler_dag.py for tasks to queue
[2024-11-14T07:08:21.691+0000] {logging_mixin.py:190} INFO - [2024-11-14T07:08:21.690+0000] {dagbag.py:588} INFO - Filling up the DagBag from /opt/airflow/dags/finance_metrics_crawler_dag.py
[2024-11-14T07:08:21.715+0000] {logging_mixin.py:190} INFO - [2024-11-14T07:08:21.700+0000] {dagbag.py:387} ERROR - Failed to import: /opt/airflow/dags/finance_metrics_crawler_dag.py
Traceback (most recent call last):
  File "/home/airflow/.local/lib/python3.12/site-packages/airflow/models/dagbag.py", line 383, in parse
    loader.exec_module(new_module)
  File "<frozen importlib._bootstrap_external>", line 995, in exec_module
  File "<frozen importlib._bootstrap>", line 488, in _call_with_frames_removed
  File "/opt/airflow/dags/finance_metrics_crawler_dag.py", line 4, in <module>
    import cloudscraper
ModuleNotFoundError: No module named 'cloudscraper'
[2024-11-14T07:08:21.716+0000] {processor.py:927} WARNING - No viable dags retrieved from /opt/airflow/dags/finance_metrics_crawler_dag.py
[2024-11-14T07:08:21.746+0000] {processor.py:208} INFO - Processing /opt/airflow/dags/finance_metrics_crawler_dag.py took 0.075 seconds
[2024-11-14T07:12:08.325+0000] {processor.py:186} INFO - Started process (PID=187) to work on /opt/airflow/dags/finance_metrics_crawler_dag.py
[2024-11-14T07:12:08.331+0000] {processor.py:914} INFO - Processing file /opt/airflow/dags/finance_metrics_crawler_dag.py for tasks to queue
[2024-11-14T07:12:08.333+0000] {logging_mixin.py:190} INFO - [2024-11-14T07:12:08.332+0000] {dagbag.py:588} INFO - Filling up the DagBag from /opt/airflow/dags/finance_metrics_crawler_dag.py
[2024-11-14T07:12:08.340+0000] {logging_mixin.py:190} INFO - [2024-11-14T07:12:08.338+0000] {dagbag.py:387} ERROR - Failed to import: /opt/airflow/dags/finance_metrics_crawler_dag.py
Traceback (most recent call last):
  File "/home/airflow/.local/lib/python3.12/site-packages/airflow/models/dagbag.py", line 383, in parse
    loader.exec_module(new_module)
  File "<frozen importlib._bootstrap_external>", line 995, in exec_module
  File "<frozen importlib._bootstrap>", line 488, in _call_with_frames_removed
  File "/opt/airflow/dags/finance_metrics_crawler_dag.py", line 4, in <module>
    import cloudscraper
ModuleNotFoundError: No module named 'cloudscraper'
[2024-11-14T07:12:08.341+0000] {processor.py:927} WARNING - No viable dags retrieved from /opt/airflow/dags/finance_metrics_crawler_dag.py
[2024-11-14T07:12:08.370+0000] {processor.py:208} INFO - Processing /opt/airflow/dags/finance_metrics_crawler_dag.py took 0.054 seconds
[2024-11-14T07:17:12.930+0000] {processor.py:186} INFO - Started process (PID=50) to work on /opt/airflow/dags/finance_metrics_crawler_dag.py
[2024-11-14T07:17:12.931+0000] {processor.py:914} INFO - Processing file /opt/airflow/dags/finance_metrics_crawler_dag.py for tasks to queue
[2024-11-14T07:17:12.934+0000] {logging_mixin.py:190} INFO - [2024-11-14T07:17:12.933+0000] {dagbag.py:588} INFO - Filling up the DagBag from /opt/airflow/dags/finance_metrics_crawler_dag.py
[2024-11-14T07:17:12.939+0000] {logging_mixin.py:190} INFO - [2024-11-14T07:17:12.936+0000] {dagbag.py:387} ERROR - Failed to import: /opt/airflow/dags/finance_metrics_crawler_dag.py
Traceback (most recent call last):
  File "/home/airflow/.local/lib/python3.12/site-packages/airflow/models/dagbag.py", line 383, in parse
    loader.exec_module(new_module)
  File "<frozen importlib._bootstrap_external>", line 995, in exec_module
  File "<frozen importlib._bootstrap>", line 488, in _call_with_frames_removed
  File "/opt/airflow/dags/finance_metrics_crawler_dag.py", line 4, in <module>
    import cloudscraper
ModuleNotFoundError: No module named 'cloudscraper'
[2024-11-14T07:17:12.940+0000] {processor.py:927} WARNING - No viable dags retrieved from /opt/airflow/dags/finance_metrics_crawler_dag.py
[2024-11-14T07:17:12.962+0000] {processor.py:208} INFO - Processing /opt/airflow/dags/finance_metrics_crawler_dag.py took 0.038 seconds
[2024-11-14T07:17:43.060+0000] {processor.py:186} INFO - Started process (PID=121) to work on /opt/airflow/dags/finance_metrics_crawler_dag.py
[2024-11-14T07:17:43.061+0000] {processor.py:914} INFO - Processing file /opt/airflow/dags/finance_metrics_crawler_dag.py for tasks to queue
[2024-11-14T07:17:43.064+0000] {logging_mixin.py:190} INFO - [2024-11-14T07:17:43.063+0000] {dagbag.py:588} INFO - Filling up the DagBag from /opt/airflow/dags/finance_metrics_crawler_dag.py
[2024-11-14T07:17:43.067+0000] {logging_mixin.py:190} INFO - [2024-11-14T07:17:43.066+0000] {dagbag.py:387} ERROR - Failed to import: /opt/airflow/dags/finance_metrics_crawler_dag.py
Traceback (most recent call last):
  File "/home/airflow/.local/lib/python3.12/site-packages/airflow/models/dagbag.py", line 383, in parse
    loader.exec_module(new_module)
  File "<frozen importlib._bootstrap_external>", line 995, in exec_module
  File "<frozen importlib._bootstrap>", line 488, in _call_with_frames_removed
  File "/opt/airflow/dags/finance_metrics_crawler_dag.py", line 4, in <module>
    import cloudscraper
ModuleNotFoundError: No module named 'cloudscraper'
[2024-11-14T07:17:43.068+0000] {processor.py:927} WARNING - No viable dags retrieved from /opt/airflow/dags/finance_metrics_crawler_dag.py
[2024-11-14T07:17:43.091+0000] {processor.py:208} INFO - Processing /opt/airflow/dags/finance_metrics_crawler_dag.py took 0.036 seconds
