[2024-11-14T07:08:23.002+0000] {processor.py:186} INFO - Started process (PID=77) to work on /opt/airflow/dags/simple_dag.py
[2024-11-14T07:08:23.003+0000] {processor.py:914} INFO - Processing file /opt/airflow/dags/simple_dag.py for tasks to queue
[2024-11-14T07:08:23.006+0000] {logging_mixin.py:190} INFO - [2024-11-14T07:08:23.005+0000] {dagbag.py:588} INFO - Filling up the DagBag from /opt/airflow/dags/simple_dag.py
[2024-11-14T07:08:23.020+0000] {processor.py:925} INFO - DAG(s) 'hello_world_dag' retrieved from /opt/airflow/dags/simple_dag.py
[2024-11-14T07:08:23.446+0000] {logging_mixin.py:190} INFO - [2024-11-14T07:08:23.445+0000] {dag.py:3239} INFO - Sync 1 DAGs
[2024-11-14T07:08:23.492+0000] {logging_mixin.py:190} INFO - [2024-11-14T07:08:23.491+0000] {dag.py:4180} INFO - Setting next_dagrun for hello_world_dag to 2024-11-14 07:00:00+00:00, run_after=2024-11-14 07:05:00+00:00
[2024-11-14T07:08:23.526+0000] {processor.py:208} INFO - Processing /opt/airflow/dags/simple_dag.py took 0.534 seconds
[2024-11-14T07:12:08.431+0000] {processor.py:186} INFO - Started process (PID=189) to work on /opt/airflow/dags/simple_dag.py
[2024-11-14T07:12:08.435+0000] {processor.py:914} INFO - Processing file /opt/airflow/dags/simple_dag.py for tasks to queue
[2024-11-14T07:12:08.437+0000] {logging_mixin.py:190} INFO - [2024-11-14T07:12:08.437+0000] {dagbag.py:588} INFO - Filling up the DagBag from /opt/airflow/dags/simple_dag.py
[2024-11-14T07:12:08.455+0000] {processor.py:925} INFO - DAG(s) 'hello_world_dag' retrieved from /opt/airflow/dags/simple_dag.py
[2024-11-14T07:12:08.699+0000] {logging_mixin.py:190} INFO - [2024-11-14T07:12:08.698+0000] {dag.py:3239} INFO - Sync 1 DAGs
[2024-11-14T07:12:08.744+0000] {logging_mixin.py:190} INFO - [2024-11-14T07:12:08.744+0000] {dag.py:4180} INFO - Setting next_dagrun for hello_world_dag to 2024-11-14 07:05:00+00:00, run_after=2024-11-14 07:10:00+00:00
[2024-11-14T07:12:08.784+0000] {processor.py:208} INFO - Processing /opt/airflow/dags/simple_dag.py took 0.365 seconds
[2024-11-14T07:17:13.502+0000] {processor.py:186} INFO - Started process (PID=54) to work on /opt/airflow/dags/simple_dag.py
[2024-11-14T07:17:13.503+0000] {processor.py:914} INFO - Processing file /opt/airflow/dags/simple_dag.py for tasks to queue
[2024-11-14T07:17:13.506+0000] {logging_mixin.py:190} INFO - [2024-11-14T07:17:13.506+0000] {dagbag.py:588} INFO - Filling up the DagBag from /opt/airflow/dags/simple_dag.py
[2024-11-14T07:17:13.522+0000] {processor.py:925} INFO - DAG(s) 'hello_world_dag' retrieved from /opt/airflow/dags/simple_dag.py
[2024-11-14T07:17:13.751+0000] {logging_mixin.py:190} INFO - [2024-11-14T07:17:13.751+0000] {dag.py:3239} INFO - Sync 1 DAGs
[2024-11-14T07:17:13.780+0000] {logging_mixin.py:190} INFO - [2024-11-14T07:17:13.779+0000] {dag.py:4180} INFO - Setting next_dagrun for hello_world_dag to 2024-11-14 07:10:00+00:00, run_after=2024-11-14 07:15:00+00:00
[2024-11-14T07:17:13.802+0000] {processor.py:208} INFO - Processing /opt/airflow/dags/simple_dag.py took 0.309 seconds
[2024-11-14T07:17:44.272+0000] {processor.py:186} INFO - Started process (PID=124) to work on /opt/airflow/dags/simple_dag.py
[2024-11-14T07:17:44.273+0000] {processor.py:914} INFO - Processing file /opt/airflow/dags/simple_dag.py for tasks to queue
[2024-11-14T07:17:44.275+0000] {logging_mixin.py:190} INFO - [2024-11-14T07:17:44.275+0000] {dagbag.py:588} INFO - Filling up the DagBag from /opt/airflow/dags/simple_dag.py
[2024-11-14T07:17:44.281+0000] {processor.py:925} INFO - DAG(s) 'hello_world_dag' retrieved from /opt/airflow/dags/simple_dag.py
[2024-11-14T07:17:44.406+0000] {logging_mixin.py:190} INFO - [2024-11-14T07:17:44.406+0000] {dag.py:3239} INFO - Sync 1 DAGs
[2024-11-14T07:17:44.429+0000] {logging_mixin.py:190} INFO - [2024-11-14T07:17:44.428+0000] {dag.py:4180} INFO - Setting next_dagrun for hello_world_dag to 2024-11-14 07:10:00+00:00, run_after=2024-11-14 07:15:00+00:00
[2024-11-14T07:17:44.452+0000] {processor.py:208} INFO - Processing /opt/airflow/dags/simple_dag.py took 0.185 seconds
