[2024-11-14T07:08:22.578+0000] {processor.py:186} INFO - Started process (PID=76) to work on /opt/airflow/dags/stock_data_crawler_dag.py
[2024-11-14T07:08:22.581+0000] {processor.py:914} INFO - Processing file /opt/airflow/dags/stock_data_crawler_dag.py for tasks to queue
[2024-11-14T07:08:22.588+0000] {logging_mixin.py:190} INFO - [2024-11-14T07:08:22.587+0000] {dagbag.py:588} INFO - Filling up the DagBag from /opt/airflow/dags/stock_data_crawler_dag.py
[2024-11-14T07:08:23.951+0000] {processor.py:925} INFO - DAG(s) 'stock_data_update' retrieved from /opt/airflow/dags/stock_data_crawler_dag.py
[2024-11-14T07:08:24.013+0000] {logging_mixin.py:190} INFO - [2024-11-14T07:08:24.012+0000] {dag.py:3239} INFO - Sync 1 DAGs
[2024-11-14T07:08:24.050+0000] {logging_mixin.py:190} INFO - [2024-11-14T07:08:24.050+0000] {dag.py:4180} INFO - Setting next_dagrun for stock_data_update to 2024-11-14 00:00:00+00:00, run_after=2024-11-15 00:00:00+00:00
[2024-11-14T07:08:24.091+0000] {processor.py:208} INFO - Processing /opt/airflow/dags/stock_data_crawler_dag.py took 1.527 seconds
[2024-11-14T07:12:01.159+0000] {processor.py:186} INFO - Started process (PID=128) to work on /opt/airflow/dags/stock_data_crawler_dag.py
[2024-11-14T07:12:01.163+0000] {processor.py:914} INFO - Processing file /opt/airflow/dags/stock_data_crawler_dag.py for tasks to queue
[2024-11-14T07:12:01.165+0000] {logging_mixin.py:190} INFO - [2024-11-14T07:12:01.164+0000] {dagbag.py:588} INFO - Filling up the DagBag from /opt/airflow/dags/stock_data_crawler_dag.py
[2024-11-14T07:12:02.562+0000] {processor.py:925} INFO - DAG(s) 'stock_data_update' retrieved from /opt/airflow/dags/stock_data_crawler_dag.py
[2024-11-14T07:12:02.597+0000] {logging_mixin.py:190} INFO - [2024-11-14T07:12:02.596+0000] {taskinstance.py:3312} ERROR - {'DAG Id': 'stock_data_update', 'Task Id': 'update_stock_data', 'Run Id': 'scheduled__2024-11-01T00:00:00+00:00', 'Hostname': 'd39b318f47fd', 'External Executor Id': '7bf713da-ec56-4e64-8f86-7f91bf0af852'}
[2024-11-14T07:12:02.657+0000] {logging_mixin.py:190} INFO - Task instance in failure state
[2024-11-14T07:12:02.658+0000] {logging_mixin.py:190} INFO - Task start:2024-11-02 02:05:33.655959+00:00 end:2024-11-14 07:12:02.656759+00:00 duration:1055189.0008
[2024-11-14T07:12:02.659+0000] {logging_mixin.py:190} INFO - Task:<Task(PythonOperator): update_stock_data> dag:<DAG: stock_data_update> dagrun:<DagRun stock_data_update @ 2024-11-01 00:00:00+00:00: scheduled__2024-11-01T00:00:00+00:00, state:running, queued_at: 2024-11-02 02:04:34.639098+00:00. externally triggered: False>
[2024-11-14T07:12:02.659+0000] {logging_mixin.py:190} INFO - Failure caused by {'DAG Id': 'stock_data_update', 'Task Id': 'update_stock_data', 'Run Id': 'scheduled__2024-11-01T00:00:00+00:00', 'Hostname': 'd39b318f47fd', 'External Executor Id': '7bf713da-ec56-4e64-8f86-7f91bf0af852'}
[2024-11-14T07:12:02.660+0000] {logging_mixin.py:190} INFO - [2024-11-14T07:12:02.660+0000] {taskinstance.py:1225} INFO - Marking task as UP_FOR_RETRY. dag_id=stock_data_update, task_id=update_stock_data, run_id=scheduled__2024-11-01T00:00:00+00:00, execution_date=20241101T000000, start_date=20241102T020533, end_date=20241114T071202
[2024-11-14T07:12:02.690+0000] {logging_mixin.py:190} INFO - [2024-11-14T07:12:02.690+0000] {processor.py:876} INFO - Executed callback for <TaskInstance: stock_data_update.update_stock_data scheduled__2024-11-01T00:00:00+00:00 [up_for_retry]> in state up_for_retry
[2024-11-14T07:12:02.712+0000] {logging_mixin.py:190} INFO - [2024-11-14T07:12:02.711+0000] {dag.py:3239} INFO - Sync 1 DAGs
[2024-11-14T07:12:02.751+0000] {logging_mixin.py:190} INFO - [2024-11-14T07:12:02.750+0000] {dag.py:4180} INFO - Setting next_dagrun for stock_data_update to 2024-11-14 00:00:00+00:00, run_after=2024-11-15 00:00:00+00:00
[2024-11-14T07:12:02.782+0000] {processor.py:208} INFO - Processing /opt/airflow/dags/stock_data_crawler_dag.py took 1.644 seconds
[2024-11-14T07:17:13.234+0000] {processor.py:186} INFO - Started process (PID=53) to work on /opt/airflow/dags/stock_data_crawler_dag.py
[2024-11-14T07:17:13.239+0000] {processor.py:914} INFO - Processing file /opt/airflow/dags/stock_data_crawler_dag.py for tasks to queue
[2024-11-14T07:17:13.242+0000] {logging_mixin.py:190} INFO - [2024-11-14T07:17:13.241+0000] {dagbag.py:588} INFO - Filling up the DagBag from /opt/airflow/dags/stock_data_crawler_dag.py
[2024-11-14T07:17:15.562+0000] {processor.py:925} INFO - DAG(s) 'stock_data_update' retrieved from /opt/airflow/dags/stock_data_crawler_dag.py
[2024-11-14T07:17:15.587+0000] {logging_mixin.py:190} INFO - [2024-11-14T07:17:15.587+0000] {dag.py:3239} INFO - Sync 1 DAGs
[2024-11-14T07:17:15.614+0000] {logging_mixin.py:190} INFO - [2024-11-14T07:17:15.613+0000] {dag.py:4180} INFO - Setting next_dagrun for stock_data_update to 2024-11-14 00:00:00+00:00, run_after=2024-11-15 00:00:00+00:00
[2024-11-14T07:17:15.632+0000] {processor.py:208} INFO - Processing /opt/airflow/dags/stock_data_crawler_dag.py took 2.410 seconds
[2024-11-14T07:17:46.090+0000] {processor.py:186} INFO - Started process (PID=144) to work on /opt/airflow/dags/stock_data_crawler_dag.py
[2024-11-14T07:17:46.091+0000] {processor.py:914} INFO - Processing file /opt/airflow/dags/stock_data_crawler_dag.py for tasks to queue
[2024-11-14T07:17:46.092+0000] {logging_mixin.py:190} INFO - [2024-11-14T07:17:46.092+0000] {dagbag.py:588} INFO - Filling up the DagBag from /opt/airflow/dags/stock_data_crawler_dag.py
[2024-11-14T07:17:47.291+0000] {processor.py:925} INFO - DAG(s) 'stock_data_update' retrieved from /opt/airflow/dags/stock_data_crawler_dag.py
[2024-11-14T07:17:47.305+0000] {logging_mixin.py:190} INFO - [2024-11-14T07:17:47.304+0000] {dag.py:3239} INFO - Sync 1 DAGs
[2024-11-14T07:17:47.322+0000] {logging_mixin.py:190} INFO - [2024-11-14T07:17:47.321+0000] {dag.py:4180} INFO - Setting next_dagrun for stock_data_update to 2024-11-14 00:00:00+00:00, run_after=2024-11-15 00:00:00+00:00
[2024-11-14T07:17:47.334+0000] {processor.py:208} INFO - Processing /opt/airflow/dags/stock_data_crawler_dag.py took 1.249 seconds
