[2024-11-14T07:08:21.708+0000] {processor.py:186} INFO - Started process (PID=69) to work on /opt/airflow/dags/vietstock crawler_dag.py
[2024-11-14T07:08:21.710+0000] {processor.py:914} INFO - Processing file /opt/airflow/dags/vietstock crawler_dag.py for tasks to queue
[2024-11-14T07:08:21.714+0000] {logging_mixin.py:190} INFO - [2024-11-14T07:08:21.714+0000] {dagbag.py:588} INFO - Filling up the DagBag from /opt/airflow/dags/vietstock crawler_dag.py
[2024-11-14T07:08:22.276+0000] {processor.py:925} INFO - DAG(s) 'vietstock_article_crawler' retrieved from /opt/airflow/dags/vietstock crawler_dag.py
[2024-11-14T07:08:22.394+0000] {logging_mixin.py:190} INFO - [2024-11-14T07:08:22.393+0000] {dag.py:3239} INFO - Sync 1 DAGs
[2024-11-14T07:08:22.446+0000] {logging_mixin.py:190} INFO - [2024-11-14T07:08:22.445+0000] {dag.py:4180} INFO - Setting next_dagrun for vietstock_article_crawler to 2024-11-03 00:00:00+00:00, run_after=2024-11-04 00:00:00+00:00
[2024-11-14T07:08:22.493+0000] {processor.py:208} INFO - Processing /opt/airflow/dags/vietstock crawler_dag.py took 0.799 seconds
[2024-11-14T07:12:08.361+0000] {processor.py:186} INFO - Started process (PID=188) to work on /opt/airflow/dags/vietstock crawler_dag.py
[2024-11-14T07:12:08.367+0000] {processor.py:914} INFO - Processing file /opt/airflow/dags/vietstock crawler_dag.py for tasks to queue
[2024-11-14T07:12:08.369+0000] {logging_mixin.py:190} INFO - [2024-11-14T07:12:08.368+0000] {dagbag.py:588} INFO - Filling up the DagBag from /opt/airflow/dags/vietstock crawler_dag.py
[2024-11-14T07:12:08.513+0000] {processor.py:925} INFO - DAG(s) 'vietstock_article_crawler' retrieved from /opt/airflow/dags/vietstock crawler_dag.py
[2024-11-14T07:12:08.553+0000] {logging_mixin.py:190} INFO - [2024-11-14T07:12:08.553+0000] {dag.py:3239} INFO - Sync 1 DAGs
[2024-11-14T07:12:08.606+0000] {logging_mixin.py:190} INFO - [2024-11-14T07:12:08.605+0000] {dag.py:4180} INFO - Setting next_dagrun for vietstock_article_crawler to 2024-11-14 00:00:00+00:00, run_after=2024-11-15 00:00:00+00:00
[2024-11-14T07:12:08.652+0000] {processor.py:208} INFO - Processing /opt/airflow/dags/vietstock crawler_dag.py took 0.299 seconds
[2024-11-14T07:17:12.941+0000] {processor.py:186} INFO - Started process (PID=51) to work on /opt/airflow/dags/vietstock crawler_dag.py
[2024-11-14T07:17:12.942+0000] {processor.py:914} INFO - Processing file /opt/airflow/dags/vietstock crawler_dag.py for tasks to queue
[2024-11-14T07:17:12.945+0000] {logging_mixin.py:190} INFO - [2024-11-14T07:17:12.944+0000] {dagbag.py:588} INFO - Filling up the DagBag from /opt/airflow/dags/vietstock crawler_dag.py
[2024-11-14T07:17:13.094+0000] {processor.py:925} INFO - DAG(s) 'vietstock_article_crawler' retrieved from /opt/airflow/dags/vietstock crawler_dag.py
[2024-11-14T07:17:13.129+0000] {logging_mixin.py:190} INFO - [2024-11-14T07:17:13.128+0000] {dag.py:3239} INFO - Sync 1 DAGs
[2024-11-14T07:17:13.163+0000] {logging_mixin.py:190} INFO - [2024-11-14T07:17:13.162+0000] {dag.py:4180} INFO - Setting next_dagrun for vietstock_article_crawler to 2024-11-14 00:00:00+00:00, run_after=2024-11-15 00:00:00+00:00
[2024-11-14T07:17:13.185+0000] {processor.py:208} INFO - Processing /opt/airflow/dags/vietstock crawler_dag.py took 0.251 seconds
[2024-11-14T07:17:44.095+0000] {processor.py:186} INFO - Started process (PID=122) to work on /opt/airflow/dags/vietstock crawler_dag.py
[2024-11-14T07:17:44.096+0000] {processor.py:914} INFO - Processing file /opt/airflow/dags/vietstock crawler_dag.py for tasks to queue
[2024-11-14T07:17:44.097+0000] {logging_mixin.py:190} INFO - [2024-11-14T07:17:44.097+0000] {dagbag.py:588} INFO - Filling up the DagBag from /opt/airflow/dags/vietstock crawler_dag.py
[2024-11-14T07:17:44.166+0000] {processor.py:925} INFO - DAG(s) 'vietstock_article_crawler' retrieved from /opt/airflow/dags/vietstock crawler_dag.py
[2024-11-14T07:17:44.187+0000] {logging_mixin.py:190} INFO - [2024-11-14T07:17:44.187+0000] {dag.py:3239} INFO - Sync 1 DAGs
[2024-11-14T07:17:44.224+0000] {logging_mixin.py:190} INFO - [2024-11-14T07:17:44.223+0000] {dag.py:4180} INFO - Setting next_dagrun for vietstock_article_crawler to 2024-11-14 00:00:00+00:00, run_after=2024-11-15 00:00:00+00:00
[2024-11-14T07:17:44.248+0000] {processor.py:208} INFO - Processing /opt/airflow/dags/vietstock crawler_dag.py took 0.158 seconds
