[2024-11-02T02:04:39.546+0000] {processor.py:186} INFO - Started process (PID=92) to work on /home/airflow/.local/lib/python3.12/site-packages/airflow/example_dags/example_dataset_alias.py
[2024-11-02T02:04:39.547+0000] {processor.py:914} INFO - Processing file /home/airflow/.local/lib/python3.12/site-packages/airflow/example_dags/example_dataset_alias.py for tasks to queue
[2024-11-02T02:04:39.549+0000] {logging_mixin.py:190} INFO - [2024-11-02T02:04:39.548+0000] {dagbag.py:588} INFO - Filling up the DagBag from /home/airflow/.local/lib/python3.12/site-packages/airflow/example_dags/example_dataset_alias.py
[2024-11-02T02:04:40.551+0000] {processor.py:925} INFO - DAG(s) 'dataset_s3_bucket_consumer', 'dataset_alias_example_alias_consumer', 'dataset_s3_bucket_producer', 'dataset_alias_example_alias_producer' retrieved from /home/airflow/.local/lib/python3.12/site-packages/airflow/example_dags/example_dataset_alias.py
[2024-11-02T02:04:40.576+0000] {logging_mixin.py:190} INFO - [2024-11-02T02:04:40.576+0000] {dag.py:3239} INFO - Sync 4 DAGs
[2024-11-02T02:04:40.626+0000] {logging_mixin.py:190} INFO - [2024-11-02T02:04:40.626+0000] {dag.py:4180} INFO - Setting next_dagrun for dataset_alias_example_alias_consumer to None, run_after=None
[2024-11-02T02:04:40.630+0000] {logging_mixin.py:190} INFO - [2024-11-02T02:04:40.630+0000] {dag.py:4180} INFO - Setting next_dagrun for dataset_alias_example_alias_producer to None, run_after=None
[2024-11-02T02:04:40.632+0000] {logging_mixin.py:190} INFO - [2024-11-02T02:04:40.632+0000] {dag.py:4180} INFO - Setting next_dagrun for dataset_s3_bucket_consumer to None, run_after=None
[2024-11-02T02:04:40.634+0000] {logging_mixin.py:190} INFO - [2024-11-02T02:04:40.633+0000] {dag.py:4180} INFO - Setting next_dagrun for dataset_s3_bucket_producer to None, run_after=None
[2024-11-02T02:04:40.678+0000] {processor.py:208} INFO - Processing /home/airflow/.local/lib/python3.12/site-packages/airflow/example_dags/example_dataset_alias.py took 1.137 seconds
[2024-11-02T02:05:35.200+0000] {processor.py:186} INFO - Started process (PID=158) to work on /home/airflow/.local/lib/python3.12/site-packages/airflow/example_dags/example_dataset_alias.py
[2024-11-02T02:05:35.201+0000] {processor.py:914} INFO - Processing file /home/airflow/.local/lib/python3.12/site-packages/airflow/example_dags/example_dataset_alias.py for tasks to queue
[2024-11-02T02:05:35.203+0000] {logging_mixin.py:190} INFO - [2024-11-02T02:05:35.203+0000] {dagbag.py:588} INFO - Filling up the DagBag from /home/airflow/.local/lib/python3.12/site-packages/airflow/example_dags/example_dataset_alias.py
[2024-11-02T02:05:35.619+0000] {processor.py:925} INFO - DAG(s) 'dataset_alias_example_alias_producer', 'dataset_s3_bucket_consumer', 'dataset_s3_bucket_producer', 'dataset_alias_example_alias_consumer' retrieved from /home/airflow/.local/lib/python3.12/site-packages/airflow/example_dags/example_dataset_alias.py
[2024-11-02T02:05:35.668+0000] {logging_mixin.py:190} INFO - [2024-11-02T02:05:35.661+0000] {dag.py:3239} INFO - Sync 4 DAGs
[2024-11-02T02:05:35.711+0000] {logging_mixin.py:190} INFO - [2024-11-02T02:05:35.710+0000] {dag.py:4180} INFO - Setting next_dagrun for dataset_alias_example_alias_consumer to None, run_after=None
[2024-11-02T02:05:35.715+0000] {logging_mixin.py:190} INFO - [2024-11-02T02:05:35.715+0000] {dag.py:4180} INFO - Setting next_dagrun for dataset_alias_example_alias_producer to None, run_after=None
[2024-11-02T02:05:35.716+0000] {logging_mixin.py:190} INFO - [2024-11-02T02:05:35.716+0000] {dag.py:4180} INFO - Setting next_dagrun for dataset_s3_bucket_consumer to None, run_after=None
[2024-11-02T02:05:35.718+0000] {logging_mixin.py:190} INFO - [2024-11-02T02:05:35.717+0000] {dag.py:4180} INFO - Setting next_dagrun for dataset_s3_bucket_producer to None, run_after=None
[2024-11-02T02:05:35.777+0000] {processor.py:208} INFO - Processing /home/airflow/.local/lib/python3.12/site-packages/airflow/example_dags/example_dataset_alias.py took 0.584 seconds
[2024-11-02T02:06:06.292+0000] {processor.py:186} INFO - Started process (PID=223) to work on /home/airflow/.local/lib/python3.12/site-packages/airflow/example_dags/example_dataset_alias.py
[2024-11-02T02:06:06.292+0000] {processor.py:914} INFO - Processing file /home/airflow/.local/lib/python3.12/site-packages/airflow/example_dags/example_dataset_alias.py for tasks to queue
[2024-11-02T02:06:06.294+0000] {logging_mixin.py:190} INFO - [2024-11-02T02:06:06.294+0000] {dagbag.py:588} INFO - Filling up the DagBag from /home/airflow/.local/lib/python3.12/site-packages/airflow/example_dags/example_dataset_alias.py
[2024-11-02T02:06:06.406+0000] {processor.py:925} INFO - DAG(s) 'dataset_s3_bucket_consumer', 'dataset_alias_example_alias_consumer', 'dataset_s3_bucket_producer', 'dataset_alias_example_alias_producer' retrieved from /home/airflow/.local/lib/python3.12/site-packages/airflow/example_dags/example_dataset_alias.py
[2024-11-02T02:06:06.420+0000] {logging_mixin.py:190} INFO - [2024-11-02T02:06:06.419+0000] {dag.py:3239} INFO - Sync 4 DAGs
[2024-11-02T02:06:06.433+0000] {logging_mixin.py:190} INFO - [2024-11-02T02:06:06.433+0000] {dag.py:4180} INFO - Setting next_dagrun for dataset_alias_example_alias_consumer to None, run_after=None
[2024-11-02T02:06:06.435+0000] {logging_mixin.py:190} INFO - [2024-11-02T02:06:06.435+0000] {dag.py:4180} INFO - Setting next_dagrun for dataset_alias_example_alias_producer to None, run_after=None
[2024-11-02T02:06:06.436+0000] {logging_mixin.py:190} INFO - [2024-11-02T02:06:06.435+0000] {dag.py:4180} INFO - Setting next_dagrun for dataset_s3_bucket_consumer to None, run_after=None
[2024-11-02T02:06:06.436+0000] {logging_mixin.py:190} INFO - [2024-11-02T02:06:06.436+0000] {dag.py:4180} INFO - Setting next_dagrun for dataset_s3_bucket_producer to None, run_after=None
[2024-11-02T02:06:06.449+0000] {processor.py:208} INFO - Processing /home/airflow/.local/lib/python3.12/site-packages/airflow/example_dags/example_dataset_alias.py took 0.162 seconds
[2024-11-02T02:06:36.607+0000] {processor.py:186} INFO - Started process (PID=289) to work on /home/airflow/.local/lib/python3.12/site-packages/airflow/example_dags/example_dataset_alias.py
[2024-11-02T02:06:36.610+0000] {processor.py:914} INFO - Processing file /home/airflow/.local/lib/python3.12/site-packages/airflow/example_dags/example_dataset_alias.py for tasks to queue
[2024-11-02T02:06:36.612+0000] {logging_mixin.py:190} INFO - [2024-11-02T02:06:36.612+0000] {dagbag.py:588} INFO - Filling up the DagBag from /home/airflow/.local/lib/python3.12/site-packages/airflow/example_dags/example_dataset_alias.py
[2024-11-02T02:06:36.743+0000] {processor.py:925} INFO - DAG(s) 'dataset_alias_example_alias_producer', 'dataset_s3_bucket_producer', 'dataset_s3_bucket_consumer', 'dataset_alias_example_alias_consumer' retrieved from /home/airflow/.local/lib/python3.12/site-packages/airflow/example_dags/example_dataset_alias.py
[2024-11-02T02:06:36.761+0000] {logging_mixin.py:190} INFO - [2024-11-02T02:06:36.761+0000] {dag.py:3239} INFO - Sync 4 DAGs
[2024-11-02T02:06:36.777+0000] {logging_mixin.py:190} INFO - [2024-11-02T02:06:36.777+0000] {dag.py:4180} INFO - Setting next_dagrun for dataset_alias_example_alias_consumer to None, run_after=None
[2024-11-02T02:06:36.779+0000] {logging_mixin.py:190} INFO - [2024-11-02T02:06:36.779+0000] {dag.py:4180} INFO - Setting next_dagrun for dataset_alias_example_alias_producer to None, run_after=None
[2024-11-02T02:06:36.780+0000] {logging_mixin.py:190} INFO - [2024-11-02T02:06:36.780+0000] {dag.py:4180} INFO - Setting next_dagrun for dataset_s3_bucket_consumer to None, run_after=None
[2024-11-02T02:06:36.781+0000] {logging_mixin.py:190} INFO - [2024-11-02T02:06:36.781+0000] {dag.py:4180} INFO - Setting next_dagrun for dataset_s3_bucket_producer to None, run_after=None
[2024-11-02T02:06:36.798+0000] {processor.py:208} INFO - Processing /home/airflow/.local/lib/python3.12/site-packages/airflow/example_dags/example_dataset_alias.py took 0.197 seconds
