[2024-11-02T02:04:42.580+0000] {processor.py:186} INFO - Started process (PID=110) to work on /home/airflow/.local/lib/python3.12/site-packages/airflow/example_dags/example_branch_operator.py
[2024-11-02T02:04:42.581+0000] {processor.py:914} INFO - Processing file /home/airflow/.local/lib/python3.12/site-packages/airflow/example_dags/example_branch_operator.py for tasks to queue
[2024-11-02T02:04:42.582+0000] {logging_mixin.py:190} INFO - [2024-11-02T02:04:42.582+0000] {dagbag.py:588} INFO - Filling up the DagBag from /home/airflow/.local/lib/python3.12/site-packages/airflow/example_dags/example_branch_operator.py
[2024-11-02T02:04:42.598+0000] {processor.py:925} INFO - DAG(s) 'example_branch_operator' retrieved from /home/airflow/.local/lib/python3.12/site-packages/airflow/example_dags/example_branch_operator.py
[2024-11-02T02:04:42.692+0000] {logging_mixin.py:190} INFO - [2024-11-02T02:04:42.691+0000] {dag.py:3239} INFO - Sync 1 DAGs
[2024-11-02T02:04:42.709+0000] {logging_mixin.py:190} INFO - [2024-11-02T02:04:42.709+0000] {dag.py:4180} INFO - Setting next_dagrun for example_branch_operator to 2024-11-01 00:00:00+00:00, run_after=2024-11-02 00:00:00+00:00
[2024-11-02T02:04:42.728+0000] {processor.py:208} INFO - Processing /home/airflow/.local/lib/python3.12/site-packages/airflow/example_dags/example_branch_operator.py took 0.153 seconds
[2024-11-02T02:05:44.828+0000] {processor.py:186} INFO - Started process (PID=176) to work on /home/airflow/.local/lib/python3.12/site-packages/airflow/example_dags/example_branch_operator.py
[2024-11-02T02:05:44.829+0000] {processor.py:914} INFO - Processing file /home/airflow/.local/lib/python3.12/site-packages/airflow/example_dags/example_branch_operator.py for tasks to queue
[2024-11-02T02:05:44.831+0000] {logging_mixin.py:190} INFO - [2024-11-02T02:05:44.831+0000] {dagbag.py:588} INFO - Filling up the DagBag from /home/airflow/.local/lib/python3.12/site-packages/airflow/example_dags/example_branch_operator.py
[2024-11-02T02:05:44.850+0000] {processor.py:925} INFO - DAG(s) 'example_branch_operator' retrieved from /home/airflow/.local/lib/python3.12/site-packages/airflow/example_dags/example_branch_operator.py
[2024-11-02T02:05:44.879+0000] {logging_mixin.py:190} INFO - [2024-11-02T02:05:44.879+0000] {dag.py:3239} INFO - Sync 1 DAGs
[2024-11-02T02:05:44.904+0000] {logging_mixin.py:190} INFO - [2024-11-02T02:05:44.904+0000] {dag.py:4180} INFO - Setting next_dagrun for example_branch_operator to 2024-11-01 00:00:00+00:00, run_after=2024-11-02 00:00:00+00:00
[2024-11-02T02:05:44.924+0000] {processor.py:208} INFO - Processing /home/airflow/.local/lib/python3.12/site-packages/airflow/example_dags/example_branch_operator.py took 0.101 seconds
[2024-11-02T02:06:15.298+0000] {processor.py:186} INFO - Started process (PID=242) to work on /home/airflow/.local/lib/python3.12/site-packages/airflow/example_dags/example_branch_operator.py
[2024-11-02T02:06:15.298+0000] {processor.py:914} INFO - Processing file /home/airflow/.local/lib/python3.12/site-packages/airflow/example_dags/example_branch_operator.py for tasks to queue
[2024-11-02T02:06:15.300+0000] {logging_mixin.py:190} INFO - [2024-11-02T02:06:15.299+0000] {dagbag.py:588} INFO - Filling up the DagBag from /home/airflow/.local/lib/python3.12/site-packages/airflow/example_dags/example_branch_operator.py
[2024-11-02T02:06:15.312+0000] {processor.py:925} INFO - DAG(s) 'example_branch_operator' retrieved from /home/airflow/.local/lib/python3.12/site-packages/airflow/example_dags/example_branch_operator.py
[2024-11-02T02:06:15.333+0000] {logging_mixin.py:190} INFO - [2024-11-02T02:06:15.333+0000] {dag.py:3239} INFO - Sync 1 DAGs
[2024-11-02T02:06:15.353+0000] {logging_mixin.py:190} INFO - [2024-11-02T02:06:15.353+0000] {dag.py:4180} INFO - Setting next_dagrun for example_branch_operator to 2024-11-01 00:00:00+00:00, run_after=2024-11-02 00:00:00+00:00
[2024-11-02T02:06:15.370+0000] {processor.py:208} INFO - Processing /home/airflow/.local/lib/python3.12/site-packages/airflow/example_dags/example_branch_operator.py took 0.077 seconds
[2024-11-02T02:06:45.865+0000] {processor.py:186} INFO - Started process (PID=308) to work on /home/airflow/.local/lib/python3.12/site-packages/airflow/example_dags/example_branch_operator.py
[2024-11-02T02:06:45.866+0000] {processor.py:914} INFO - Processing file /home/airflow/.local/lib/python3.12/site-packages/airflow/example_dags/example_branch_operator.py for tasks to queue
[2024-11-02T02:06:45.868+0000] {logging_mixin.py:190} INFO - [2024-11-02T02:06:45.868+0000] {dagbag.py:588} INFO - Filling up the DagBag from /home/airflow/.local/lib/python3.12/site-packages/airflow/example_dags/example_branch_operator.py
[2024-11-02T02:06:45.883+0000] {processor.py:925} INFO - DAG(s) 'example_branch_operator' retrieved from /home/airflow/.local/lib/python3.12/site-packages/airflow/example_dags/example_branch_operator.py
[2024-11-02T02:06:45.903+0000] {logging_mixin.py:190} INFO - [2024-11-02T02:06:45.903+0000] {dag.py:3239} INFO - Sync 1 DAGs
[2024-11-02T02:06:45.921+0000] {logging_mixin.py:190} INFO - [2024-11-02T02:06:45.921+0000] {dag.py:4180} INFO - Setting next_dagrun for example_branch_operator to 2024-11-01 00:00:00+00:00, run_after=2024-11-02 00:00:00+00:00
[2024-11-02T02:06:45.936+0000] {processor.py:208} INFO - Processing /home/airflow/.local/lib/python3.12/site-packages/airflow/example_dags/example_branch_operator.py took 0.076 seconds
