[2024-11-02T02:04:37.155+0000] {processor.py:186} INFO - Started process (PID=82) to work on /home/airflow/.local/lib/python3.12/site-packages/airflow/example_dags/example_bash_operator.py
[2024-11-02T02:04:37.157+0000] {processor.py:914} INFO - Processing file /home/airflow/.local/lib/python3.12/site-packages/airflow/example_dags/example_bash_operator.py for tasks to queue
[2024-11-02T02:04:37.162+0000] {logging_mixin.py:190} INFO - [2024-11-02T02:04:37.161+0000] {dagbag.py:588} INFO - Filling up the DagBag from /home/airflow/.local/lib/python3.12/site-packages/airflow/example_dags/example_bash_operator.py
[2024-11-02T02:04:37.182+0000] {processor.py:925} INFO - DAG(s) 'example_bash_operator' retrieved from /home/airflow/.local/lib/python3.12/site-packages/airflow/example_dags/example_bash_operator.py
[2024-11-02T02:04:37.247+0000] {logging_mixin.py:190} INFO - [2024-11-02T02:04:37.247+0000] {dag.py:3239} INFO - Sync 1 DAGs
[2024-11-02T02:04:37.295+0000] {logging_mixin.py:190} INFO - [2024-11-02T02:04:37.295+0000] {dag.py:4180} INFO - Setting next_dagrun for example_bash_operator to 2024-11-01 00:00:00+00:00, run_after=2024-11-02 00:00:00+00:00
[2024-11-02T02:04:37.334+0000] {processor.py:208} INFO - Processing /home/airflow/.local/lib/python3.12/site-packages/airflow/example_dags/example_bash_operator.py took 0.193 seconds
[2024-11-02T02:05:34.244+0000] {processor.py:186} INFO - Started process (PID=147) to work on /home/airflow/.local/lib/python3.12/site-packages/airflow/example_dags/example_bash_operator.py
[2024-11-02T02:05:34.246+0000] {processor.py:914} INFO - Processing file /home/airflow/.local/lib/python3.12/site-packages/airflow/example_dags/example_bash_operator.py for tasks to queue
[2024-11-02T02:05:34.249+0000] {logging_mixin.py:190} INFO - [2024-11-02T02:05:34.248+0000] {dagbag.py:588} INFO - Filling up the DagBag from /home/airflow/.local/lib/python3.12/site-packages/airflow/example_dags/example_bash_operator.py
[2024-11-02T02:05:34.292+0000] {processor.py:925} INFO - DAG(s) 'example_bash_operator' retrieved from /home/airflow/.local/lib/python3.12/site-packages/airflow/example_dags/example_bash_operator.py
[2024-11-02T02:05:34.336+0000] {logging_mixin.py:190} INFO - [2024-11-02T02:05:34.335+0000] {dag.py:3239} INFO - Sync 1 DAGs
[2024-11-02T02:05:34.369+0000] {logging_mixin.py:190} INFO - [2024-11-02T02:05:34.369+0000] {dag.py:4180} INFO - Setting next_dagrun for example_bash_operator to 2024-11-01 00:00:00+00:00, run_after=2024-11-02 00:00:00+00:00
[2024-11-02T02:05:34.395+0000] {processor.py:208} INFO - Processing /home/airflow/.local/lib/python3.12/site-packages/airflow/example_dags/example_bash_operator.py took 0.159 seconds
[2024-11-02T02:06:04.794+0000] {processor.py:186} INFO - Started process (PID=213) to work on /home/airflow/.local/lib/python3.12/site-packages/airflow/example_dags/example_bash_operator.py
[2024-11-02T02:06:04.795+0000] {processor.py:914} INFO - Processing file /home/airflow/.local/lib/python3.12/site-packages/airflow/example_dags/example_bash_operator.py for tasks to queue
[2024-11-02T02:06:04.799+0000] {logging_mixin.py:190} INFO - [2024-11-02T02:06:04.798+0000] {dagbag.py:588} INFO - Filling up the DagBag from /home/airflow/.local/lib/python3.12/site-packages/airflow/example_dags/example_bash_operator.py
[2024-11-02T02:06:04.816+0000] {processor.py:925} INFO - DAG(s) 'example_bash_operator' retrieved from /home/airflow/.local/lib/python3.12/site-packages/airflow/example_dags/example_bash_operator.py
[2024-11-02T02:06:04.854+0000] {logging_mixin.py:190} INFO - [2024-11-02T02:06:04.853+0000] {dag.py:3239} INFO - Sync 1 DAGs
[2024-11-02T02:06:04.883+0000] {logging_mixin.py:190} INFO - [2024-11-02T02:06:04.882+0000] {dag.py:4180} INFO - Setting next_dagrun for example_bash_operator to 2024-11-01 00:00:00+00:00, run_after=2024-11-02 00:00:00+00:00
[2024-11-02T02:06:04.913+0000] {processor.py:208} INFO - Processing /home/airflow/.local/lib/python3.12/site-packages/airflow/example_dags/example_bash_operator.py took 0.127 seconds
[2024-11-02T02:06:35.170+0000] {processor.py:186} INFO - Started process (PID=280) to work on /home/airflow/.local/lib/python3.12/site-packages/airflow/example_dags/example_bash_operator.py
[2024-11-02T02:06:35.171+0000] {processor.py:914} INFO - Processing file /home/airflow/.local/lib/python3.12/site-packages/airflow/example_dags/example_bash_operator.py for tasks to queue
[2024-11-02T02:06:35.174+0000] {logging_mixin.py:190} INFO - [2024-11-02T02:06:35.174+0000] {dagbag.py:588} INFO - Filling up the DagBag from /home/airflow/.local/lib/python3.12/site-packages/airflow/example_dags/example_bash_operator.py
[2024-11-02T02:06:35.189+0000] {processor.py:925} INFO - DAG(s) 'example_bash_operator' retrieved from /home/airflow/.local/lib/python3.12/site-packages/airflow/example_dags/example_bash_operator.py
[2024-11-02T02:06:35.217+0000] {logging_mixin.py:190} INFO - [2024-11-02T02:06:35.216+0000] {dag.py:3239} INFO - Sync 1 DAGs
[2024-11-02T02:06:35.241+0000] {logging_mixin.py:190} INFO - [2024-11-02T02:06:35.240+0000] {dag.py:4180} INFO - Setting next_dagrun for example_bash_operator to 2024-11-01 00:00:00+00:00, run_after=2024-11-02 00:00:00+00:00
[2024-11-02T02:06:35.262+0000] {processor.py:208} INFO - Processing /home/airflow/.local/lib/python3.12/site-packages/airflow/example_dags/example_bash_operator.py took 0.098 seconds
