[2024-11-02T02:04:41.831+0000] {processor.py:186} INFO - Started process (PID=100) to work on /home/airflow/.local/lib/python3.12/site-packages/airflow/example_dags/example_task_group_decorator.py
[2024-11-02T02:04:41.831+0000] {processor.py:914} INFO - Processing file /home/airflow/.local/lib/python3.12/site-packages/airflow/example_dags/example_task_group_decorator.py for tasks to queue
[2024-11-02T02:04:41.833+0000] {logging_mixin.py:190} INFO - [2024-11-02T02:04:41.833+0000] {dagbag.py:588} INFO - Filling up the DagBag from /home/airflow/.local/lib/python3.12/site-packages/airflow/example_dags/example_task_group_decorator.py
[2024-11-02T02:04:41.847+0000] {processor.py:925} INFO - DAG(s) 'example_task_group_decorator' retrieved from /home/airflow/.local/lib/python3.12/site-packages/airflow/example_dags/example_task_group_decorator.py
[2024-11-02T02:04:41.864+0000] {logging_mixin.py:190} INFO - [2024-11-02T02:04:41.864+0000] {dag.py:3239} INFO - Sync 1 DAGs
[2024-11-02T02:04:41.875+0000] {logging_mixin.py:190} INFO - [2024-11-02T02:04:41.875+0000] {dag.py:4180} INFO - Setting next_dagrun for example_task_group_decorator to None, run_after=None
[2024-11-02T02:04:41.891+0000] {processor.py:208} INFO - Processing /home/airflow/.local/lib/python3.12/site-packages/airflow/example_dags/example_task_group_decorator.py took 0.065 seconds
[2024-11-02T02:05:37.325+0000] {processor.py:186} INFO - Started process (PID=166) to work on /home/airflow/.local/lib/python3.12/site-packages/airflow/example_dags/example_task_group_decorator.py
[2024-11-02T02:05:37.326+0000] {processor.py:914} INFO - Processing file /home/airflow/.local/lib/python3.12/site-packages/airflow/example_dags/example_task_group_decorator.py for tasks to queue
[2024-11-02T02:05:37.328+0000] {logging_mixin.py:190} INFO - [2024-11-02T02:05:37.327+0000] {dagbag.py:588} INFO - Filling up the DagBag from /home/airflow/.local/lib/python3.12/site-packages/airflow/example_dags/example_task_group_decorator.py
[2024-11-02T02:05:37.352+0000] {processor.py:925} INFO - DAG(s) 'example_task_group_decorator' retrieved from /home/airflow/.local/lib/python3.12/site-packages/airflow/example_dags/example_task_group_decorator.py
[2024-11-02T02:05:37.503+0000] {logging_mixin.py:190} INFO - [2024-11-02T02:05:37.503+0000] {dag.py:3239} INFO - Sync 1 DAGs
[2024-11-02T02:05:37.517+0000] {logging_mixin.py:190} INFO - [2024-11-02T02:05:37.517+0000] {dag.py:4180} INFO - Setting next_dagrun for example_task_group_decorator to None, run_after=None
[2024-11-02T02:05:37.547+0000] {processor.py:208} INFO - Processing /home/airflow/.local/lib/python3.12/site-packages/airflow/example_dags/example_task_group_decorator.py took 0.229 seconds
[2024-11-02T02:06:07.653+0000] {processor.py:186} INFO - Started process (PID=231) to work on /home/airflow/.local/lib/python3.12/site-packages/airflow/example_dags/example_task_group_decorator.py
[2024-11-02T02:06:07.653+0000] {processor.py:914} INFO - Processing file /home/airflow/.local/lib/python3.12/site-packages/airflow/example_dags/example_task_group_decorator.py for tasks to queue
[2024-11-02T02:06:07.655+0000] {logging_mixin.py:190} INFO - [2024-11-02T02:06:07.655+0000] {dagbag.py:588} INFO - Filling up the DagBag from /home/airflow/.local/lib/python3.12/site-packages/airflow/example_dags/example_task_group_decorator.py
[2024-11-02T02:06:07.666+0000] {processor.py:925} INFO - DAG(s) 'example_task_group_decorator' retrieved from /home/airflow/.local/lib/python3.12/site-packages/airflow/example_dags/example_task_group_decorator.py
[2024-11-02T02:06:07.693+0000] {logging_mixin.py:190} INFO - [2024-11-02T02:06:07.693+0000] {dag.py:3239} INFO - Sync 1 DAGs
[2024-11-02T02:06:07.706+0000] {logging_mixin.py:190} INFO - [2024-11-02T02:06:07.705+0000] {dag.py:4180} INFO - Setting next_dagrun for example_task_group_decorator to None, run_after=None
[2024-11-02T02:06:07.722+0000] {processor.py:208} INFO - Processing /home/airflow/.local/lib/python3.12/site-packages/airflow/example_dags/example_task_group_decorator.py took 0.073 seconds
[2024-11-02T02:06:38.024+0000] {processor.py:186} INFO - Started process (PID=297) to work on /home/airflow/.local/lib/python3.12/site-packages/airflow/example_dags/example_task_group_decorator.py
[2024-11-02T02:06:38.025+0000] {processor.py:914} INFO - Processing file /home/airflow/.local/lib/python3.12/site-packages/airflow/example_dags/example_task_group_decorator.py for tasks to queue
[2024-11-02T02:06:38.028+0000] {logging_mixin.py:190} INFO - [2024-11-02T02:06:38.027+0000] {dagbag.py:588} INFO - Filling up the DagBag from /home/airflow/.local/lib/python3.12/site-packages/airflow/example_dags/example_task_group_decorator.py
[2024-11-02T02:06:38.047+0000] {processor.py:925} INFO - DAG(s) 'example_task_group_decorator' retrieved from /home/airflow/.local/lib/python3.12/site-packages/airflow/example_dags/example_task_group_decorator.py
[2024-11-02T02:06:38.072+0000] {logging_mixin.py:190} INFO - [2024-11-02T02:06:38.072+0000] {dag.py:3239} INFO - Sync 1 DAGs
[2024-11-02T02:06:38.083+0000] {logging_mixin.py:190} INFO - [2024-11-02T02:06:38.083+0000] {dag.py:4180} INFO - Setting next_dagrun for example_task_group_decorator to None, run_after=None
[2024-11-02T02:06:38.106+0000] {processor.py:208} INFO - Processing /home/airflow/.local/lib/python3.12/site-packages/airflow/example_dags/example_task_group_decorator.py took 0.089 seconds
