[2024-11-02T02:04:36.942+0000] {processor.py:186} INFO - Started process (PID=81) to work on /home/airflow/.local/lib/python3.12/site-packages/airflow/example_dags/example_complex.py
[2024-11-02T02:04:36.943+0000] {processor.py:914} INFO - Processing file /home/airflow/.local/lib/python3.12/site-packages/airflow/example_dags/example_complex.py for tasks to queue
[2024-11-02T02:04:36.946+0000] {logging_mixin.py:190} INFO - [2024-11-02T02:04:36.945+0000] {dagbag.py:588} INFO - Filling up the DagBag from /home/airflow/.local/lib/python3.12/site-packages/airflow/example_dags/example_complex.py
[2024-11-02T02:04:36.964+0000] {processor.py:925} INFO - DAG(s) 'example_complex' retrieved from /home/airflow/.local/lib/python3.12/site-packages/airflow/example_dags/example_complex.py
[2024-11-02T02:04:37.019+0000] {logging_mixin.py:190} INFO - [2024-11-02T02:04:37.018+0000] {dag.py:3239} INFO - Sync 1 DAGs
[2024-11-02T02:04:37.048+0000] {logging_mixin.py:190} INFO - [2024-11-02T02:04:37.047+0000] {dag.py:4180} INFO - Setting next_dagrun for example_complex to None, run_after=None
[2024-11-02T02:04:37.082+0000] {processor.py:208} INFO - Processing /home/airflow/.local/lib/python3.12/site-packages/airflow/example_dags/example_complex.py took 0.147 seconds
[2024-11-02T02:05:34.160+0000] {processor.py:186} INFO - Started process (PID=146) to work on /home/airflow/.local/lib/python3.12/site-packages/airflow/example_dags/example_complex.py
[2024-11-02T02:05:34.161+0000] {processor.py:914} INFO - Processing file /home/airflow/.local/lib/python3.12/site-packages/airflow/example_dags/example_complex.py for tasks to queue
[2024-11-02T02:05:34.164+0000] {logging_mixin.py:190} INFO - [2024-11-02T02:05:34.164+0000] {dagbag.py:588} INFO - Filling up the DagBag from /home/airflow/.local/lib/python3.12/site-packages/airflow/example_dags/example_complex.py
[2024-11-02T02:05:34.182+0000] {processor.py:925} INFO - DAG(s) 'example_complex' retrieved from /home/airflow/.local/lib/python3.12/site-packages/airflow/example_dags/example_complex.py
[2024-11-02T02:05:34.242+0000] {logging_mixin.py:190} INFO - [2024-11-02T02:05:34.241+0000] {dag.py:3239} INFO - Sync 1 DAGs
[2024-11-02T02:05:34.271+0000] {logging_mixin.py:190} INFO - [2024-11-02T02:05:34.270+0000] {dag.py:4180} INFO - Setting next_dagrun for example_complex to None, run_after=None
[2024-11-02T02:05:34.300+0000] {processor.py:208} INFO - Processing /home/airflow/.local/lib/python3.12/site-packages/airflow/example_dags/example_complex.py took 0.146 seconds
[2024-11-02T02:06:04.716+0000] {processor.py:186} INFO - Started process (PID=212) to work on /home/airflow/.local/lib/python3.12/site-packages/airflow/example_dags/example_complex.py
[2024-11-02T02:06:04.717+0000] {processor.py:914} INFO - Processing file /home/airflow/.local/lib/python3.12/site-packages/airflow/example_dags/example_complex.py for tasks to queue
[2024-11-02T02:06:04.718+0000] {logging_mixin.py:190} INFO - [2024-11-02T02:06:04.718+0000] {dagbag.py:588} INFO - Filling up the DagBag from /home/airflow/.local/lib/python3.12/site-packages/airflow/example_dags/example_complex.py
[2024-11-02T02:06:04.727+0000] {processor.py:925} INFO - DAG(s) 'example_complex' retrieved from /home/airflow/.local/lib/python3.12/site-packages/airflow/example_dags/example_complex.py
[2024-11-02T02:06:04.750+0000] {logging_mixin.py:190} INFO - [2024-11-02T02:06:04.750+0000] {dag.py:3239} INFO - Sync 1 DAGs
[2024-11-02T02:06:04.761+0000] {logging_mixin.py:190} INFO - [2024-11-02T02:06:04.761+0000] {dag.py:4180} INFO - Setting next_dagrun for example_complex to None, run_after=None
[2024-11-02T02:06:04.786+0000] {processor.py:208} INFO - Processing /home/airflow/.local/lib/python3.12/site-packages/airflow/example_dags/example_complex.py took 0.073 seconds
[2024-11-02T02:06:35.080+0000] {processor.py:186} INFO - Started process (PID=278) to work on /home/airflow/.local/lib/python3.12/site-packages/airflow/example_dags/example_complex.py
[2024-11-02T02:06:35.080+0000] {processor.py:914} INFO - Processing file /home/airflow/.local/lib/python3.12/site-packages/airflow/example_dags/example_complex.py for tasks to queue
[2024-11-02T02:06:35.082+0000] {logging_mixin.py:190} INFO - [2024-11-02T02:06:35.081+0000] {dagbag.py:588} INFO - Filling up the DagBag from /home/airflow/.local/lib/python3.12/site-packages/airflow/example_dags/example_complex.py
[2024-11-02T02:06:35.090+0000] {processor.py:925} INFO - DAG(s) 'example_complex' retrieved from /home/airflow/.local/lib/python3.12/site-packages/airflow/example_dags/example_complex.py
[2024-11-02T02:06:35.116+0000] {logging_mixin.py:190} INFO - [2024-11-02T02:06:35.115+0000] {dag.py:3239} INFO - Sync 1 DAGs
[2024-11-02T02:06:35.127+0000] {logging_mixin.py:190} INFO - [2024-11-02T02:06:35.126+0000] {dag.py:4180} INFO - Setting next_dagrun for example_complex to None, run_after=None
[2024-11-02T02:06:35.142+0000] {processor.py:208} INFO - Processing /home/airflow/.local/lib/python3.12/site-packages/airflow/example_dags/example_complex.py took 0.067 seconds
