[2024-11-02T02:04:37.610+0000] {processor.py:186} INFO - Started process (PID=84) to work on /home/airflow/.local/lib/python3.12/site-packages/airflow/example_dags/example_xcomargs.py
[2024-11-02T02:04:37.611+0000] {processor.py:914} INFO - Processing file /home/airflow/.local/lib/python3.12/site-packages/airflow/example_dags/example_xcomargs.py for tasks to queue
[2024-11-02T02:04:37.614+0000] {logging_mixin.py:190} INFO - [2024-11-02T02:04:37.613+0000] {dagbag.py:588} INFO - Filling up the DagBag from /home/airflow/.local/lib/python3.12/site-packages/airflow/example_dags/example_xcomargs.py
[2024-11-02T02:04:37.632+0000] {processor.py:925} INFO - DAG(s) 'example_xcom_args_with_operators', 'example_xcom_args' retrieved from /home/airflow/.local/lib/python3.12/site-packages/airflow/example_dags/example_xcomargs.py
[2024-11-02T02:04:37.664+0000] {logging_mixin.py:190} INFO - [2024-11-02T02:04:37.664+0000] {dag.py:3239} INFO - Sync 2 DAGs
[2024-11-02T02:04:37.691+0000] {logging_mixin.py:190} INFO - [2024-11-02T02:04:37.690+0000] {dag.py:4180} INFO - Setting next_dagrun for example_xcom_args to None, run_after=None
[2024-11-02T02:04:37.698+0000] {logging_mixin.py:190} INFO - [2024-11-02T02:04:37.697+0000] {dag.py:4180} INFO - Setting next_dagrun for example_xcom_args_with_operators to None, run_after=None
[2024-11-02T02:04:37.734+0000] {processor.py:208} INFO - Processing /home/airflow/.local/lib/python3.12/site-packages/airflow/example_dags/example_xcomargs.py took 0.132 seconds
[2024-11-02T02:05:34.428+0000] {processor.py:186} INFO - Started process (PID=149) to work on /home/airflow/.local/lib/python3.12/site-packages/airflow/example_dags/example_xcomargs.py
[2024-11-02T02:05:34.430+0000] {processor.py:914} INFO - Processing file /home/airflow/.local/lib/python3.12/site-packages/airflow/example_dags/example_xcomargs.py for tasks to queue
[2024-11-02T02:05:34.432+0000] {logging_mixin.py:190} INFO - [2024-11-02T02:05:34.432+0000] {dagbag.py:588} INFO - Filling up the DagBag from /home/airflow/.local/lib/python3.12/site-packages/airflow/example_dags/example_xcomargs.py
[2024-11-02T02:05:34.446+0000] {processor.py:925} INFO - DAG(s) 'example_xcom_args', 'example_xcom_args_with_operators' retrieved from /home/airflow/.local/lib/python3.12/site-packages/airflow/example_dags/example_xcomargs.py
[2024-11-02T02:05:34.474+0000] {logging_mixin.py:190} INFO - [2024-11-02T02:05:34.474+0000] {dag.py:3239} INFO - Sync 2 DAGs
[2024-11-02T02:05:34.510+0000] {logging_mixin.py:190} INFO - [2024-11-02T02:05:34.510+0000] {dag.py:4180} INFO - Setting next_dagrun for example_xcom_args to None, run_after=None
[2024-11-02T02:05:34.518+0000] {logging_mixin.py:190} INFO - [2024-11-02T02:05:34.517+0000] {dag.py:4180} INFO - Setting next_dagrun for example_xcom_args_with_operators to None, run_after=None
[2024-11-02T02:05:34.544+0000] {processor.py:208} INFO - Processing /home/airflow/.local/lib/python3.12/site-packages/airflow/example_dags/example_xcomargs.py took 0.123 seconds
[2024-11-02T02:06:04.925+0000] {processor.py:186} INFO - Started process (PID=215) to work on /home/airflow/.local/lib/python3.12/site-packages/airflow/example_dags/example_xcomargs.py
[2024-11-02T02:06:04.928+0000] {processor.py:914} INFO - Processing file /home/airflow/.local/lib/python3.12/site-packages/airflow/example_dags/example_xcomargs.py for tasks to queue
[2024-11-02T02:06:04.930+0000] {logging_mixin.py:190} INFO - [2024-11-02T02:06:04.930+0000] {dagbag.py:588} INFO - Filling up the DagBag from /home/airflow/.local/lib/python3.12/site-packages/airflow/example_dags/example_xcomargs.py
[2024-11-02T02:06:04.940+0000] {processor.py:925} INFO - DAG(s) 'example_xcom_args_with_operators', 'example_xcom_args' retrieved from /home/airflow/.local/lib/python3.12/site-packages/airflow/example_dags/example_xcomargs.py
[2024-11-02T02:06:04.965+0000] {logging_mixin.py:190} INFO - [2024-11-02T02:06:04.965+0000] {dag.py:3239} INFO - Sync 2 DAGs
[2024-11-02T02:06:04.982+0000] {logging_mixin.py:190} INFO - [2024-11-02T02:06:04.982+0000] {dag.py:4180} INFO - Setting next_dagrun for example_xcom_args to None, run_after=None
[2024-11-02T02:06:04.987+0000] {logging_mixin.py:190} INFO - [2024-11-02T02:06:04.986+0000] {dag.py:4180} INFO - Setting next_dagrun for example_xcom_args_with_operators to None, run_after=None
[2024-11-02T02:06:05.001+0000] {processor.py:208} INFO - Processing /home/airflow/.local/lib/python3.12/site-packages/airflow/example_dags/example_xcomargs.py took 0.081 seconds
[2024-11-02T02:06:35.243+0000] {processor.py:186} INFO - Started process (PID=281) to work on /home/airflow/.local/lib/python3.12/site-packages/airflow/example_dags/example_xcomargs.py
[2024-11-02T02:06:35.244+0000] {processor.py:914} INFO - Processing file /home/airflow/.local/lib/python3.12/site-packages/airflow/example_dags/example_xcomargs.py for tasks to queue
[2024-11-02T02:06:35.246+0000] {logging_mixin.py:190} INFO - [2024-11-02T02:06:35.245+0000] {dagbag.py:588} INFO - Filling up the DagBag from /home/airflow/.local/lib/python3.12/site-packages/airflow/example_dags/example_xcomargs.py
[2024-11-02T02:06:35.258+0000] {processor.py:925} INFO - DAG(s) 'example_xcom_args', 'example_xcom_args_with_operators' retrieved from /home/airflow/.local/lib/python3.12/site-packages/airflow/example_dags/example_xcomargs.py
[2024-11-02T02:06:35.286+0000] {logging_mixin.py:190} INFO - [2024-11-02T02:06:35.285+0000] {dag.py:3239} INFO - Sync 2 DAGs
[2024-11-02T02:06:35.306+0000] {logging_mixin.py:190} INFO - [2024-11-02T02:06:35.305+0000] {dag.py:4180} INFO - Setting next_dagrun for example_xcom_args to None, run_after=None
[2024-11-02T02:06:35.311+0000] {logging_mixin.py:190} INFO - [2024-11-02T02:06:35.311+0000] {dag.py:4180} INFO - Setting next_dagrun for example_xcom_args_with_operators to None, run_after=None
[2024-11-02T02:06:35.335+0000] {processor.py:208} INFO - Processing /home/airflow/.local/lib/python3.12/site-packages/airflow/example_dags/example_xcomargs.py took 0.098 seconds
