[2024-11-02T02:04:36.463+0000] {processor.py:186} INFO - Started process (PID=78) to work on /home/airflow/.local/lib/python3.12/site-packages/airflow/example_dags/example_branch_labels.py
[2024-11-02T02:04:36.463+0000] {processor.py:914} INFO - Processing file /home/airflow/.local/lib/python3.12/site-packages/airflow/example_dags/example_branch_labels.py for tasks to queue
[2024-11-02T02:04:36.465+0000] {logging_mixin.py:190} INFO - [2024-11-02T02:04:36.465+0000] {dagbag.py:588} INFO - Filling up the DagBag from /home/airflow/.local/lib/python3.12/site-packages/airflow/example_dags/example_branch_labels.py
[2024-11-02T02:04:36.477+0000] {processor.py:925} INFO - DAG(s) 'example_branch_labels' retrieved from /home/airflow/.local/lib/python3.12/site-packages/airflow/example_dags/example_branch_labels.py
[2024-11-02T02:04:36.505+0000] {logging_mixin.py:190} INFO - [2024-11-02T02:04:36.505+0000] {dag.py:3239} INFO - Sync 1 DAGs
[2024-11-02T02:04:36.539+0000] {logging_mixin.py:190} INFO - [2024-11-02T02:04:36.539+0000] {dag.py:4180} INFO - Setting next_dagrun for example_branch_labels to 2024-11-01 00:00:00+00:00, run_after=2024-11-02 00:00:00+00:00
[2024-11-02T02:04:36.565+0000] {processor.py:208} INFO - Processing /home/airflow/.local/lib/python3.12/site-packages/airflow/example_dags/example_branch_labels.py took 0.109 seconds
[2024-11-02T02:05:33.742+0000] {processor.py:186} INFO - Started process (PID=143) to work on /home/airflow/.local/lib/python3.12/site-packages/airflow/example_dags/example_branch_labels.py
[2024-11-02T02:05:33.743+0000] {processor.py:914} INFO - Processing file /home/airflow/.local/lib/python3.12/site-packages/airflow/example_dags/example_branch_labels.py for tasks to queue
[2024-11-02T02:05:33.747+0000] {logging_mixin.py:190} INFO - [2024-11-02T02:05:33.747+0000] {dagbag.py:588} INFO - Filling up the DagBag from /home/airflow/.local/lib/python3.12/site-packages/airflow/example_dags/example_branch_labels.py
[2024-11-02T02:05:33.767+0000] {processor.py:925} INFO - DAG(s) 'example_branch_labels' retrieved from /home/airflow/.local/lib/python3.12/site-packages/airflow/example_dags/example_branch_labels.py
[2024-11-02T02:05:33.874+0000] {logging_mixin.py:190} INFO - [2024-11-02T02:05:33.874+0000] {dag.py:3239} INFO - Sync 1 DAGs
[2024-11-02T02:05:33.922+0000] {logging_mixin.py:190} INFO - [2024-11-02T02:05:33.922+0000] {dag.py:4180} INFO - Setting next_dagrun for example_branch_labels to 2024-11-01 00:00:00+00:00, run_after=2024-11-02 00:00:00+00:00
[2024-11-02T02:05:33.953+0000] {processor.py:208} INFO - Processing /home/airflow/.local/lib/python3.12/site-packages/airflow/example_dags/example_branch_labels.py took 0.219 seconds
[2024-11-02T02:06:04.531+0000] {processor.py:186} INFO - Started process (PID=209) to work on /home/airflow/.local/lib/python3.12/site-packages/airflow/example_dags/example_branch_labels.py
[2024-11-02T02:06:04.532+0000] {processor.py:914} INFO - Processing file /home/airflow/.local/lib/python3.12/site-packages/airflow/example_dags/example_branch_labels.py for tasks to queue
[2024-11-02T02:06:04.534+0000] {logging_mixin.py:190} INFO - [2024-11-02T02:06:04.533+0000] {dagbag.py:588} INFO - Filling up the DagBag from /home/airflow/.local/lib/python3.12/site-packages/airflow/example_dags/example_branch_labels.py
[2024-11-02T02:06:04.544+0000] {processor.py:925} INFO - DAG(s) 'example_branch_labels' retrieved from /home/airflow/.local/lib/python3.12/site-packages/airflow/example_dags/example_branch_labels.py
[2024-11-02T02:06:04.564+0000] {logging_mixin.py:190} INFO - [2024-11-02T02:06:04.564+0000] {dag.py:3239} INFO - Sync 1 DAGs
[2024-11-02T02:06:04.591+0000] {logging_mixin.py:190} INFO - [2024-11-02T02:06:04.591+0000] {dag.py:4180} INFO - Setting next_dagrun for example_branch_labels to 2024-11-01 00:00:00+00:00, run_after=2024-11-02 00:00:00+00:00
[2024-11-02T02:06:04.607+0000] {processor.py:208} INFO - Processing /home/airflow/.local/lib/python3.12/site-packages/airflow/example_dags/example_branch_labels.py took 0.080 seconds
[2024-11-02T02:06:34.861+0000] {processor.py:186} INFO - Started process (PID=274) to work on /home/airflow/.local/lib/python3.12/site-packages/airflow/example_dags/example_branch_labels.py
[2024-11-02T02:06:34.862+0000] {processor.py:914} INFO - Processing file /home/airflow/.local/lib/python3.12/site-packages/airflow/example_dags/example_branch_labels.py for tasks to queue
[2024-11-02T02:06:34.864+0000] {logging_mixin.py:190} INFO - [2024-11-02T02:06:34.863+0000] {dagbag.py:588} INFO - Filling up the DagBag from /home/airflow/.local/lib/python3.12/site-packages/airflow/example_dags/example_branch_labels.py
[2024-11-02T02:06:34.874+0000] {processor.py:925} INFO - DAG(s) 'example_branch_labels' retrieved from /home/airflow/.local/lib/python3.12/site-packages/airflow/example_dags/example_branch_labels.py
[2024-11-02T02:06:34.894+0000] {logging_mixin.py:190} INFO - [2024-11-02T02:06:34.894+0000] {dag.py:3239} INFO - Sync 1 DAGs
[2024-11-02T02:06:34.914+0000] {logging_mixin.py:190} INFO - [2024-11-02T02:06:34.914+0000] {dag.py:4180} INFO - Setting next_dagrun for example_branch_labels to 2024-11-01 00:00:00+00:00, run_after=2024-11-02 00:00:00+00:00
[2024-11-02T02:06:34.930+0000] {processor.py:208} INFO - Processing /home/airflow/.local/lib/python3.12/site-packages/airflow/example_dags/example_branch_labels.py took 0.073 seconds
