[2024-11-02T02:04:36.593+0000] {processor.py:186} INFO - Started process (PID=79) to work on /home/airflow/.local/lib/python3.12/site-packages/airflow/example_dags/example_latest_only.py
[2024-11-02T02:04:36.594+0000] {processor.py:914} INFO - Processing file /home/airflow/.local/lib/python3.12/site-packages/airflow/example_dags/example_latest_only.py for tasks to queue
[2024-11-02T02:04:36.596+0000] {logging_mixin.py:190} INFO - [2024-11-02T02:04:36.596+0000] {dagbag.py:588} INFO - Filling up the DagBag from /home/airflow/.local/lib/python3.12/site-packages/airflow/example_dags/example_latest_only.py
[2024-11-02T02:04:36.607+0000] {processor.py:925} INFO - DAG(s) 'latest_only' retrieved from /home/airflow/.local/lib/python3.12/site-packages/airflow/example_dags/example_latest_only.py
[2024-11-02T02:04:36.646+0000] {logging_mixin.py:190} INFO - [2024-11-02T02:04:36.646+0000] {dag.py:3239} INFO - Sync 1 DAGs
[2024-11-02T02:04:36.680+0000] {logging_mixin.py:190} INFO - [2024-11-02T02:04:36.679+0000] {dag.py:4180} INFO - Setting next_dagrun for latest_only to 2024-11-01 20:00:00+00:00, run_after=2024-11-02 00:00:00+00:00
[2024-11-02T02:04:36.711+0000] {processor.py:208} INFO - Processing /home/airflow/.local/lib/python3.12/site-packages/airflow/example_dags/example_latest_only.py took 0.123 seconds
[2024-11-02T02:05:34.005+0000] {processor.py:186} INFO - Started process (PID=144) to work on /home/airflow/.local/lib/python3.12/site-packages/airflow/example_dags/example_latest_only.py
[2024-11-02T02:05:34.007+0000] {processor.py:914} INFO - Processing file /home/airflow/.local/lib/python3.12/site-packages/airflow/example_dags/example_latest_only.py for tasks to queue
[2024-11-02T02:05:34.010+0000] {logging_mixin.py:190} INFO - [2024-11-02T02:05:34.010+0000] {dagbag.py:588} INFO - Filling up the DagBag from /home/airflow/.local/lib/python3.12/site-packages/airflow/example_dags/example_latest_only.py
[2024-11-02T02:05:34.026+0000] {processor.py:925} INFO - DAG(s) 'latest_only' retrieved from /home/airflow/.local/lib/python3.12/site-packages/airflow/example_dags/example_latest_only.py
[2024-11-02T02:05:34.067+0000] {logging_mixin.py:190} INFO - [2024-11-02T02:05:34.066+0000] {dag.py:3239} INFO - Sync 1 DAGs
[2024-11-02T02:05:34.093+0000] {logging_mixin.py:190} INFO - [2024-11-02T02:05:34.093+0000] {dag.py:4180} INFO - Setting next_dagrun for latest_only to 2024-11-01 20:00:00+00:00, run_after=2024-11-02 00:00:00+00:00
[2024-11-02T02:05:34.117+0000] {processor.py:208} INFO - Processing /home/airflow/.local/lib/python3.12/site-packages/airflow/example_dags/example_latest_only.py took 0.121 seconds
[2024-11-02T02:06:04.631+0000] {processor.py:186} INFO - Started process (PID=210) to work on /home/airflow/.local/lib/python3.12/site-packages/airflow/example_dags/example_latest_only.py
[2024-11-02T02:06:04.632+0000] {processor.py:914} INFO - Processing file /home/airflow/.local/lib/python3.12/site-packages/airflow/example_dags/example_latest_only.py for tasks to queue
[2024-11-02T02:06:04.633+0000] {logging_mixin.py:190} INFO - [2024-11-02T02:06:04.633+0000] {dagbag.py:588} INFO - Filling up the DagBag from /home/airflow/.local/lib/python3.12/site-packages/airflow/example_dags/example_latest_only.py
[2024-11-02T02:06:04.638+0000] {processor.py:925} INFO - DAG(s) 'latest_only' retrieved from /home/airflow/.local/lib/python3.12/site-packages/airflow/example_dags/example_latest_only.py
[2024-11-02T02:06:04.652+0000] {logging_mixin.py:190} INFO - [2024-11-02T02:06:04.652+0000] {dag.py:3239} INFO - Sync 1 DAGs
[2024-11-02T02:06:04.671+0000] {logging_mixin.py:190} INFO - [2024-11-02T02:06:04.670+0000] {dag.py:4180} INFO - Setting next_dagrun for latest_only to 2024-11-01 20:00:00+00:00, run_after=2024-11-02 00:00:00+00:00
[2024-11-02T02:06:04.688+0000] {processor.py:208} INFO - Processing /home/airflow/.local/lib/python3.12/site-packages/airflow/example_dags/example_latest_only.py took 0.062 seconds
[2024-11-02T02:06:34.956+0000] {processor.py:186} INFO - Started process (PID=276) to work on /home/airflow/.local/lib/python3.12/site-packages/airflow/example_dags/example_latest_only.py
[2024-11-02T02:06:34.957+0000] {processor.py:914} INFO - Processing file /home/airflow/.local/lib/python3.12/site-packages/airflow/example_dags/example_latest_only.py for tasks to queue
[2024-11-02T02:06:34.959+0000] {logging_mixin.py:190} INFO - [2024-11-02T02:06:34.959+0000] {dagbag.py:588} INFO - Filling up the DagBag from /home/airflow/.local/lib/python3.12/site-packages/airflow/example_dags/example_latest_only.py
[2024-11-02T02:06:34.965+0000] {processor.py:925} INFO - DAG(s) 'latest_only' retrieved from /home/airflow/.local/lib/python3.12/site-packages/airflow/example_dags/example_latest_only.py
[2024-11-02T02:06:34.981+0000] {logging_mixin.py:190} INFO - [2024-11-02T02:06:34.981+0000] {dag.py:3239} INFO - Sync 1 DAGs
[2024-11-02T02:06:35.004+0000] {logging_mixin.py:190} INFO - [2024-11-02T02:06:35.004+0000] {dag.py:4180} INFO - Setting next_dagrun for latest_only to 2024-11-01 20:00:00+00:00, run_after=2024-11-02 00:00:00+00:00
[2024-11-02T02:06:35.023+0000] {processor.py:208} INFO - Processing /home/airflow/.local/lib/python3.12/site-packages/airflow/example_dags/example_latest_only.py took 0.073 seconds
