[2024-11-02T02:04:42.442+0000] {processor.py:186} INFO - Started process (PID=107) to work on /home/airflow/.local/lib/python3.12/site-packages/airflow/example_dags/example_branch_python_dop_operator_3.py
[2024-11-02T02:04:42.442+0000] {processor.py:914} INFO - Processing file /home/airflow/.local/lib/python3.12/site-packages/airflow/example_dags/example_branch_python_dop_operator_3.py for tasks to queue
[2024-11-02T02:04:42.444+0000] {logging_mixin.py:190} INFO - [2024-11-02T02:04:42.444+0000] {dagbag.py:588} INFO - Filling up the DagBag from /home/airflow/.local/lib/python3.12/site-packages/airflow/example_dags/example_branch_python_dop_operator_3.py
[2024-11-02T02:04:42.452+0000] {processor.py:925} INFO - DAG(s) 'example_branch_dop_operator_v3' retrieved from /home/airflow/.local/lib/python3.12/site-packages/airflow/example_dags/example_branch_python_dop_operator_3.py
[2024-11-02T02:04:42.469+0000] {logging_mixin.py:190} INFO - [2024-11-02T02:04:42.469+0000] {dag.py:3239} INFO - Sync 1 DAGs
[2024-11-02T02:04:42.496+0000] {logging_mixin.py:190} INFO - [2024-11-02T02:04:42.495+0000] {dag.py:4180} INFO - Setting next_dagrun for example_branch_dop_operator_v3 to 2024-11-02 02:03:00+00:00, run_after=2024-11-02 02:04:00+00:00
[2024-11-02T02:04:42.516+0000] {processor.py:208} INFO - Processing /home/airflow/.local/lib/python3.12/site-packages/airflow/example_dags/example_branch_python_dop_operator_3.py took 0.079 seconds
[2024-11-02T02:05:44.447+0000] {processor.py:186} INFO - Started process (PID=173) to work on /home/airflow/.local/lib/python3.12/site-packages/airflow/example_dags/example_branch_python_dop_operator_3.py
[2024-11-02T02:05:44.456+0000] {processor.py:914} INFO - Processing file /home/airflow/.local/lib/python3.12/site-packages/airflow/example_dags/example_branch_python_dop_operator_3.py for tasks to queue
[2024-11-02T02:05:44.464+0000] {logging_mixin.py:190} INFO - [2024-11-02T02:05:44.463+0000] {dagbag.py:588} INFO - Filling up the DagBag from /home/airflow/.local/lib/python3.12/site-packages/airflow/example_dags/example_branch_python_dop_operator_3.py
[2024-11-02T02:05:44.529+0000] {processor.py:925} INFO - DAG(s) 'example_branch_dop_operator_v3' retrieved from /home/airflow/.local/lib/python3.12/site-packages/airflow/example_dags/example_branch_python_dop_operator_3.py
[2024-11-02T02:05:44.597+0000] {logging_mixin.py:190} INFO - [2024-11-02T02:05:44.597+0000] {dag.py:3239} INFO - Sync 1 DAGs
[2024-11-02T02:05:44.652+0000] {logging_mixin.py:190} INFO - [2024-11-02T02:05:44.652+0000] {dag.py:4180} INFO - Setting next_dagrun for example_branch_dop_operator_v3 to 2024-11-02 02:04:00+00:00, run_after=2024-11-02 02:05:00+00:00
[2024-11-02T02:05:44.685+0000] {processor.py:208} INFO - Processing /home/airflow/.local/lib/python3.12/site-packages/airflow/example_dags/example_branch_python_dop_operator_3.py took 0.264 seconds
[2024-11-02T02:06:15.194+0000] {processor.py:186} INFO - Started process (PID=239) to work on /home/airflow/.local/lib/python3.12/site-packages/airflow/example_dags/example_branch_python_dop_operator_3.py
[2024-11-02T02:06:15.195+0000] {processor.py:914} INFO - Processing file /home/airflow/.local/lib/python3.12/site-packages/airflow/example_dags/example_branch_python_dop_operator_3.py for tasks to queue
[2024-11-02T02:06:15.196+0000] {logging_mixin.py:190} INFO - [2024-11-02T02:06:15.196+0000] {dagbag.py:588} INFO - Filling up the DagBag from /home/airflow/.local/lib/python3.12/site-packages/airflow/example_dags/example_branch_python_dop_operator_3.py
[2024-11-02T02:06:15.204+0000] {processor.py:925} INFO - DAG(s) 'example_branch_dop_operator_v3' retrieved from /home/airflow/.local/lib/python3.12/site-packages/airflow/example_dags/example_branch_python_dop_operator_3.py
[2024-11-02T02:06:15.218+0000] {logging_mixin.py:190} INFO - [2024-11-02T02:06:15.218+0000] {dag.py:3239} INFO - Sync 1 DAGs
[2024-11-02T02:06:15.237+0000] {logging_mixin.py:190} INFO - [2024-11-02T02:06:15.236+0000] {dag.py:4180} INFO - Setting next_dagrun for example_branch_dop_operator_v3 to 2024-11-02 02:05:00+00:00, run_after=2024-11-02 02:06:00+00:00
[2024-11-02T02:06:15.251+0000] {processor.py:208} INFO - Processing /home/airflow/.local/lib/python3.12/site-packages/airflow/example_dags/example_branch_python_dop_operator_3.py took 0.062 seconds
[2024-11-02T02:06:45.614+0000] {processor.py:186} INFO - Started process (PID=305) to work on /home/airflow/.local/lib/python3.12/site-packages/airflow/example_dags/example_branch_python_dop_operator_3.py
[2024-11-02T02:06:45.615+0000] {processor.py:914} INFO - Processing file /home/airflow/.local/lib/python3.12/site-packages/airflow/example_dags/example_branch_python_dop_operator_3.py for tasks to queue
[2024-11-02T02:06:45.616+0000] {logging_mixin.py:190} INFO - [2024-11-02T02:06:45.616+0000] {dagbag.py:588} INFO - Filling up the DagBag from /home/airflow/.local/lib/python3.12/site-packages/airflow/example_dags/example_branch_python_dop_operator_3.py
[2024-11-02T02:06:45.622+0000] {processor.py:925} INFO - DAG(s) 'example_branch_dop_operator_v3' retrieved from /home/airflow/.local/lib/python3.12/site-packages/airflow/example_dags/example_branch_python_dop_operator_3.py
[2024-11-02T02:06:45.635+0000] {logging_mixin.py:190} INFO - [2024-11-02T02:06:45.634+0000] {dag.py:3239} INFO - Sync 1 DAGs
[2024-11-02T02:06:45.651+0000] {logging_mixin.py:190} INFO - [2024-11-02T02:06:45.651+0000] {dag.py:4180} INFO - Setting next_dagrun for example_branch_dop_operator_v3 to 2024-11-02 02:05:00+00:00, run_after=2024-11-02 02:06:00+00:00
[2024-11-02T02:06:45.663+0000] {processor.py:208} INFO - Processing /home/airflow/.local/lib/python3.12/site-packages/airflow/example_dags/example_branch_python_dop_operator_3.py took 0.053 seconds
