[2024-11-02T02:04:41.753+0000] {processor.py:186} INFO - Started process (PID=99) to work on /home/airflow/.local/lib/python3.12/site-packages/airflow/example_dags/example_display_name.py
[2024-11-02T02:04:41.754+0000] {processor.py:914} INFO - Processing file /home/airflow/.local/lib/python3.12/site-packages/airflow/example_dags/example_display_name.py for tasks to queue
[2024-11-02T02:04:41.756+0000] {logging_mixin.py:190} INFO - [2024-11-02T02:04:41.755+0000] {dagbag.py:588} INFO - Filling up the DagBag from /home/airflow/.local/lib/python3.12/site-packages/airflow/example_dags/example_display_name.py
[2024-11-02T02:04:41.762+0000] {processor.py:925} INFO - DAG(s) 'example_display_name' retrieved from /home/airflow/.local/lib/python3.12/site-packages/airflow/example_dags/example_display_name.py
[2024-11-02T02:04:41.778+0000] {logging_mixin.py:190} INFO - [2024-11-02T02:04:41.778+0000] {dag.py:3239} INFO - Sync 1 DAGs
[2024-11-02T02:04:41.789+0000] {logging_mixin.py:190} INFO - [2024-11-02T02:04:41.789+0000] {dag.py:4180} INFO - Setting next_dagrun for example_display_name to None, run_after=None
[2024-11-02T02:04:41.807+0000] {processor.py:208} INFO - Processing /home/airflow/.local/lib/python3.12/site-packages/airflow/example_dags/example_display_name.py took 0.059 seconds
[2024-11-02T02:05:37.207+0000] {processor.py:186} INFO - Started process (PID=165) to work on /home/airflow/.local/lib/python3.12/site-packages/airflow/example_dags/example_display_name.py
[2024-11-02T02:05:37.208+0000] {processor.py:914} INFO - Processing file /home/airflow/.local/lib/python3.12/site-packages/airflow/example_dags/example_display_name.py for tasks to queue
[2024-11-02T02:05:37.210+0000] {logging_mixin.py:190} INFO - [2024-11-02T02:05:37.209+0000] {dagbag.py:588} INFO - Filling up the DagBag from /home/airflow/.local/lib/python3.12/site-packages/airflow/example_dags/example_display_name.py
[2024-11-02T02:05:37.218+0000] {processor.py:925} INFO - DAG(s) 'example_display_name' retrieved from /home/airflow/.local/lib/python3.12/site-packages/airflow/example_dags/example_display_name.py
[2024-11-02T02:05:37.250+0000] {logging_mixin.py:190} INFO - [2024-11-02T02:05:37.250+0000] {dag.py:3239} INFO - Sync 1 DAGs
[2024-11-02T02:05:37.265+0000] {logging_mixin.py:190} INFO - [2024-11-02T02:05:37.265+0000] {dag.py:4180} INFO - Setting next_dagrun for example_display_name to None, run_after=None
[2024-11-02T02:05:37.287+0000] {processor.py:208} INFO - Processing /home/airflow/.local/lib/python3.12/site-packages/airflow/example_dags/example_display_name.py took 0.085 seconds
[2024-11-02T02:06:07.589+0000] {processor.py:186} INFO - Started process (PID=230) to work on /home/airflow/.local/lib/python3.12/site-packages/airflow/example_dags/example_display_name.py
[2024-11-02T02:06:07.590+0000] {processor.py:914} INFO - Processing file /home/airflow/.local/lib/python3.12/site-packages/airflow/example_dags/example_display_name.py for tasks to queue
[2024-11-02T02:06:07.591+0000] {logging_mixin.py:190} INFO - [2024-11-02T02:06:07.591+0000] {dagbag.py:588} INFO - Filling up the DagBag from /home/airflow/.local/lib/python3.12/site-packages/airflow/example_dags/example_display_name.py
[2024-11-02T02:06:07.596+0000] {processor.py:925} INFO - DAG(s) 'example_display_name' retrieved from /home/airflow/.local/lib/python3.12/site-packages/airflow/example_dags/example_display_name.py
[2024-11-02T02:06:07.610+0000] {logging_mixin.py:190} INFO - [2024-11-02T02:06:07.609+0000] {dag.py:3239} INFO - Sync 1 DAGs
[2024-11-02T02:06:07.619+0000] {logging_mixin.py:190} INFO - [2024-11-02T02:06:07.619+0000] {dag.py:4180} INFO - Setting next_dagrun for example_display_name to None, run_after=None
[2024-11-02T02:06:07.632+0000] {processor.py:208} INFO - Processing /home/airflow/.local/lib/python3.12/site-packages/airflow/example_dags/example_display_name.py took 0.046 seconds
[2024-11-02T02:06:38.004+0000] {processor.py:186} INFO - Started process (PID=296) to work on /home/airflow/.local/lib/python3.12/site-packages/airflow/example_dags/example_display_name.py
[2024-11-02T02:06:38.005+0000] {processor.py:914} INFO - Processing file /home/airflow/.local/lib/python3.12/site-packages/airflow/example_dags/example_display_name.py for tasks to queue
[2024-11-02T02:06:38.008+0000] {logging_mixin.py:190} INFO - [2024-11-02T02:06:38.007+0000] {dagbag.py:588} INFO - Filling up the DagBag from /home/airflow/.local/lib/python3.12/site-packages/airflow/example_dags/example_display_name.py
[2024-11-02T02:06:38.016+0000] {processor.py:925} INFO - DAG(s) 'example_display_name' retrieved from /home/airflow/.local/lib/python3.12/site-packages/airflow/example_dags/example_display_name.py
[2024-11-02T02:06:38.039+0000] {logging_mixin.py:190} INFO - [2024-11-02T02:06:38.038+0000] {dag.py:3239} INFO - Sync 1 DAGs
[2024-11-02T02:06:38.057+0000] {logging_mixin.py:190} INFO - [2024-11-02T02:06:38.056+0000] {dag.py:4180} INFO - Setting next_dagrun for example_display_name to None, run_after=None
[2024-11-02T02:06:38.082+0000] {processor.py:208} INFO - Processing /home/airflow/.local/lib/python3.12/site-packages/airflow/example_dags/example_display_name.py took 0.085 seconds
