[2024-11-02T02:04:43.338+0000] {processor.py:186} INFO - Started process (PID=121) to work on /home/airflow/.local/lib/python3.12/site-packages/airflow/example_dags/example_datasets.py
[2024-11-02T02:04:43.339+0000] {processor.py:914} INFO - Processing file /home/airflow/.local/lib/python3.12/site-packages/airflow/example_dags/example_datasets.py for tasks to queue
[2024-11-02T02:04:43.341+0000] {logging_mixin.py:190} INFO - [2024-11-02T02:04:43.341+0000] {dagbag.py:588} INFO - Filling up the DagBag from /home/airflow/.local/lib/python3.12/site-packages/airflow/example_dags/example_datasets.py
[2024-11-02T02:04:43.495+0000] {processor.py:925} INFO - DAG(s) 'conditional_dataset_and_time_based_timetable', 'dataset_consumes_1_and_2', 'consume_1_and_2_with_dataset_expressions', 'dataset_produces_1', 'dataset_consumes_unknown_never_scheduled', 'dataset_consumes_1_never_scheduled', 'dataset_consumes_1', 'consume_1_or_2_with_dataset_expressions', 'dataset_produces_2', 'consume_1_or_both_2_and_3_with_dataset_expressions' retrieved from /home/airflow/.local/lib/python3.12/site-packages/airflow/example_dags/example_datasets.py
[2024-11-02T02:04:43.542+0000] {logging_mixin.py:190} INFO - [2024-11-02T02:04:43.542+0000] {dag.py:3239} INFO - Sync 10 DAGs
[2024-11-02T02:04:43.563+0000] {logging_mixin.py:190} INFO - [2024-11-02T02:04:43.563+0000] {dag.py:4180} INFO - Setting next_dagrun for conditional_dataset_and_time_based_timetable to 2024-10-30 01:00:00+00:00, run_after=2024-10-30 01:00:00+00:00
[2024-11-02T02:04:43.567+0000] {logging_mixin.py:190} INFO - [2024-11-02T02:04:43.567+0000] {dag.py:4180} INFO - Setting next_dagrun for consume_1_and_2_with_dataset_expressions to None, run_after=None
[2024-11-02T02:04:43.568+0000] {logging_mixin.py:190} INFO - [2024-11-02T02:04:43.568+0000] {dag.py:4180} INFO - Setting next_dagrun for consume_1_or_2_with_dataset_expressions to None, run_after=None
[2024-11-02T02:04:43.569+0000] {logging_mixin.py:190} INFO - [2024-11-02T02:04:43.569+0000] {dag.py:4180} INFO - Setting next_dagrun for consume_1_or_both_2_and_3_with_dataset_expressions to None, run_after=None
[2024-11-02T02:04:43.570+0000] {logging_mixin.py:190} INFO - [2024-11-02T02:04:43.570+0000] {dag.py:4180} INFO - Setting next_dagrun for dataset_consumes_1 to None, run_after=None
[2024-11-02T02:04:43.571+0000] {logging_mixin.py:190} INFO - [2024-11-02T02:04:43.571+0000] {dag.py:4180} INFO - Setting next_dagrun for dataset_consumes_1_and_2 to None, run_after=None
[2024-11-02T02:04:43.572+0000] {logging_mixin.py:190} INFO - [2024-11-02T02:04:43.571+0000] {dag.py:4180} INFO - Setting next_dagrun for dataset_consumes_1_never_scheduled to None, run_after=None
[2024-11-02T02:04:43.572+0000] {logging_mixin.py:190} INFO - [2024-11-02T02:04:43.572+0000] {dag.py:4180} INFO - Setting next_dagrun for dataset_consumes_unknown_never_scheduled to None, run_after=None
[2024-11-02T02:04:43.574+0000] {logging_mixin.py:190} INFO - [2024-11-02T02:04:43.574+0000] {dag.py:4180} INFO - Setting next_dagrun for dataset_produces_1 to 2024-11-01 00:00:00+00:00, run_after=2024-11-02 00:00:00+00:00
[2024-11-02T02:04:43.575+0000] {logging_mixin.py:190} INFO - [2024-11-02T02:04:43.575+0000] {dag.py:4180} INFO - Setting next_dagrun for dataset_produces_2 to None, run_after=None
[2024-11-02T02:04:43.610+0000] {processor.py:208} INFO - Processing /home/airflow/.local/lib/python3.12/site-packages/airflow/example_dags/example_datasets.py took 0.277 seconds
[2024-11-02T02:05:45.559+0000] {processor.py:186} INFO - Started process (PID=187) to work on /home/airflow/.local/lib/python3.12/site-packages/airflow/example_dags/example_datasets.py
[2024-11-02T02:05:45.560+0000] {processor.py:914} INFO - Processing file /home/airflow/.local/lib/python3.12/site-packages/airflow/example_dags/example_datasets.py for tasks to queue
[2024-11-02T02:05:45.562+0000] {logging_mixin.py:190} INFO - [2024-11-02T02:05:45.561+0000] {dagbag.py:588} INFO - Filling up the DagBag from /home/airflow/.local/lib/python3.12/site-packages/airflow/example_dags/example_datasets.py
[2024-11-02T02:05:45.694+0000] {processor.py:925} INFO - DAG(s) 'dataset_produces_2', 'dataset_consumes_1_never_scheduled', 'consume_1_or_2_with_dataset_expressions', 'consume_1_or_both_2_and_3_with_dataset_expressions', 'dataset_consumes_unknown_never_scheduled', 'dataset_consumes_1_and_2', 'dataset_consumes_1', 'conditional_dataset_and_time_based_timetable', 'consume_1_and_2_with_dataset_expressions', 'dataset_produces_1' retrieved from /home/airflow/.local/lib/python3.12/site-packages/airflow/example_dags/example_datasets.py
[2024-11-02T02:05:45.735+0000] {logging_mixin.py:190} INFO - [2024-11-02T02:05:45.735+0000] {dag.py:3239} INFO - Sync 10 DAGs
[2024-11-02T02:05:45.762+0000] {logging_mixin.py:190} INFO - [2024-11-02T02:05:45.761+0000] {dag.py:4180} INFO - Setting next_dagrun for conditional_dataset_and_time_based_timetable to 2024-10-30 01:00:00+00:00, run_after=2024-10-30 01:00:00+00:00
[2024-11-02T02:05:45.765+0000] {logging_mixin.py:190} INFO - [2024-11-02T02:05:45.765+0000] {dag.py:4180} INFO - Setting next_dagrun for consume_1_and_2_with_dataset_expressions to None, run_after=None
[2024-11-02T02:05:45.766+0000] {logging_mixin.py:190} INFO - [2024-11-02T02:05:45.766+0000] {dag.py:4180} INFO - Setting next_dagrun for consume_1_or_2_with_dataset_expressions to None, run_after=None
[2024-11-02T02:05:45.767+0000] {logging_mixin.py:190} INFO - [2024-11-02T02:05:45.767+0000] {dag.py:4180} INFO - Setting next_dagrun for consume_1_or_both_2_and_3_with_dataset_expressions to None, run_after=None
[2024-11-02T02:05:45.768+0000] {logging_mixin.py:190} INFO - [2024-11-02T02:05:45.768+0000] {dag.py:4180} INFO - Setting next_dagrun for dataset_consumes_1 to None, run_after=None
[2024-11-02T02:05:45.769+0000] {logging_mixin.py:190} INFO - [2024-11-02T02:05:45.769+0000] {dag.py:4180} INFO - Setting next_dagrun for dataset_consumes_1_and_2 to None, run_after=None
[2024-11-02T02:05:45.770+0000] {logging_mixin.py:190} INFO - [2024-11-02T02:05:45.770+0000] {dag.py:4180} INFO - Setting next_dagrun for dataset_consumes_1_never_scheduled to None, run_after=None
[2024-11-02T02:05:45.771+0000] {logging_mixin.py:190} INFO - [2024-11-02T02:05:45.771+0000] {dag.py:4180} INFO - Setting next_dagrun for dataset_consumes_unknown_never_scheduled to None, run_after=None
[2024-11-02T02:05:45.772+0000] {logging_mixin.py:190} INFO - [2024-11-02T02:05:45.772+0000] {dag.py:4180} INFO - Setting next_dagrun for dataset_produces_1 to 2024-11-01 00:00:00+00:00, run_after=2024-11-02 00:00:00+00:00
[2024-11-02T02:05:45.773+0000] {logging_mixin.py:190} INFO - [2024-11-02T02:05:45.773+0000] {dag.py:4180} INFO - Setting next_dagrun for dataset_produces_2 to None, run_after=None
[2024-11-02T02:05:45.802+0000] {processor.py:208} INFO - Processing /home/airflow/.local/lib/python3.12/site-packages/airflow/example_dags/example_datasets.py took 0.249 seconds
[2024-11-02T02:06:15.915+0000] {processor.py:186} INFO - Started process (PID=253) to work on /home/airflow/.local/lib/python3.12/site-packages/airflow/example_dags/example_datasets.py
[2024-11-02T02:06:15.916+0000] {processor.py:914} INFO - Processing file /home/airflow/.local/lib/python3.12/site-packages/airflow/example_dags/example_datasets.py for tasks to queue
[2024-11-02T02:06:15.917+0000] {logging_mixin.py:190} INFO - [2024-11-02T02:06:15.917+0000] {dagbag.py:588} INFO - Filling up the DagBag from /home/airflow/.local/lib/python3.12/site-packages/airflow/example_dags/example_datasets.py
[2024-11-02T02:06:16.046+0000] {processor.py:925} INFO - DAG(s) 'conditional_dataset_and_time_based_timetable', 'dataset_consumes_1', 'consume_1_and_2_with_dataset_expressions', 'dataset_produces_1', 'dataset_consumes_1_and_2', 'dataset_produces_2', 'consume_1_or_2_with_dataset_expressions', 'dataset_consumes_unknown_never_scheduled', 'consume_1_or_both_2_and_3_with_dataset_expressions', 'dataset_consumes_1_never_scheduled' retrieved from /home/airflow/.local/lib/python3.12/site-packages/airflow/example_dags/example_datasets.py
[2024-11-02T02:06:16.077+0000] {logging_mixin.py:190} INFO - [2024-11-02T02:06:16.077+0000] {dag.py:3239} INFO - Sync 10 DAGs
[2024-11-02T02:06:16.102+0000] {logging_mixin.py:190} INFO - [2024-11-02T02:06:16.102+0000] {dag.py:4180} INFO - Setting next_dagrun for conditional_dataset_and_time_based_timetable to 2024-10-30 01:00:00+00:00, run_after=2024-10-30 01:00:00+00:00
[2024-11-02T02:06:16.106+0000] {logging_mixin.py:190} INFO - [2024-11-02T02:06:16.106+0000] {dag.py:4180} INFO - Setting next_dagrun for consume_1_and_2_with_dataset_expressions to None, run_after=None
[2024-11-02T02:06:16.108+0000] {logging_mixin.py:190} INFO - [2024-11-02T02:06:16.108+0000] {dag.py:4180} INFO - Setting next_dagrun for consume_1_or_2_with_dataset_expressions to None, run_after=None
[2024-11-02T02:06:16.109+0000] {logging_mixin.py:190} INFO - [2024-11-02T02:06:16.109+0000] {dag.py:4180} INFO - Setting next_dagrun for consume_1_or_both_2_and_3_with_dataset_expressions to None, run_after=None
[2024-11-02T02:06:16.110+0000] {logging_mixin.py:190} INFO - [2024-11-02T02:06:16.110+0000] {dag.py:4180} INFO - Setting next_dagrun for dataset_consumes_1 to None, run_after=None
[2024-11-02T02:06:16.111+0000] {logging_mixin.py:190} INFO - [2024-11-02T02:06:16.111+0000] {dag.py:4180} INFO - Setting next_dagrun for dataset_consumes_1_and_2 to None, run_after=None
[2024-11-02T02:06:16.112+0000] {logging_mixin.py:190} INFO - [2024-11-02T02:06:16.111+0000] {dag.py:4180} INFO - Setting next_dagrun for dataset_consumes_1_never_scheduled to None, run_after=None
[2024-11-02T02:06:16.112+0000] {logging_mixin.py:190} INFO - [2024-11-02T02:06:16.112+0000] {dag.py:4180} INFO - Setting next_dagrun for dataset_consumes_unknown_never_scheduled to None, run_after=None
[2024-11-02T02:06:16.115+0000] {logging_mixin.py:190} INFO - [2024-11-02T02:06:16.115+0000] {dag.py:4180} INFO - Setting next_dagrun for dataset_produces_1 to 2024-11-01 00:00:00+00:00, run_after=2024-11-02 00:00:00+00:00
[2024-11-02T02:06:16.116+0000] {logging_mixin.py:190} INFO - [2024-11-02T02:06:16.116+0000] {dag.py:4180} INFO - Setting next_dagrun for dataset_produces_2 to None, run_after=None
[2024-11-02T02:06:16.155+0000] {processor.py:208} INFO - Processing /home/airflow/.local/lib/python3.12/site-packages/airflow/example_dags/example_datasets.py took 0.244 seconds
[2024-11-02T02:06:46.734+0000] {processor.py:186} INFO - Started process (PID=319) to work on /home/airflow/.local/lib/python3.12/site-packages/airflow/example_dags/example_datasets.py
[2024-11-02T02:06:46.735+0000] {processor.py:914} INFO - Processing file /home/airflow/.local/lib/python3.12/site-packages/airflow/example_dags/example_datasets.py for tasks to queue
[2024-11-02T02:06:46.736+0000] {logging_mixin.py:190} INFO - [2024-11-02T02:06:46.736+0000] {dagbag.py:588} INFO - Filling up the DagBag from /home/airflow/.local/lib/python3.12/site-packages/airflow/example_dags/example_datasets.py
[2024-11-02T02:06:46.840+0000] {processor.py:925} INFO - DAG(s) 'consume_1_or_2_with_dataset_expressions', 'consume_1_or_both_2_and_3_with_dataset_expressions', 'dataset_consumes_1_and_2', 'conditional_dataset_and_time_based_timetable', 'dataset_produces_1', 'dataset_consumes_1', 'dataset_produces_2', 'dataset_consumes_unknown_never_scheduled', 'consume_1_and_2_with_dataset_expressions', 'dataset_consumes_1_never_scheduled' retrieved from /home/airflow/.local/lib/python3.12/site-packages/airflow/example_dags/example_datasets.py
[2024-11-02T02:06:46.868+0000] {logging_mixin.py:190} INFO - [2024-11-02T02:06:46.867+0000] {dag.py:3239} INFO - Sync 10 DAGs
[2024-11-02T02:06:46.884+0000] {logging_mixin.py:190} INFO - [2024-11-02T02:06:46.884+0000] {dag.py:4180} INFO - Setting next_dagrun for conditional_dataset_and_time_based_timetable to 2024-10-30 01:00:00+00:00, run_after=2024-10-30 01:00:00+00:00
[2024-11-02T02:06:46.886+0000] {logging_mixin.py:190} INFO - [2024-11-02T02:06:46.886+0000] {dag.py:4180} INFO - Setting next_dagrun for consume_1_and_2_with_dataset_expressions to None, run_after=None
[2024-11-02T02:06:46.887+0000] {logging_mixin.py:190} INFO - [2024-11-02T02:06:46.887+0000] {dag.py:4180} INFO - Setting next_dagrun for consume_1_or_2_with_dataset_expressions to None, run_after=None
[2024-11-02T02:06:46.888+0000] {logging_mixin.py:190} INFO - [2024-11-02T02:06:46.888+0000] {dag.py:4180} INFO - Setting next_dagrun for consume_1_or_both_2_and_3_with_dataset_expressions to None, run_after=None
[2024-11-02T02:06:46.889+0000] {logging_mixin.py:190} INFO - [2024-11-02T02:06:46.888+0000] {dag.py:4180} INFO - Setting next_dagrun for dataset_consumes_1 to None, run_after=None
[2024-11-02T02:06:46.889+0000] {logging_mixin.py:190} INFO - [2024-11-02T02:06:46.889+0000] {dag.py:4180} INFO - Setting next_dagrun for dataset_consumes_1_and_2 to None, run_after=None
[2024-11-02T02:06:46.890+0000] {logging_mixin.py:190} INFO - [2024-11-02T02:06:46.890+0000] {dag.py:4180} INFO - Setting next_dagrun for dataset_consumes_1_never_scheduled to None, run_after=None
[2024-11-02T02:06:46.891+0000] {logging_mixin.py:190} INFO - [2024-11-02T02:06:46.890+0000] {dag.py:4180} INFO - Setting next_dagrun for dataset_consumes_unknown_never_scheduled to None, run_after=None
[2024-11-02T02:06:46.892+0000] {logging_mixin.py:190} INFO - [2024-11-02T02:06:46.892+0000] {dag.py:4180} INFO - Setting next_dagrun for dataset_produces_1 to 2024-11-01 00:00:00+00:00, run_after=2024-11-02 00:00:00+00:00
[2024-11-02T02:06:46.893+0000] {logging_mixin.py:190} INFO - [2024-11-02T02:06:46.892+0000] {dag.py:4180} INFO - Setting next_dagrun for dataset_produces_2 to None, run_after=None
[2024-11-02T02:06:46.914+0000] {processor.py:208} INFO - Processing /home/airflow/.local/lib/python3.12/site-packages/airflow/example_dags/example_datasets.py took 0.184 seconds
