[2024-11-02T02:04:43.362+0000] {processor.py:186} INFO - Started process (PID=122) to work on /home/airflow/.local/lib/python3.12/site-packages/airflow/example_dags/example_latest_only_with_trigger.py
[2024-11-02T02:04:43.363+0000] {processor.py:914} INFO - Processing file /home/airflow/.local/lib/python3.12/site-packages/airflow/example_dags/example_latest_only_with_trigger.py for tasks to queue
[2024-11-02T02:04:43.365+0000] {logging_mixin.py:190} INFO - [2024-11-02T02:04:43.364+0000] {dagbag.py:588} INFO - Filling up the DagBag from /home/airflow/.local/lib/python3.12/site-packages/airflow/example_dags/example_latest_only_with_trigger.py
[2024-11-02T02:04:43.371+0000] {processor.py:925} INFO - DAG(s) 'latest_only_with_trigger' retrieved from /home/airflow/.local/lib/python3.12/site-packages/airflow/example_dags/example_latest_only_with_trigger.py
[2024-11-02T02:04:43.389+0000] {logging_mixin.py:190} INFO - [2024-11-02T02:04:43.389+0000] {dag.py:3239} INFO - Sync 1 DAGs
[2024-11-02T02:04:43.410+0000] {logging_mixin.py:190} INFO - [2024-11-02T02:04:43.409+0000] {dag.py:4180} INFO - Setting next_dagrun for latest_only_with_trigger to 2024-11-01 20:00:00+00:00, run_after=2024-11-02 00:00:00+00:00
[2024-11-02T02:04:43.427+0000] {processor.py:208} INFO - Processing /home/airflow/.local/lib/python3.12/site-packages/airflow/example_dags/example_latest_only_with_trigger.py took 0.070 seconds
[2024-11-02T02:05:45.572+0000] {processor.py:186} INFO - Started process (PID=188) to work on /home/airflow/.local/lib/python3.12/site-packages/airflow/example_dags/example_latest_only_with_trigger.py
[2024-11-02T02:05:45.573+0000] {processor.py:914} INFO - Processing file /home/airflow/.local/lib/python3.12/site-packages/airflow/example_dags/example_latest_only_with_trigger.py for tasks to queue
[2024-11-02T02:05:45.575+0000] {logging_mixin.py:190} INFO - [2024-11-02T02:05:45.574+0000] {dagbag.py:588} INFO - Filling up the DagBag from /home/airflow/.local/lib/python3.12/site-packages/airflow/example_dags/example_latest_only_with_trigger.py
[2024-11-02T02:05:45.581+0000] {processor.py:925} INFO - DAG(s) 'latest_only_with_trigger' retrieved from /home/airflow/.local/lib/python3.12/site-packages/airflow/example_dags/example_latest_only_with_trigger.py
[2024-11-02T02:05:45.596+0000] {logging_mixin.py:190} INFO - [2024-11-02T02:05:45.596+0000] {dag.py:3239} INFO - Sync 1 DAGs
[2024-11-02T02:05:45.614+0000] {logging_mixin.py:190} INFO - [2024-11-02T02:05:45.614+0000] {dag.py:4180} INFO - Setting next_dagrun for latest_only_with_trigger to 2024-11-01 20:00:00+00:00, run_after=2024-11-02 00:00:00+00:00
[2024-11-02T02:05:45.629+0000] {processor.py:208} INFO - Processing /home/airflow/.local/lib/python3.12/site-packages/airflow/example_dags/example_latest_only_with_trigger.py took 0.061 seconds
[2024-11-02T02:06:15.921+0000] {processor.py:186} INFO - Started process (PID=254) to work on /home/airflow/.local/lib/python3.12/site-packages/airflow/example_dags/example_latest_only_with_trigger.py
[2024-11-02T02:06:15.921+0000] {processor.py:914} INFO - Processing file /home/airflow/.local/lib/python3.12/site-packages/airflow/example_dags/example_latest_only_with_trigger.py for tasks to queue
[2024-11-02T02:06:15.923+0000] {logging_mixin.py:190} INFO - [2024-11-02T02:06:15.922+0000] {dagbag.py:588} INFO - Filling up the DagBag from /home/airflow/.local/lib/python3.12/site-packages/airflow/example_dags/example_latest_only_with_trigger.py
[2024-11-02T02:06:15.928+0000] {processor.py:925} INFO - DAG(s) 'latest_only_with_trigger' retrieved from /home/airflow/.local/lib/python3.12/site-packages/airflow/example_dags/example_latest_only_with_trigger.py
[2024-11-02T02:06:15.947+0000] {logging_mixin.py:190} INFO - [2024-11-02T02:06:15.947+0000] {dag.py:3239} INFO - Sync 1 DAGs
[2024-11-02T02:06:15.968+0000] {logging_mixin.py:190} INFO - [2024-11-02T02:06:15.968+0000] {dag.py:4180} INFO - Setting next_dagrun for latest_only_with_trigger to 2024-11-01 20:00:00+00:00, run_after=2024-11-02 00:00:00+00:00
[2024-11-02T02:06:15.987+0000] {processor.py:208} INFO - Processing /home/airflow/.local/lib/python3.12/site-packages/airflow/example_dags/example_latest_only_with_trigger.py took 0.070 seconds
[2024-11-02T02:06:46.934+0000] {processor.py:186} INFO - Started process (PID=320) to work on /home/airflow/.local/lib/python3.12/site-packages/airflow/example_dags/example_latest_only_with_trigger.py
[2024-11-02T02:06:46.935+0000] {processor.py:914} INFO - Processing file /home/airflow/.local/lib/python3.12/site-packages/airflow/example_dags/example_latest_only_with_trigger.py for tasks to queue
[2024-11-02T02:06:46.936+0000] {logging_mixin.py:190} INFO - [2024-11-02T02:06:46.936+0000] {dagbag.py:588} INFO - Filling up the DagBag from /home/airflow/.local/lib/python3.12/site-packages/airflow/example_dags/example_latest_only_with_trigger.py
[2024-11-02T02:06:46.941+0000] {processor.py:925} INFO - DAG(s) 'latest_only_with_trigger' retrieved from /home/airflow/.local/lib/python3.12/site-packages/airflow/example_dags/example_latest_only_with_trigger.py
[2024-11-02T02:06:46.955+0000] {logging_mixin.py:190} INFO - [2024-11-02T02:06:46.954+0000] {dag.py:3239} INFO - Sync 1 DAGs
[2024-11-02T02:06:46.969+0000] {logging_mixin.py:190} INFO - [2024-11-02T02:06:46.968+0000] {dag.py:4180} INFO - Setting next_dagrun for latest_only_with_trigger to 2024-11-01 20:00:00+00:00, run_after=2024-11-02 00:00:00+00:00
[2024-11-02T02:06:46.982+0000] {processor.py:208} INFO - Processing /home/airflow/.local/lib/python3.12/site-packages/airflow/example_dags/example_latest_only_with_trigger.py took 0.051 seconds
