[2024-11-02T02:04:43.451+0000] {processor.py:186} INFO - Started process (PID=123) to work on /home/airflow/.local/lib/python3.12/site-packages/airflow/example_dags/example_nested_branch_dag.py
[2024-11-02T02:04:43.451+0000] {processor.py:914} INFO - Processing file /home/airflow/.local/lib/python3.12/site-packages/airflow/example_dags/example_nested_branch_dag.py for tasks to queue
[2024-11-02T02:04:43.453+0000] {logging_mixin.py:190} INFO - [2024-11-02T02:04:43.453+0000] {dagbag.py:588} INFO - Filling up the DagBag from /home/airflow/.local/lib/python3.12/site-packages/airflow/example_dags/example_nested_branch_dag.py
[2024-11-02T02:04:43.463+0000] {processor.py:925} INFO - DAG(s) 'example_nested_branch_dag' retrieved from /home/airflow/.local/lib/python3.12/site-packages/airflow/example_dags/example_nested_branch_dag.py
[2024-11-02T02:04:43.489+0000] {logging_mixin.py:190} INFO - [2024-11-02T02:04:43.489+0000] {dag.py:3239} INFO - Sync 1 DAGs
[2024-11-02T02:04:43.522+0000] {logging_mixin.py:190} INFO - [2024-11-02T02:04:43.522+0000] {dag.py:4180} INFO - Setting next_dagrun for example_nested_branch_dag to 2024-11-01 00:00:00+00:00, run_after=2024-11-02 00:00:00+00:00
[2024-11-02T02:04:43.542+0000] {processor.py:208} INFO - Processing /home/airflow/.local/lib/python3.12/site-packages/airflow/example_dags/example_nested_branch_dag.py took 0.096 seconds
[2024-11-02T02:05:45.652+0000] {processor.py:186} INFO - Started process (PID=189) to work on /home/airflow/.local/lib/python3.12/site-packages/airflow/example_dags/example_nested_branch_dag.py
[2024-11-02T02:05:45.652+0000] {processor.py:914} INFO - Processing file /home/airflow/.local/lib/python3.12/site-packages/airflow/example_dags/example_nested_branch_dag.py for tasks to queue
[2024-11-02T02:05:45.654+0000] {logging_mixin.py:190} INFO - [2024-11-02T02:05:45.654+0000] {dagbag.py:588} INFO - Filling up the DagBag from /home/airflow/.local/lib/python3.12/site-packages/airflow/example_dags/example_nested_branch_dag.py
[2024-11-02T02:05:45.663+0000] {processor.py:925} INFO - DAG(s) 'example_nested_branch_dag' retrieved from /home/airflow/.local/lib/python3.12/site-packages/airflow/example_dags/example_nested_branch_dag.py
[2024-11-02T02:05:45.683+0000] {logging_mixin.py:190} INFO - [2024-11-02T02:05:45.682+0000] {dag.py:3239} INFO - Sync 1 DAGs
[2024-11-02T02:05:45.708+0000] {logging_mixin.py:190} INFO - [2024-11-02T02:05:45.708+0000] {dag.py:4180} INFO - Setting next_dagrun for example_nested_branch_dag to 2024-11-01 00:00:00+00:00, run_after=2024-11-02 00:00:00+00:00
[2024-11-02T02:05:45.731+0000] {processor.py:208} INFO - Processing /home/airflow/.local/lib/python3.12/site-packages/airflow/example_dags/example_nested_branch_dag.py took 0.084 seconds
[2024-11-02T02:06:16.010+0000] {processor.py:186} INFO - Started process (PID=255) to work on /home/airflow/.local/lib/python3.12/site-packages/airflow/example_dags/example_nested_branch_dag.py
[2024-11-02T02:06:16.011+0000] {processor.py:914} INFO - Processing file /home/airflow/.local/lib/python3.12/site-packages/airflow/example_dags/example_nested_branch_dag.py for tasks to queue
[2024-11-02T02:06:16.012+0000] {logging_mixin.py:190} INFO - [2024-11-02T02:06:16.012+0000] {dagbag.py:588} INFO - Filling up the DagBag from /home/airflow/.local/lib/python3.12/site-packages/airflow/example_dags/example_nested_branch_dag.py
[2024-11-02T02:06:16.021+0000] {processor.py:925} INFO - DAG(s) 'example_nested_branch_dag' retrieved from /home/airflow/.local/lib/python3.12/site-packages/airflow/example_dags/example_nested_branch_dag.py
[2024-11-02T02:06:16.037+0000] {logging_mixin.py:190} INFO - [2024-11-02T02:06:16.037+0000] {dag.py:3239} INFO - Sync 1 DAGs
[2024-11-02T02:06:16.055+0000] {logging_mixin.py:190} INFO - [2024-11-02T02:06:16.055+0000] {dag.py:4180} INFO - Setting next_dagrun for example_nested_branch_dag to 2024-11-01 00:00:00+00:00, run_after=2024-11-02 00:00:00+00:00
[2024-11-02T02:06:16.071+0000] {processor.py:208} INFO - Processing /home/airflow/.local/lib/python3.12/site-packages/airflow/example_dags/example_nested_branch_dag.py took 0.065 seconds
[2024-11-02T02:06:47.002+0000] {processor.py:186} INFO - Started process (PID=321) to work on /home/airflow/.local/lib/python3.12/site-packages/airflow/example_dags/example_nested_branch_dag.py
[2024-11-02T02:06:47.003+0000] {processor.py:914} INFO - Processing file /home/airflow/.local/lib/python3.12/site-packages/airflow/example_dags/example_nested_branch_dag.py for tasks to queue
[2024-11-02T02:06:47.005+0000] {logging_mixin.py:190} INFO - [2024-11-02T02:06:47.004+0000] {dagbag.py:588} INFO - Filling up the DagBag from /home/airflow/.local/lib/python3.12/site-packages/airflow/example_dags/example_nested_branch_dag.py
[2024-11-02T02:06:47.012+0000] {processor.py:925} INFO - DAG(s) 'example_nested_branch_dag' retrieved from /home/airflow/.local/lib/python3.12/site-packages/airflow/example_dags/example_nested_branch_dag.py
[2024-11-02T02:06:47.026+0000] {logging_mixin.py:190} INFO - [2024-11-02T02:06:47.026+0000] {dag.py:3239} INFO - Sync 1 DAGs
[2024-11-02T02:06:47.042+0000] {logging_mixin.py:190} INFO - [2024-11-02T02:06:47.042+0000] {dag.py:4180} INFO - Setting next_dagrun for example_nested_branch_dag to 2024-11-01 00:00:00+00:00, run_after=2024-11-02 00:00:00+00:00
[2024-11-02T02:06:47.056+0000] {processor.py:208} INFO - Processing /home/airflow/.local/lib/python3.12/site-packages/airflow/example_dags/example_nested_branch_dag.py took 0.058 seconds
