[2024-11-02T02:04:42.146+0000] {processor.py:186} INFO - Started process (PID=104) to work on /home/airflow/.local/lib/python3.12/site-packages/airflow/example_dags/example_skip_dag.py
[2024-11-02T02:04:42.147+0000] {processor.py:914} INFO - Processing file /home/airflow/.local/lib/python3.12/site-packages/airflow/example_dags/example_skip_dag.py for tasks to queue
[2024-11-02T02:04:42.148+0000] {logging_mixin.py:190} INFO - [2024-11-02T02:04:42.148+0000] {dagbag.py:588} INFO - Filling up the DagBag from /home/airflow/.local/lib/python3.12/site-packages/airflow/example_dags/example_skip_dag.py
[2024-11-02T02:04:42.155+0000] {processor.py:925} INFO - DAG(s) 'example_skip_dag' retrieved from /home/airflow/.local/lib/python3.12/site-packages/airflow/example_dags/example_skip_dag.py
[2024-11-02T02:04:42.173+0000] {logging_mixin.py:190} INFO - [2024-11-02T02:04:42.172+0000] {dag.py:3239} INFO - Sync 1 DAGs
[2024-11-02T02:04:42.191+0000] {logging_mixin.py:190} INFO - [2024-11-02T02:04:42.191+0000] {dag.py:4180} INFO - Setting next_dagrun for example_skip_dag to 2024-11-01 00:00:00+00:00, run_after=2024-11-02 00:00:00+00:00
[2024-11-02T02:04:42.207+0000] {processor.py:208} INFO - Processing /home/airflow/.local/lib/python3.12/site-packages/airflow/example_dags/example_skip_dag.py took 0.065 seconds
[2024-11-02T02:05:39.718+0000] {processor.py:186} INFO - Started process (PID=170) to work on /home/airflow/.local/lib/python3.12/site-packages/airflow/example_dags/example_skip_dag.py
[2024-11-02T02:05:39.730+0000] {processor.py:914} INFO - Processing file /home/airflow/.local/lib/python3.12/site-packages/airflow/example_dags/example_skip_dag.py for tasks to queue
[2024-11-02T02:05:39.746+0000] {logging_mixin.py:190} INFO - [2024-11-02T02:05:39.737+0000] {dagbag.py:588} INFO - Filling up the DagBag from /home/airflow/.local/lib/python3.12/site-packages/airflow/example_dags/example_skip_dag.py
[2024-11-02T02:05:39.890+0000] {processor.py:925} INFO - DAG(s) 'example_skip_dag' retrieved from /home/airflow/.local/lib/python3.12/site-packages/airflow/example_dags/example_skip_dag.py
[2024-11-02T02:05:40.754+0000] {logging_mixin.py:190} INFO - [2024-11-02T02:05:40.754+0000] {dag.py:3239} INFO - Sync 1 DAGs
[2024-11-02T02:05:40.931+0000] {logging_mixin.py:190} INFO - [2024-11-02T02:05:40.914+0000] {dag.py:4180} INFO - Setting next_dagrun for example_skip_dag to 2024-11-01 00:00:00+00:00, run_after=2024-11-02 00:00:00+00:00
[2024-11-02T02:05:42.044+0000] {processor.py:208} INFO - Processing /home/airflow/.local/lib/python3.12/site-packages/airflow/example_dags/example_skip_dag.py took 2.360 seconds
[2024-11-02T02:06:12.884+0000] {processor.py:186} INFO - Started process (PID=236) to work on /home/airflow/.local/lib/python3.12/site-packages/airflow/example_dags/example_skip_dag.py
[2024-11-02T02:06:12.885+0000] {processor.py:914} INFO - Processing file /home/airflow/.local/lib/python3.12/site-packages/airflow/example_dags/example_skip_dag.py for tasks to queue
[2024-11-02T02:06:12.888+0000] {logging_mixin.py:190} INFO - [2024-11-02T02:06:12.887+0000] {dagbag.py:588} INFO - Filling up the DagBag from /home/airflow/.local/lib/python3.12/site-packages/airflow/example_dags/example_skip_dag.py
[2024-11-02T02:06:12.894+0000] {processor.py:925} INFO - DAG(s) 'example_skip_dag' retrieved from /home/airflow/.local/lib/python3.12/site-packages/airflow/example_dags/example_skip_dag.py
[2024-11-02T02:06:12.909+0000] {logging_mixin.py:190} INFO - [2024-11-02T02:06:12.909+0000] {dag.py:3239} INFO - Sync 1 DAGs
[2024-11-02T02:06:12.925+0000] {logging_mixin.py:190} INFO - [2024-11-02T02:06:12.925+0000] {dag.py:4180} INFO - Setting next_dagrun for example_skip_dag to 2024-11-01 00:00:00+00:00, run_after=2024-11-02 00:00:00+00:00
[2024-11-02T02:06:12.938+0000] {processor.py:208} INFO - Processing /home/airflow/.local/lib/python3.12/site-packages/airflow/example_dags/example_skip_dag.py took 0.063 seconds
[2024-11-02T02:06:43.299+0000] {processor.py:186} INFO - Started process (PID=301) to work on /home/airflow/.local/lib/python3.12/site-packages/airflow/example_dags/example_skip_dag.py
[2024-11-02T02:06:43.299+0000] {processor.py:914} INFO - Processing file /home/airflow/.local/lib/python3.12/site-packages/airflow/example_dags/example_skip_dag.py for tasks to queue
[2024-11-02T02:06:43.301+0000] {logging_mixin.py:190} INFO - [2024-11-02T02:06:43.301+0000] {dagbag.py:588} INFO - Filling up the DagBag from /home/airflow/.local/lib/python3.12/site-packages/airflow/example_dags/example_skip_dag.py
[2024-11-02T02:06:43.306+0000] {processor.py:925} INFO - DAG(s) 'example_skip_dag' retrieved from /home/airflow/.local/lib/python3.12/site-packages/airflow/example_dags/example_skip_dag.py
[2024-11-02T02:06:43.331+0000] {logging_mixin.py:190} INFO - [2024-11-02T02:06:43.331+0000] {dag.py:3239} INFO - Sync 1 DAGs
[2024-11-02T02:06:43.353+0000] {logging_mixin.py:190} INFO - [2024-11-02T02:06:43.352+0000] {dag.py:4180} INFO - Setting next_dagrun for example_skip_dag to 2024-11-01 00:00:00+00:00, run_after=2024-11-02 00:00:00+00:00
[2024-11-02T02:06:43.372+0000] {processor.py:208} INFO - Processing /home/airflow/.local/lib/python3.12/site-packages/airflow/example_dags/example_skip_dag.py took 0.081 seconds
