[2024-11-02T02:04:38.863+0000] {processor.py:186} INFO - Started process (PID=90) to work on /home/airflow/.local/lib/python3.12/site-packages/airflow/example_dags/example_sla_dag.py
[2024-11-02T02:04:38.865+0000] {processor.py:914} INFO - Processing file /home/airflow/.local/lib/python3.12/site-packages/airflow/example_dags/example_sla_dag.py for tasks to queue
[2024-11-02T02:04:38.870+0000] {logging_mixin.py:190} INFO - [2024-11-02T02:04:38.869+0000] {dagbag.py:588} INFO - Filling up the DagBag from /home/airflow/.local/lib/python3.12/site-packages/airflow/example_dags/example_sla_dag.py
[2024-11-02T02:04:38.894+0000] {processor.py:925} INFO - DAG(s) 'example_sla_dag' retrieved from /home/airflow/.local/lib/python3.12/site-packages/airflow/example_dags/example_sla_dag.py
[2024-11-02T02:04:38.949+0000] {logging_mixin.py:190} INFO - [2024-11-02T02:04:38.948+0000] {dag.py:3239} INFO - Sync 1 DAGs
[2024-11-02T02:04:39.010+0000] {logging_mixin.py:190} INFO - [2024-11-02T02:04:39.009+0000] {dag.py:4180} INFO - Setting next_dagrun for example_sla_dag to 2024-11-02 02:02:00+00:00, run_after=2024-11-02 02:04:00+00:00
[2024-11-02T02:04:39.056+0000] {processor.py:208} INFO - Processing /home/airflow/.local/lib/python3.12/site-packages/airflow/example_dags/example_sla_dag.py took 0.208 seconds
[2024-11-02T02:05:34.875+0000] {processor.py:186} INFO - Started process (PID=155) to work on /home/airflow/.local/lib/python3.12/site-packages/airflow/example_dags/example_sla_dag.py
[2024-11-02T02:05:34.876+0000] {processor.py:914} INFO - Processing file /home/airflow/.local/lib/python3.12/site-packages/airflow/example_dags/example_sla_dag.py for tasks to queue
[2024-11-02T02:05:34.879+0000] {logging_mixin.py:190} INFO - [2024-11-02T02:05:34.878+0000] {dagbag.py:588} INFO - Filling up the DagBag from /home/airflow/.local/lib/python3.12/site-packages/airflow/example_dags/example_sla_dag.py
[2024-11-02T02:05:34.890+0000] {processor.py:925} INFO - DAG(s) 'example_sla_dag' retrieved from /home/airflow/.local/lib/python3.12/site-packages/airflow/example_dags/example_sla_dag.py
[2024-11-02T02:05:34.915+0000] {logging_mixin.py:190} INFO - [2024-11-02T02:05:34.915+0000] {dag.py:3239} INFO - Sync 1 DAGs
[2024-11-02T02:05:34.943+0000] {logging_mixin.py:190} INFO - [2024-11-02T02:05:34.943+0000] {dag.py:4180} INFO - Setting next_dagrun for example_sla_dag to 2024-11-02 02:02:00+00:00, run_after=2024-11-02 02:04:00+00:00
[2024-11-02T02:05:34.966+0000] {processor.py:208} INFO - Processing /home/airflow/.local/lib/python3.12/site-packages/airflow/example_dags/example_sla_dag.py took 0.096 seconds
[2024-11-02T02:06:05.194+0000] {processor.py:186} INFO - Started process (PID=221) to work on /home/airflow/.local/lib/python3.12/site-packages/airflow/example_dags/example_sla_dag.py
[2024-11-02T02:06:05.194+0000] {processor.py:914} INFO - Processing file /home/airflow/.local/lib/python3.12/site-packages/airflow/example_dags/example_sla_dag.py for tasks to queue
[2024-11-02T02:06:05.196+0000] {logging_mixin.py:190} INFO - [2024-11-02T02:06:05.196+0000] {dagbag.py:588} INFO - Filling up the DagBag from /home/airflow/.local/lib/python3.12/site-packages/airflow/example_dags/example_sla_dag.py
[2024-11-02T02:06:05.203+0000] {processor.py:925} INFO - DAG(s) 'example_sla_dag' retrieved from /home/airflow/.local/lib/python3.12/site-packages/airflow/example_dags/example_sla_dag.py
[2024-11-02T02:06:05.218+0000] {logging_mixin.py:190} INFO - [2024-11-02T02:06:05.218+0000] {dag.py:3239} INFO - Sync 1 DAGs
[2024-11-02T02:06:05.239+0000] {logging_mixin.py:190} INFO - [2024-11-02T02:06:05.239+0000] {dag.py:4180} INFO - Setting next_dagrun for example_sla_dag to 2024-11-02 02:04:00+00:00, run_after=2024-11-02 02:06:00+00:00
[2024-11-02T02:06:05.255+0000] {processor.py:208} INFO - Processing /home/airflow/.local/lib/python3.12/site-packages/airflow/example_dags/example_sla_dag.py took 0.066 seconds
[2024-11-02T02:06:35.521+0000] {processor.py:186} INFO - Started process (PID=287) to work on /home/airflow/.local/lib/python3.12/site-packages/airflow/example_dags/example_sla_dag.py
[2024-11-02T02:06:35.523+0000] {processor.py:914} INFO - Processing file /home/airflow/.local/lib/python3.12/site-packages/airflow/example_dags/example_sla_dag.py for tasks to queue
[2024-11-02T02:06:35.524+0000] {logging_mixin.py:190} INFO - [2024-11-02T02:06:35.524+0000] {dagbag.py:588} INFO - Filling up the DagBag from /home/airflow/.local/lib/python3.12/site-packages/airflow/example_dags/example_sla_dag.py
[2024-11-02T02:06:35.531+0000] {processor.py:925} INFO - DAG(s) 'example_sla_dag' retrieved from /home/airflow/.local/lib/python3.12/site-packages/airflow/example_dags/example_sla_dag.py
[2024-11-02T02:06:35.545+0000] {logging_mixin.py:190} INFO - [2024-11-02T02:06:35.545+0000] {dag.py:3239} INFO - Sync 1 DAGs
[2024-11-02T02:06:35.563+0000] {logging_mixin.py:190} INFO - [2024-11-02T02:06:35.563+0000] {dag.py:4180} INFO - Setting next_dagrun for example_sla_dag to 2024-11-02 02:04:00+00:00, run_after=2024-11-02 02:06:00+00:00
[2024-11-02T02:06:35.577+0000] {processor.py:208} INFO - Processing /home/airflow/.local/lib/python3.12/site-packages/airflow/example_dags/example_sla_dag.py took 0.059 seconds
