[2024-11-02T02:04:43.670+0000] {processor.py:186} INFO - Started process (PID=126) to work on /home/airflow/.local/lib/python3.12/site-packages/airflow/example_dags/example_task_group.py
[2024-11-02T02:04:43.670+0000] {processor.py:914} INFO - Processing file /home/airflow/.local/lib/python3.12/site-packages/airflow/example_dags/example_task_group.py for tasks to queue
[2024-11-02T02:04:43.672+0000] {logging_mixin.py:190} INFO - [2024-11-02T02:04:43.671+0000] {dagbag.py:588} INFO - Filling up the DagBag from /home/airflow/.local/lib/python3.12/site-packages/airflow/example_dags/example_task_group.py
[2024-11-02T02:04:43.679+0000] {processor.py:925} INFO - DAG(s) 'example_task_group' retrieved from /home/airflow/.local/lib/python3.12/site-packages/airflow/example_dags/example_task_group.py
[2024-11-02T02:04:43.696+0000] {logging_mixin.py:190} INFO - [2024-11-02T02:04:43.696+0000] {dag.py:3239} INFO - Sync 1 DAGs
[2024-11-02T02:04:43.708+0000] {logging_mixin.py:190} INFO - [2024-11-02T02:04:43.708+0000] {dag.py:4180} INFO - Setting next_dagrun for example_task_group to None, run_after=None
[2024-11-02T02:04:43.726+0000] {processor.py:208} INFO - Processing /home/airflow/.local/lib/python3.12/site-packages/airflow/example_dags/example_task_group.py took 0.061 seconds
[2024-11-02T02:05:45.867+0000] {processor.py:186} INFO - Started process (PID=192) to work on /home/airflow/.local/lib/python3.12/site-packages/airflow/example_dags/example_task_group.py
[2024-11-02T02:05:45.868+0000] {processor.py:914} INFO - Processing file /home/airflow/.local/lib/python3.12/site-packages/airflow/example_dags/example_task_group.py for tasks to queue
[2024-11-02T02:05:45.870+0000] {logging_mixin.py:190} INFO - [2024-11-02T02:05:45.869+0000] {dagbag.py:588} INFO - Filling up the DagBag from /home/airflow/.local/lib/python3.12/site-packages/airflow/example_dags/example_task_group.py
[2024-11-02T02:05:45.876+0000] {processor.py:925} INFO - DAG(s) 'example_task_group' retrieved from /home/airflow/.local/lib/python3.12/site-packages/airflow/example_dags/example_task_group.py
[2024-11-02T02:05:45.892+0000] {logging_mixin.py:190} INFO - [2024-11-02T02:05:45.892+0000] {dag.py:3239} INFO - Sync 1 DAGs
[2024-11-02T02:05:45.903+0000] {logging_mixin.py:190} INFO - [2024-11-02T02:05:45.903+0000] {dag.py:4180} INFO - Setting next_dagrun for example_task_group to None, run_after=None
[2024-11-02T02:05:45.918+0000] {processor.py:208} INFO - Processing /home/airflow/.local/lib/python3.12/site-packages/airflow/example_dags/example_task_group.py took 0.055 seconds
[2024-11-02T02:06:16.231+0000] {processor.py:186} INFO - Started process (PID=258) to work on /home/airflow/.local/lib/python3.12/site-packages/airflow/example_dags/example_task_group.py
[2024-11-02T02:06:16.232+0000] {processor.py:914} INFO - Processing file /home/airflow/.local/lib/python3.12/site-packages/airflow/example_dags/example_task_group.py for tasks to queue
[2024-11-02T02:06:16.234+0000] {logging_mixin.py:190} INFO - [2024-11-02T02:06:16.234+0000] {dagbag.py:588} INFO - Filling up the DagBag from /home/airflow/.local/lib/python3.12/site-packages/airflow/example_dags/example_task_group.py
[2024-11-02T02:06:16.241+0000] {processor.py:925} INFO - DAG(s) 'example_task_group' retrieved from /home/airflow/.local/lib/python3.12/site-packages/airflow/example_dags/example_task_group.py
[2024-11-02T02:06:16.264+0000] {logging_mixin.py:190} INFO - [2024-11-02T02:06:16.263+0000] {dag.py:3239} INFO - Sync 1 DAGs
[2024-11-02T02:06:16.280+0000] {logging_mixin.py:190} INFO - [2024-11-02T02:06:16.279+0000] {dag.py:4180} INFO - Setting next_dagrun for example_task_group to None, run_after=None
[2024-11-02T02:06:16.303+0000] {processor.py:208} INFO - Processing /home/airflow/.local/lib/python3.12/site-packages/airflow/example_dags/example_task_group.py took 0.077 seconds
[2024-11-02T02:06:47.317+0000] {processor.py:186} INFO - Started process (PID=324) to work on /home/airflow/.local/lib/python3.12/site-packages/airflow/example_dags/example_task_group.py
[2024-11-02T02:06:47.318+0000] {processor.py:914} INFO - Processing file /home/airflow/.local/lib/python3.12/site-packages/airflow/example_dags/example_task_group.py for tasks to queue
[2024-11-02T02:06:47.319+0000] {logging_mixin.py:190} INFO - [2024-11-02T02:06:47.319+0000] {dagbag.py:588} INFO - Filling up the DagBag from /home/airflow/.local/lib/python3.12/site-packages/airflow/example_dags/example_task_group.py
[2024-11-02T02:06:47.324+0000] {processor.py:925} INFO - DAG(s) 'example_task_group' retrieved from /home/airflow/.local/lib/python3.12/site-packages/airflow/example_dags/example_task_group.py
[2024-11-02T02:06:47.337+0000] {logging_mixin.py:190} INFO - [2024-11-02T02:06:47.337+0000] {dag.py:3239} INFO - Sync 1 DAGs
[2024-11-02T02:06:47.346+0000] {logging_mixin.py:190} INFO - [2024-11-02T02:06:47.346+0000] {dag.py:4180} INFO - Setting next_dagrun for example_task_group to None, run_after=None
[2024-11-02T02:06:47.359+0000] {processor.py:208} INFO - Processing /home/airflow/.local/lib/python3.12/site-packages/airflow/example_dags/example_task_group.py took 0.045 seconds
