[2024-11-02T02:04:42.064+0000] {processor.py:186} INFO - Started process (PID=103) to work on /home/airflow/.local/lib/python3.12/site-packages/airflow/example_dags/tutorial.py
[2024-11-02T02:04:42.065+0000] {processor.py:914} INFO - Processing file /home/airflow/.local/lib/python3.12/site-packages/airflow/example_dags/tutorial.py for tasks to queue
[2024-11-02T02:04:42.066+0000] {logging_mixin.py:190} INFO - [2024-11-02T02:04:42.066+0000] {dagbag.py:588} INFO - Filling up the DagBag from /home/airflow/.local/lib/python3.12/site-packages/airflow/example_dags/tutorial.py
[2024-11-02T02:04:42.073+0000] {processor.py:925} INFO - DAG(s) 'tutorial' retrieved from /home/airflow/.local/lib/python3.12/site-packages/airflow/example_dags/tutorial.py
[2024-11-02T02:04:42.089+0000] {logging_mixin.py:190} INFO - [2024-11-02T02:04:42.088+0000] {dag.py:3239} INFO - Sync 1 DAGs
[2024-11-02T02:04:42.107+0000] {logging_mixin.py:190} INFO - [2024-11-02T02:04:42.107+0000] {dag.py:4180} INFO - Setting next_dagrun for tutorial to 2024-11-01 00:00:00+00:00, run_after=2024-11-02 00:00:00+00:00
[2024-11-02T02:04:42.124+0000] {processor.py:208} INFO - Processing /home/airflow/.local/lib/python3.12/site-packages/airflow/example_dags/tutorial.py took 0.064 seconds
[2024-11-02T02:05:37.987+0000] {processor.py:186} INFO - Started process (PID=169) to work on /home/airflow/.local/lib/python3.12/site-packages/airflow/example_dags/tutorial.py
[2024-11-02T02:05:37.990+0000] {processor.py:914} INFO - Processing file /home/airflow/.local/lib/python3.12/site-packages/airflow/example_dags/tutorial.py for tasks to queue
[2024-11-02T02:05:37.996+0000] {logging_mixin.py:190} INFO - [2024-11-02T02:05:37.995+0000] {dagbag.py:588} INFO - Filling up the DagBag from /home/airflow/.local/lib/python3.12/site-packages/airflow/example_dags/tutorial.py
[2024-11-02T02:05:38.033+0000] {processor.py:925} INFO - DAG(s) 'tutorial' retrieved from /home/airflow/.local/lib/python3.12/site-packages/airflow/example_dags/tutorial.py
[2024-11-02T02:05:38.299+0000] {logging_mixin.py:190} INFO - [2024-11-02T02:05:38.287+0000] {dag.py:3239} INFO - Sync 1 DAGs
[2024-11-02T02:05:38.681+0000] {logging_mixin.py:190} INFO - [2024-11-02T02:05:38.663+0000] {dag.py:4180} INFO - Setting next_dagrun for tutorial to 2024-11-01 00:00:00+00:00, run_after=2024-11-02 00:00:00+00:00
[2024-11-02T02:05:39.531+0000] {processor.py:208} INFO - Processing /home/airflow/.local/lib/python3.12/site-packages/airflow/example_dags/tutorial.py took 1.562 seconds
[2024-11-02T02:06:09.834+0000] {processor.py:186} INFO - Started process (PID=234) to work on /home/airflow/.local/lib/python3.12/site-packages/airflow/example_dags/tutorial.py
[2024-11-02T02:06:09.836+0000] {processor.py:914} INFO - Processing file /home/airflow/.local/lib/python3.12/site-packages/airflow/example_dags/tutorial.py for tasks to queue
[2024-11-02T02:06:09.838+0000] {logging_mixin.py:190} INFO - [2024-11-02T02:06:09.838+0000] {dagbag.py:588} INFO - Filling up the DagBag from /home/airflow/.local/lib/python3.12/site-packages/airflow/example_dags/tutorial.py
[2024-11-02T02:06:09.845+0000] {processor.py:925} INFO - DAG(s) 'tutorial' retrieved from /home/airflow/.local/lib/python3.12/site-packages/airflow/example_dags/tutorial.py
[2024-11-02T02:06:09.858+0000] {logging_mixin.py:190} INFO - [2024-11-02T02:06:09.858+0000] {dag.py:3239} INFO - Sync 1 DAGs
[2024-11-02T02:06:09.874+0000] {logging_mixin.py:190} INFO - [2024-11-02T02:06:09.874+0000] {dag.py:4180} INFO - Setting next_dagrun for tutorial to 2024-11-01 00:00:00+00:00, run_after=2024-11-02 00:00:00+00:00
[2024-11-02T02:06:09.886+0000] {processor.py:208} INFO - Processing /home/airflow/.local/lib/python3.12/site-packages/airflow/example_dags/tutorial.py took 0.058 seconds
[2024-11-02T02:06:40.245+0000] {processor.py:186} INFO - Started process (PID=300) to work on /home/airflow/.local/lib/python3.12/site-packages/airflow/example_dags/tutorial.py
[2024-11-02T02:06:40.247+0000] {processor.py:914} INFO - Processing file /home/airflow/.local/lib/python3.12/site-packages/airflow/example_dags/tutorial.py for tasks to queue
[2024-11-02T02:06:40.253+0000] {logging_mixin.py:190} INFO - [2024-11-02T02:06:40.252+0000] {dagbag.py:588} INFO - Filling up the DagBag from /home/airflow/.local/lib/python3.12/site-packages/airflow/example_dags/tutorial.py
[2024-11-02T02:06:40.263+0000] {processor.py:925} INFO - DAG(s) 'tutorial' retrieved from /home/airflow/.local/lib/python3.12/site-packages/airflow/example_dags/tutorial.py
[2024-11-02T02:06:40.282+0000] {logging_mixin.py:190} INFO - [2024-11-02T02:06:40.282+0000] {dag.py:3239} INFO - Sync 1 DAGs
[2024-11-02T02:06:40.301+0000] {logging_mixin.py:190} INFO - [2024-11-02T02:06:40.301+0000] {dag.py:4180} INFO - Setting next_dagrun for tutorial to 2024-11-01 00:00:00+00:00, run_after=2024-11-02 00:00:00+00:00
[2024-11-02T02:06:40.318+0000] {processor.py:208} INFO - Processing /home/airflow/.local/lib/python3.12/site-packages/airflow/example_dags/tutorial.py took 0.083 seconds
